Component: ARM Compiler 5.06 update 7 (build 960) Tool: armlink [4d3601]

==============================================================================

Section Cross References

    main.o(i.PWM_OUT) refers to memcpya.o(.text) for __aeabi_memcpy4
    main.o(i.PWM_OUT) refers to app_pwm.o(i.app_pwm_init) for app_pwm_init
    main.o(i.PWM_OUT) refers to app_error.o(i.app_error_handler_bare) for app_error_handler_bare
    main.o(i.PWM_OUT) refers to app_pwm.o(i.app_pwm_enable) for app_pwm_enable
    main.o(i.PWM_OUT) refers to app_pwm.o(i.app_pwm_channel_duty_set) for app_pwm_channel_duty_set
    main.o(i.PWM_OUT) refers to main.o(.constdata) for .constdata
    main.o(i.PWM_OUT) refers to main.o(i.pwm_ready_callback) for pwm_ready_callback
    main.o(i.adc_sample) refers to nrfx_saadc.o(i.nrfx_saadc_sample_convert) for nrfx_saadc_sample_convert
    main.o(i.adc_sample) refers to dflti.o(.text) for __aeabi_i2d
    main.o(i.adc_sample) refers to dmul.o(.text) for __aeabi_dmul
    main.o(i.adc_sample) refers to dscalb.o(.text) for __ARM_scalbn
    main.o(i.adc_sample) refers to d2f.o(.text) for __aeabi_d2f
    main.o(i.adc_sample) refers to fadd.o(.text) for __aeabi_fadd
    main.o(i.adc_sample) refers to fdiv.o(.text) for __aeabi_fdiv
    main.o(i.adc_sample) refers to f2d.o(.text) for __aeabi_f2d
    main.o(i.adc_sample) refers to printfa.o(i.__0printf) for __2printf
    main.o(i.adc_sample) refers to main.o(i.flash_write) for flash_write
    main.o(i.adc_sample) refers to main.o(i.flash_read) for flash_read
    main.o(i.assert_nrf_callback) refers to app_error_handler_keil.o(.emb_text) for app_error_handler
    main.o(i.bsp_event_handler) refers to bsp.o(i.bsp_indication_set) for bsp_indication_set
    main.o(i.bsp_event_handler) refers to app_error.o(i.app_error_handler_bare) for app_error_handler_bare
    main.o(i.bsp_event_handler) refers to bsp_btn_ble.o(i.bsp_btn_ble_sleep_mode_prepare) for bsp_btn_ble_sleep_mode_prepare
    main.o(i.bsp_event_handler) refers to ble_advertising.o(i.ble_advertising_restart_without_whitelist) for ble_advertising_restart_without_whitelist
    main.o(i.bsp_event_handler) refers to main.o(.data) for .data
    main.o(i.bsp_event_handler) refers to main.o(.bss) for .bss
    main.o(i.flash_init) refers to nrf_fstorage.o(i.nrf_fstorage_init) for nrf_fstorage_init
    main.o(i.flash_init) refers to app_error.o(i.app_error_handler_bare) for app_error_handler_bare
    main.o(i.flash_init) refers to nrf_fstorage.o(i.nrf_fstorage_erase) for nrf_fstorage_erase
    main.o(i.flash_init) refers to nrf_fstorage_sd.o(.constdata) for nrf_fstorage_sd
    main.o(i.flash_init) refers to main.o(fs_data) for fs_data
    main.o(i.flash_init) refers to main.o(.data) for .data
    main.o(i.flash_read) refers to nrf_fstorage.o(i.nrf_fstorage_read) for nrf_fstorage_read
    main.o(i.flash_read) refers to ffltui.o(.text) for __aeabi_ui2f
    main.o(i.flash_read) refers to fdiv.o(.text) for __aeabi_fdiv
    main.o(i.flash_read) refers to f2d.o(.text) for __aeabi_f2d
    main.o(i.flash_read) refers to printfa.o(i.__0printf) for __2printf
    main.o(i.flash_read) refers to main.o(.constdata) for .constdata
    main.o(i.flash_read) refers to main.o(.data) for .data
    main.o(i.flash_read) refers to main.o(fs_data) for fs_data
    main.o(i.flash_test) refers to nrf_fstorage.o(i.nrf_fstorage_write) for nrf_fstorage_write
    main.o(i.flash_test) refers to app_error.o(i.app_error_handler_bare) for app_error_handler_bare
    main.o(i.flash_test) refers to main.o(i.wait_for_flash_ready) for wait_for_flash_ready
    main.o(i.flash_test) refers to printfa.o(i.__0printf) for __2printf
    main.o(i.flash_test) refers to nrf_fstorage.o(i.nrf_fstorage_read) for nrf_fstorage_read
    main.o(i.flash_test) refers to main.o(.data) for .data
    main.o(i.flash_test) refers to main.o(fs_data) for fs_data
    main.o(i.flash_write) refers to fmul.o(.text) for __aeabi_fmul
    main.o(i.flash_write) refers to ffixui.o(.text) for __aeabi_f2uiz
    main.o(i.flash_write) refers to nrf_fstorage.o(i.nrf_fstorage_write) for nrf_fstorage_write
    main.o(i.flash_write) refers to app_error.o(i.app_error_handler_bare) for app_error_handler_bare
    main.o(i.flash_write) refers to main.o(i.wait_for_flash_ready) for wait_for_flash_ready
    main.o(i.flash_write) refers to main.o(.data) for .data
    main.o(i.flash_write) refers to main.o(fs_data) for fs_data
    main.o(i.gatt_evt_handler) refers to nrf_log_frontend.o(i.nrf_log_frontend_std_2) for nrf_log_frontend_std_2
    main.o(i.gatt_evt_handler) refers to main.o(.data) for .data
    main.o(i.gatt_evt_handler) refers to nrf_log_frontend.o(log_const_data) for m_nrf_log_app_logs_data_const
    main.o(i.gatt_init) refers to nrf_ble_gatt.o(i.nrf_ble_gatt_init) for nrf_ble_gatt_init
    main.o(i.gatt_init) refers to app_error.o(i.app_error_handler_bare) for app_error_handler_bare
[...]
    __decompress1                            0x00019c95   Thumb Code    86  __dczerorl2.o(.text)
    GPIOTE_IRQHandler                        0x00019ced   Thumb Code   154  nrfx_gpiote.o(i.GPIOTE_IRQHandler)
    LCD_DLY_ms                               0x00019d91   Thumb Code    28  oled.o(i.LCD_DLY_ms)
    LCD_Fill                                 0x00019db1   Thumb Code    56  oled.o(i.LCD_Fill)
    LCD_Init                                 0x00019de9   Thumb Code   212  oled.o(i.LCD_Init)
    LCD_P8x16Str                             0x00019ebd   Thumb Code   124  oled.o(i.LCD_P8x16Str)
    LCD_Set_Pos                              0x00019f3d   Thumb Code    38  oled.o(i.LCD_Set_Pos)
    LCD_WrCmd                                0x00019f63   Thumb Code    56  oled.o(i.LCD_WrCmd)
    LCD_WrDat                                0x00019f9b   Thumb Code    56  oled.o(i.LCD_WrDat)
    POWER_CLOCK_IRQHandler                   0x00019fd5   Thumb Code    82  nrfx_clock.o(i.POWER_CLOCK_IRQHandler)
    PWM_OUT                                  0x0001a02d   Thumb Code    68  main.o(i.PWM_OUT)
    RTC1_IRQHandler                          0x0001a079   Thumb Code    12  drv_rtc.o(i.RTC1_IRQHandler)
    SAADC_IRQHandler                         0x0001a089   Thumb Code   320  nrfx_saadc.o(i.SAADC_IRQHandler)
    SEGGER_RTT_WriteNoLock                   0x0001a1d1   Thumb Code    86  segger_rtt.o(i.SEGGER_RTT_WriteNoLock)
    SWI2_IRQHandler                          0x0001a22d   Thumb Code     4  nrf_sdh.o(i.SWI2_IRQHandler)
    SystemInit                               0x0001a231   Thumb Code   582  system_nrf52.o(i.SystemInit)
    TIMER0_IRQHandler                        0x0001a4b9   Thumb Code    10  nrfx_timer.o(i.TIMER0_IRQHandler)
    TIMER1_IRQHandler                        0x0001a4cd   Thumb Code    10  nrfx_timer.o(i.TIMER1_IRQHandler)
    TIMER2_IRQHandler                        0x0001a4e1   Thumb Code    10  nrfx_timer.o(i.TIMER2_IRQHandler)
    UARTE0_UART0_IRQHandler                  0x0001a4f5   Thumb Code     6  nrfx_prs.o(i.UARTE0_UART0_IRQHandler)
    __0printf                                0x0001a5b5   Thumb Code    22  printfa.o(i.__0printf)
    __1printf                                0x0001a5b5   Thumb Code     0  printfa.o(i.__0printf)
    __2printf                                0x0001a5b5   Thumb Code     0  printfa.o(i.__0printf)
    __c89printf                              0x0001a5b5   Thumb Code     0  printfa.o(i.__0printf)
    printf                                   0x0001a5b5   Thumb Code     0  printfa.o(i.__0printf)
    __scatterload_copy                       0x0001a5f9   Thumb Code    14  handlers.o(i.__scatterload_copy)
    __scatterload_null                       0x0001a607   Thumb Code     2  handlers.o(i.__scatterload_null)
    __scatterload_zeroinit                   0x0001a609   Thumb Code    14  handlers.o(i.__scatterload_zeroinit)
    adc_sample                               0x0001aec9   Thumb Code   128  main.o(i.adc_sample)
    app_error_fault_handler                  0x0001afcd   Thumb Code    86  app_error_weak.o(i.app_error_fault_handler)
    app_error_handler_bare                   0x0001b051   Thumb Code    22  app_error.o(i.app_error_handler_bare)
    app_fifo_get                             0x0001b067   Thumb Code    22  app_fifo.o(i.app_fifo_get)
    app_fifo_init                            0x0001b07d   Thumb Code    32  app_fifo.o(i.app_fifo_init)
    app_fifo_put                             0x0001b09d   Thumb Code    26  app_fifo.o(i.app_fifo_put)
    app_pwm_busy_check                       0x0001b0b9   Thumb Code    50  app_pwm.o(i.app_pwm_busy_check)
    app_pwm_channel_duty_set                 0x0001b0f5   Thumb Code    20  app_pwm.o(i.app_pwm_channel_duty_set)
    app_pwm_channel_duty_ticks_set           0x0001b109   Thumb Code   114  app_pwm.o(i.app_pwm_channel_duty_ticks_set)
    app_pwm_enable                           0x0001b279   Thumb Code   114  app_pwm.o(i.app_pwm_enable)
    app_pwm_init                             0x0001b2f1   Thumb Code   382  app_pwm.o(i.app_pwm_init)
    app_timer_start                          0x0001b485   Thumb Code    84  app_timer2.o(i.app_timer_start)
    app_timer_stop                           0x0001b4d9   Thumb Code    68  app_timer2.o(i.app_timer_stop)
    app_uart_init                            0x0001b51d   Thumb Code   148  app_uart_fifo.o(i.app_uart_init)
    app_uart_put                             0x0001b5c1   Thumb Code    70  app_uart_fifo.o(i.app_uart_put)
    app_util_critical_region_enter           0x0001b615   Thumb Code    64  app_util_platform.o(i.app_util_critical_region_enter)
    app_util_critical_region_exit            0x0001b65d   Thumb Code    46  app_util_platform.o(i.app_util_critical_region_exit)
    blcm_link_ctx_get                        0x0001b7ad   Thumb Code    72  ble_link_ctx_manager.o(i.blcm_link_ctx_get)
    ble_advdata_parse                        0x0001b7f5   Thumb Code    32  ble_advdata.o(i.ble_advdata_parse)
    ble_advdata_search                       0x0001b815   Thumb Code    70  ble_advdata.o(i.ble_advdata_search)
    ble_advertising_on_ble_evt               0x0001b85b   Thumb Code   106  ble_advertising.o(i.ble_advertising_on_ble_evt)
    ble_advertising_start                    0x0001b8c5   Thumb Code   514  ble_advertising.o(i.ble_advertising_start)
    ble_conn_state_conn_idx                  0x0001bac7   Thumb Code    18  ble_conn_state.o(i.ble_conn_state_conn_idx)
    ble_conn_state_valid                     0x0001bad9   Thumb Code    16  ble_conn_state.o(i.ble_conn_state_valid)
    ble_nus_on_ble_evt                       0x0001bd61   Thumb Code   120  ble_nus.o(i.ble_nus_on_ble_evt)
    ble_srv_is_notification_enabled          0x0001bdd9   Thumb Code     8  ble_srv_common.o(i.ble_srv_is_notification_enabled)
    bsp_event_to_button_action_assign        0x0001bde1   Thumb Code    64  bsp.o(i.bsp_event_to_button_action_assign)
    buffer_is_empty                          0x0001bee9   Thumb Code    18  nrf_log_frontend.o(i.buffer_is_empty)
    conn_handle_list_get                     0x0001bfd1   Thumb Code    62  ble_conn_state.o(i.conn_handle_list_get)
    drv_rtc_counter_get                      0x0001c06d   Thumb Code     8  drv_rtc.o(i.drv_rtc_counter_get)
    drv_rtc_irq_trigger                      0x0001c075   Thumb Code    30  drv_rtc.o(i.drv_rtc_irq_trigger)
    flash_init                               0x0001c18d   Thumb Code    62  main.o(i.flash_init)
    flash_read                               0x0001c1d9   Thumb Code    94  main.o(i.flash_read)
    flash_write                              0x0001c259   Thumb Code    70  main.o(i.flash_write)
    fputc                                    0x0001c2ad   Thumb Code    14  retarget.o(i.fputc)
    log_pending_hook                         0x0001c579   Thumb Code     2  nrf_log_frontend.o(i.log_pending_hook)
    main                                     0x0001c621   Thumb Code   184  main.o(i.main)
    my_timer_event_handler                   0x0001c7a5   Thumb Code     2  main.o(i.my_timer_event_handler)
    nrf_atfifo_clear                         0x0001c8a1   Thumb Code    16  nrf_atfifo.o(i.nrf_atfifo_clear)
    nrf_atfifo_init                          0x0001c8b1   Thumb Code    38  nrf_atfifo.o(i.nrf_atfifo_init)
    nrf_atfifo_item_alloc                    0x0001c8d7   Thumb Code    22  nrf_atfifo.o(i.nrf_atfifo_item_alloc)
    nrf_atfifo_item_free                     0x0001c8ed   Thumb Code    22  nrf_atfifo.o(i.nrf_atfifo_item_free)
    nrf_atfifo_item_get                      0x0001c903   Thumb Code    22  nrf_atfifo.o(i.nrf_atfifo_item_get)
    nrf_atfifo_item_put                      0x0001c919   Thumb Code    22  nrf_atfifo.o(i.nrf_atfifo_item_put)
    nrf_atflags_clear                        0x0001c92f   Thumb Code    22  nrf_atflags.o(i.nrf_atflags_clear)
    nrf_atflags_get                          0x0001c945   Thumb Code    22  nrf_atflags.o(i.nrf_atflags_get)
    nrf_atflags_set                          0x0001c95b   Thumb Code    20  nrf_atflags.o(i.nrf_atflags_set)
    nrf_atomic_flag_clear_fetch              0x0001c96f   Thumb Code     6  nrf_atomic.o(i.nrf_atomic_flag_clear_fetch)
    nrf_atomic_flag_set                      0x0001c975   Thumb Code     6  nrf_atomic.o(i.nrf_atomic_flag_set)
    nrf_atomic_flag_set_fetch                0x0001c97b   Thumb Code     6  nrf_atomic.o(i.nrf_atomic_flag_set_fetch)
    nrf_atomic_u32_add                       0x0001c981   Thumb Code    12  nrf_atomic.o(i.nrf_atomic_u32_add)
    nrf_atomic_u32_and                       0x0001c98d   Thumb Code    12  nrf_atomic.o(i.nrf_atomic_u32_and)
    nrf_atomic_u32_fetch_and                 0x0001c999   Thumb Code    10  nrf_atomic.o(i.nrf_atomic_u32_fetch_and)
    nrf_atomic_u32_fetch_or                  0x0001c9a3   Thumb Code    10  nrf_atomic.o(i.nrf_atomic_u32_fetch_or)
    nrf_atomic_u32_fetch_store               0x0001c9ad   Thumb Code    10  nrf_atomic.o(i.nrf_atomic_u32_fetch_store)
    nrf_atomic_u32_or                        0x0001c9b7   Thumb Code    12  nrf_atomic.o(i.nrf_atomic_u32_or)
    nrf_atomic_u32_sub                       0x0001c9c3   Thumb Code    12  nrf_atomic.o(i.nrf_atomic_u32_sub)
    nrf_balloc_alloc                         0x0001c9cf   Thumb Code    68  nrf_balloc.o(i.nrf_balloc_alloc)
    nrf_balloc_free                          0x0001ca13   Thumb Code    48  nrf_balloc.o(i.nrf_balloc_free)
    nrf_ble_gatt_on_ble_evt                  0x0001ca55   Thumb Code   180  nrf_ble_gatt.o(i.nrf_ble_gatt_on_ble_evt)
    nrf_ble_qwr_on_ble_evt                   0x0001cb49   Thumb Code   182  nrf_ble_qwr.o(i.nrf_ble_qwr_on_ble_evt)
    nrf_drv_clock_init                       0x0001cc1d   Thumb Code    56  nrf_drv_clock.o(i.nrf_drv_clock_init)
    nrf_drv_clock_lfclk_release              0x0001cc5d   Thumb Code    48  nrf_drv_clock.o(i.nrf_drv_clock_lfclk_release)
    nrf_drv_ppi_init                         0x0001cc91   Thumb Code    18  nrf_drv_ppi.o(i.nrf_drv_ppi_init)
    nrf_drv_uart_init                        0x0001cca9   Thumb Code    90  nrf_drv_uart.o(i.nrf_drv_uart_init)
    nrf_fprintf                              0x0001cd51   Thumb Code    26  nrf_fprintf.o(i.nrf_fprintf)
    nrf_fprintf_buffer_flush                 0x0001cd6b   Thumb Code    24  nrf_fprintf.o(i.nrf_fprintf_buffer_flush)
    nrf_fprintf_fmt                          0x0001cd83   Thumb Code   474  nrf_fprintf_format.o(i.nrf_fprintf_fmt)
    nrf_fstorage_erase                       0x0001cf5d   Thumb Code   188  nrf_fstorage.o(i.nrf_fstorage_erase)
    nrf_fstorage_init                        0x0001d095   Thumb Code    74  nrf_fstorage.o(i.nrf_fstorage_init)
    nrf_fstorage_is_busy                     0x0001d129   Thumb Code    70  nrf_fstorage.o(i.nrf_fstorage_is_busy)
    nrf_fstorage_read                        0x0001d179   Thumb Code   198  nrf_fstorage.o(i.nrf_fstorage_read)
    nrf_fstorage_sdh_req_handler             0x0001d2d9   Thumb Code    18  nrf_fstorage_sd.o(i.nrf_fstorage_sdh_req_handler)
    nrf_fstorage_sdh_state_handler           0x0001d2f1   Thumb Code    28  nrf_fstorage_sd.o(i.nrf_fstorage_sdh_state_handler)
    nrf_fstorage_sys_evt_handler             0x0001d311   Thumb Code   154  nrf_fstorage_sd.o(i.nrf_fstorage_sys_evt_handler)
    nrf_fstorage_write                       0x0001d3b5   Thumb Code   242  nrf_fstorage.o(i.nrf_fstorage_write)
    nrf_log_backend_serial_put               0x0001d735   Thumb Code   194  nrf_log_backend_serial.o(i.nrf_log_backend_serial_put)
    nrf_log_color_id_get                     0x0001d7f9   Thumb Code    42  nrf_log_frontend.o(i.nrf_log_color_id_get)
    nrf_log_frontend_dequeue                 0x0001d829   Thumb Code   524  nrf_log_frontend.o(i.nrf_log_frontend_dequeue)
    nrf_log_frontend_std_0                   0x0001da5d   Thumb Code     8  nrf_log_frontend.o(i.nrf_log_frontend_std_0)
    nrf_log_frontend_std_1                   0x0001da65   Thumb Code    14  nrf_log_frontend.o(i.nrf_log_frontend_std_1)
    nrf_log_frontend_std_3                   0x0001da73   Thumb Code    18  nrf_log_frontend.o(i.nrf_log_frontend_std_3)
    nrf_log_hexdump_entry_process            0x0001da85   Thumb Code   150  nrf_log_str_formatter.o(i.nrf_log_hexdump_entry_process)
    nrf_log_module_cnt_get                   0x0001db35   Thumb Code    10  nrf_log_frontend.o(i.nrf_log_module_cnt_get)
    nrf_log_module_name_get                  0x0001db49   Thumb Code    24  nrf_log_frontend.o(i.nrf_log_module_name_get)
    nrf_log_panic                            0x0001db65   Thumb Code    36  nrf_log_frontend.o(i.nrf_log_panic)
    nrf_log_std_entry_process                0x0001db8d   Thumb Code   182  nrf_log_str_formatter.o(i.nrf_log_std_entry_process)
    nrf_memobj_alloc                         0x0001dc43   Thumb Code    96  nrf_memobj.o(i.nrf_memobj_alloc)
    nrf_memobj_free                          0x0001dca3   Thumb Code    50  nrf_memobj.o(i.nrf_memobj_free)
    nrf_memobj_get                           0x0001dcd5   Thumb Code     8  nrf_memobj.o(i.nrf_memobj_get)
    nrf_memobj_put                           0x0001dcdd   Thumb Code    30  nrf_memobj.o(i.nrf_memobj_put)
    nrf_memobj_read                          0x0001dcfb   Thumb Code    16  nrf_memobj.o(i.nrf_memobj_read)
    nrf_memobj_write                         0x0001dd0b   Thumb Code    16  nrf_memobj.o(i.nrf_memobj_write)
    nrf_sdh_disable_request                  0x0001ddc5   Thumb Code    80  nrf_sdh.o(i.nrf_sdh_disable_request)
    nrf_sdh_enable_request                   0x0001de19   Thumb Code   102  nrf_sdh.o(i.nrf_sdh_enable_request)
    nrf_sdh_evts_poll                        0x0001de8d   Thumb Code    32  nrf_sdh.o(i.nrf_sdh_evts_poll)
    nrf_sdh_is_enabled                       0x0001deb1   Thumb Code     6  nrf_sdh.o(i.nrf_sdh_is_enabled)
    nrf_sdh_request_continue                 0x0001debd   Thumb Code    22  nrf_sdh.o(i.nrf_sdh_request_continue)
    nrf_section_iter_init                    0x0001df15   Thumb Code    10  nrf_section_iter.o(i.nrf_section_iter_init)
    nrf_section_iter_next                    0x0001df43   Thumb Code    32  nrf_section_iter.o(i.nrf_section_iter_next)
    nrf_strerror_find                        0x0001df65   Thumb Code    52  nrf_strerror.o(i.nrf_strerror_find)
    nrf_strerror_get                         0x0001df9d   Thumb Code    14  nrf_strerror.o(i.nrf_strerror_get)
    nrfx_clock_enable                        0x0001e005   Thumb Code    34  nrfx_clock.o(i.nrfx_clock_enable)
    nrfx_clock_init                          0x0001e031   Thumb Code    26  nrfx_clock.o(i.nrfx_clock_init)
    nrfx_clock_lfclk_stop                    0x0001e051   Thumb Code    38  nrfx_clock.o(i.nrfx_clock_lfclk_stop)
    nrfx_gpiote_clr_task_addr_get            0x0001e091   Thumb Code    12  nrfx_gpiote.o(i.nrfx_gpiote_clr_task_addr_get)
    nrfx_gpiote_clr_task_get                 0x0001e0a1   Thumb Code    16  nrfx_gpiote.o(i.nrfx_gpiote_clr_task_get)
    nrfx_gpiote_in_event_addr_get            0x0001e0b1   Thumb Code    12  nrfx_gpiote.o(i.nrfx_gpiote_in_event_addr_get)
    nrfx_gpiote_in_event_enable              0x0001e0c1   Thumb Code   152  nrfx_gpiote.o(i.nrfx_gpiote_in_event_enable)
    nrfx_gpiote_in_event_get                 0x0001e161   Thumb Code    34  nrfx_gpiote.o(i.nrfx_gpiote_in_event_get)
    nrfx_gpiote_in_init                      0x0001e185   Thumb Code   190  nrfx_gpiote.o(i.nrfx_gpiote_in_init)
    nrfx_gpiote_init                         0x0001e251   Thumb Code   102  nrfx_gpiote.o(i.nrfx_gpiote_init)
    nrfx_gpiote_is_init                      0x0001e2c5   Thumb Code    14  nrfx_gpiote.o(i.nrfx_gpiote_is_init)
    nrfx_gpiote_out_init                     0x0001e2d9   Thumb Code   176  nrfx_gpiote.o(i.nrfx_gpiote_out_init)
    nrfx_gpiote_out_task_enable              0x0001e395   Thumb Code    28  nrfx_gpiote.o(i.nrfx_gpiote_out_task_enable)
    nrfx_gpiote_out_task_force               0x0001e3b9   Thumb Code    32  nrfx_gpiote.o(i.nrfx_gpiote_out_task_force)
    nrfx_gpiote_out_uninit                   0x0001e3e1   Thumb Code    78  nrfx_gpiote.o(i.nrfx_gpiote_out_uninit)
    nrfx_gpiote_set_task_addr_get            0x0001e439   Thumb Code    12  nrfx_gpiote.o(i.nrfx_gpiote_set_task_addr_get)
    nrfx_gpiote_set_task_get                 0x0001e449   Thumb Code    16  nrfx_gpiote.o(i.nrfx_gpiote_set_task_get)
    nrfx_ppi_channel_alloc                   0x0001e469   Thumb Code   100  nrfx_ppi.o(i.nrfx_ppi_channel_alloc)
    nrfx_ppi_channel_assign                  0x0001e4d5   Thumb Code    62  nrfx_ppi.o(i.nrfx_ppi_channel_assign)
    nrfx_ppi_channel_disable                 0x0001e519   Thumb Code    48  nrfx_ppi.o(i.nrfx_ppi_channel_disable)
    nrfx_ppi_channel_enable                  0x0001e54d   Thumb Code    48  nrfx_ppi.o(i.nrfx_ppi_channel_enable)
    nrfx_ppi_channel_free                    0x0001e581   Thumb Code    56  nrfx_ppi.o(i.nrfx_ppi_channel_free)
    nrfx_prs_acquire                         0x0001e5c1   Thumb Code    58  nrfx_prs.o(i.nrfx_prs_acquire)
    nrfx_saadc_channel_init                  0x0001e5fd   Thumb Code   160  nrfx_saadc.o(i.nrfx_saadc_channel_init)
    nrfx_saadc_init                          0x0001e6a9   Thumb Code   130  nrfx_saadc.o(i.nrfx_saadc_init)
    nrfx_saadc_sample_convert                0x0001e73d   Thumb Code   182  nrfx_saadc.o(i.nrfx_saadc_sample_convert)
    nrfx_timer_capture                       0x0001e7fd   Thumb Code    30  nrfx_timer.o(i.nrfx_timer_capture)
    nrfx_timer_clear                         0x0001e81b   Thumb Code     8  nrfx_timer.o(i.nrfx_timer_clear)
    nrfx_timer_compare                       0x0001e823   Thumb Code    58  nrfx_timer.o(i.nrfx_timer_compare)
    nrfx_timer_compare_int_disable           0x0001e86d   Thumb Code    14  nrfx_timer.o(i.nrfx_timer_compare_int_disable)
    nrfx_timer_compare_int_enable            0x0001e87b   Thumb Code    36  nrfx_timer.o(i.nrfx_timer_compare_int_enable)
    nrfx_timer_disable                       0x0001e8a1   Thumb Code    22  nrfx_timer.o(i.nrfx_timer_disable)
    nrfx_timer_enable                        0x0001e8bd   Thumb Code    24  nrfx_timer.o(i.nrfx_timer_enable)
    nrfx_timer_extended_compare              0x0001e8d9   Thumb Code    42  nrfx_timer.o(i.nrfx_timer_extended_compare)
    nrfx_timer_init                          0x0001e905   Thumb Code   188  nrfx_timer.o(i.nrfx_timer_init)
    nrfx_timer_uninit                        0x0001e9c5   Thumb Code    86  nrfx_timer.o(i.nrfx_timer_uninit)
    nrfx_uart_0_irq_handler                  0x0001ea21   Thumb Code     8  nrfx_uart.o(i.nrfx_uart_0_irq_handler)
    nrfx_uart_init                           0x0001ea31   Thumb Code   200  nrfx_uart.o(i.nrfx_uart_init)
    nrfx_uart_rx                             0x0001eb05   Thumb Code   230  nrfx_uart.o(i.nrfx_uart_rx)
    nrfx_uart_tx                             0x0001ebf1   Thumb Code   162  nrfx_uart.o(i.nrfx_uart_tx)
    nrfx_uart_tx_in_progress                 0x0001ec99   Thumb Code    26  nrfx_uart.o(i.nrfx_uart_tx_in_progress)
    nrfx_uarte_0_irq_handler                 0x0001ecb9   Thumb Code     8  nrfx_uarte.o(i.nrfx_uarte_0_irq_handler)
    nrfx_uarte_init                          0x0001ecc9   Thumb Code   100  nrfx_uarte.o(i.nrfx_uarte_init)
    nrfx_uarte_rx                            0x0001ed35   Thumb Code   256  nrfx_uarte.o(i.nrfx_uarte_rx)
    nrfx_uarte_tx                            0x0001ee39   Thumb Code   166  nrfx_uarte.o(i.nrfx_uarte_tx)
    nrfx_uarte_tx_in_progress                0x0001eee5   Thumb Code    22  nrfx_uarte.o(i.nrfx_uarte_tx_in_progress)
    nvmc_config                              0x0001ef01   Thumb Code    14  system_nrf52.o(i.nvmc_config)
    oled_init                                0x0001ef19   Thumb Code    64  main.o(i.oled_init)
    pwm_ready_callback                       0x0001f489   Thumb Code     8  main.o(i.pwm_ready_callback)
    pwm_ready_tick                           0x0001f495   Thumb Code    82  app_pwm.o(i.pwm_ready_tick)
    saadc_callback                           0x0001f731   Thumb Code     2  main.o(i.saadc_callback)
    saadc_init                               0x0001f735   Thumb Code    44  main.o(i.saadc_init)
    tim2_init                                0x0001f9c5   Thumb Code    70  main.o(i.tim2_init)
    timer0_init                              0x0001fa19   Thumb Code    46  main.o(i.timer0_init)
    timer2_event_handler                     0x0001fa55   Thumb Code    30  main.o(i.timer2_event_handler)
    uart_event_handle                        0x0001fb1d   Thumb Code    18  main.o(i.uart_event_handle)
    wait_for_flash_ready                     0x0001ff85   Thumb Code    20  main.o(i.wait_for_flash_ready)
    timer0                                   0x00020008   Data           8  main.o(.constdata)
    timer2                                   0x00020010   Data           8  main.o(.constdata)
    PWM1                                     0x00020018   Data           8  main.o(.constdata)
    m_pwm_PWM1_timer                         0x00020068   Data           8  main.o(.constdata)
    F6x8                                     0x00020076   Data         552  oled.o(.constdata)
    F8X16                                    0x0002029e   Data        1520  oled.o(.constdata)
    nrf_fstorage_sd                          0x00020ab4   Data          32  nrf_fstorage_sd.o(.constdata)
    nrf_log_backend_rtt_api                  0x00020ad4   Data          12  nrf_log_backend_rtt.o(.constdata)
    m_ram_start                              0x00020b60   Data           4  nrf_sdh_ble.o(.constdata)
    __ctype_table                            0x00020b8c   Data         129  ctype_o.o(.constdata)
    Region$$Table$$Base                      0x00021184   Number         0  anon$$obj.o(Region$$Table)
    Region$$Table$$Limit                     0x000211a4   Number         0  anon$$obj.o(Region$$Table)
    log_const_data$$Base                     0x000211b4   Number         0  nrf_ble_gatt.o(log_const_data)
    m_nrf_log_nrf_ble_gatt_logs_data_const   0x000211b4   Data           8  nrf_ble_gatt.o(log_const_data)
    m_nrf_log_ble_nus_logs_data_const        0x000211bc   Data           8  ble_nus.o(log_const_data)
    m_nrf_log_clock_logs_data_const          0x000211c4   Data           8  nrf_drv_clock.o(log_const_data)
    m_nrf_log_CLOCK_logs_data_const          0x000211cc   Data           8  nrfx_clock.o(log_const_data)
    m_nrf_log_GPIOTE_logs_data_const         0x000211d4   Data           8  nrfx_gpiote.o(log_const_data)
    m_nrf_log_PRS_logs_data_const            0x000211dc   Data           8  nrfx_prs.o(log_const_data)
    m_nrf_log_UART_logs_data_const           0x000211e4   Data           8  nrfx_uart.o(log_const_data)
    m_nrf_log_UARTE_logs_data_const          0x000211ec   Data           8  nrfx_uarte.o(log_const_data)
    m_nrf_log_PPI_logs_data_const            0x000211f4   Data           8  nrfx_ppi.o(log_const_data)
    m_nrf_log_TIMER_logs_data_const          0x000211fc   Data           8  nrfx_timer.o(log_const_data)
    m_nrf_log_SAADC_logs_data_const          0x00021204   Data           8  nrfx_saadc.o(log_const_data)
    m_nrf_log_app_button_logs_data_const     0x0002120c   Data           8  app_button.o(log_const_data)
    m_nrf_log_app_timer_logs_data_const      0x00021214   Data           8  app_timer2.o(log_const_data)
    m_nrf_log_pwr_mgmt_logs_data_const       0x0002121c   Data           8  nrf_pwr_mgmt.o(log_const_data)
    m_nrf_log_sortlist_logs_data_const       0x00021224   Data           8  nrf_sortlist.o(log_const_data)
    m_nrf_log_nrf_fstorage_logs_data_const   0x0002122c   Data           8  nrf_fstorage.o(log_const_data)
    m_nrf_log_app_logs_data_const            0x00021234   Data           8  nrf_log_frontend.o(log_const_data)
    m_nrf_log_nrf_sdh_logs_data_const        0x0002123c   Data           8  nrf_sdh.o(log_const_data)
    m_nrf_log_nrf_sdh_ble_logs_data_const    0x00021244   Data           8  nrf_sdh_ble.o(log_const_data)
    m_nrf_log_nrf_sdh_soc_logs_data_const    0x0002124c   Data           8  nrf_sdh_soc.o(log_const_data)
    log_const_data$$Limit                    0x00021254   Number         0  nrf_sdh_soc.o(log_const_data)
    log_mempool                              0x00021254   Data          20  nrf_log_frontend.o(nrf_balloc)
    sdh_ble_observers0$$Base                 0x00021268   Number         0  ble_conn_state.o(sdh_ble_observers0)
    sdh_ble_observers0$$Limit                0x00021270   Number         0  ble_conn_state.o(sdh_ble_observers0)
    sdh_ble_observers1$$Base                 0x00021270   Number         0  main.o(sdh_ble_observers1)
    sdh_ble_observers1$$Limit                0x00021290   Number         0  ble_conn_params.o(sdh_ble_observers1)
    sdh_ble_observers2$$Base                 0x00021290   Number         0  main.o(sdh_ble_observers2)
    m_req_obs                                0x000212a0   Data           8  nrf_fstorage_sd.o(sdh_req_observers0)
    sdh_ble_observers2$$Limit                0x000212a0   Number         0  main.o(sdh_ble_observers2)
    sdh_req_observers0$$Base                 0x000212a0   Number         0  nrf_fstorage_sd.o(sdh_req_observers0)
    sdh_req_observers0$$Limit                0x000212a8   Number         0  nrf_fstorage_sd.o(sdh_req_observers0)
    sdh_soc_observers0$$Base                 0x000212a8   Number         0  nrf_drv_clock.o(sdh_soc_observers0)
    sdh_soc_observers0$$Limit                0x000212b8   Number         0  nrf_fstorage_sd.o(sdh_soc_observers0)
    sdh_stack_observers0$$Base               0x000212b8   Number         0  nrf_sdh_ble.o(sdh_stack_observers0)
    sdh_stack_observers0$$Limit              0x000212c8   Number         0  nrf_sdh_soc.o(sdh_stack_observers0)
    sdh_state_observers0$$Base               0x000212c8   Number         0  nrf_drv_clock.o(sdh_state_observers0)
    sdh_state_observers0$$Limit              0x000212d8   Number         0  nrf_fstorage_sd.o(sdh_state_observers0)
    Image$$RW_IRAM1$$Base                    0x200022c8   Number         0  anon$$obj.o ABSOLUTE
    my_ppi_channel                           0x200022ec   Data           1  main.o(.data)
    nrf_drv_uart_use_easy_dma                0x20002318   Data           1  nrf_drv_uart.o(.data)
    __stdout                                 0x2000238c   Data           4  retarget.o(.data)
    m_pwm_ready_counter                      0x20002394   Data           6  app_pwm.o(.data)
    SystemCoreClock                          0x20002408   Data           4  system_nrf52.o(.data)
    fs_data$$Base                            0x2000240c   Number         0  main.o(fs_data)
    fstorage                                 0x2000240c   Data          20  main.o(fs_data)
    fs_data$$Limit                           0x20002420   Number         0  main.o(fs_data)
    m_pwm_PWM1_cb                            0x20002734   Data          36  main.o(.bss)
    nrf_nvic_state                           0x20002978   Data          12  app_util_platform.o(.bss)
    _SEGGER_RTT                              0x20002f6c   Data         120  segger_rtt.o(.bss)
    __initial_sp                             0x200039f8   Data           0  arm_startup_nrf52810.o(STACK)



==============================================================================

Memory Map of the image

  Image Entry point : 0x00019201

  Load Region LR_IROM1 (Base: 0x00019000, Size: 0x00008430, Max: 0x00017000, ABSOLUTE, COMPRESSED[0x0000833c])

    Execution Region ER_IROM1 (Exec base: 0x00019000, Load base: 0x00019000, Size: 0x000082d8, Max: 0x00017000, ABSOLUTE)

    Exec Addr    Load Addr    Size         Type   Attr      Idx    E Section Name        Object

    0x00019000   0x00019000   0x00000200   Data   RO         6431    RESET               arm_startup_nrf52810.o
    0x00019200   0x00019200   0x00000000   Code   RO         6528  * .ARM.Collect$$$$00000000  mc_w.l(entry.o)
    0x00019200   0x00019200   0x00000004   Code   RO         6858    .ARM.Collect$$$$00000001  mc_w.l(entry2.o)
    0x00019204   0x00019204   0x00000004   Code   RO         6861    .ARM.Collect$$$$00000004  mc_w.l(entry5.o)
    0x00019208   0x00019208   0x00000000   Code   RO         6863    .ARM.Collect$$$$00000008  mc_w.l(entry7b.o)
    0x00019208   0x00019208   0x00000000   Code   RO         6865    .ARM.Collect$$$$0000000A  mc_w.l(entry8b.o)
    0x00019208   0x00019208   0x00000008   Code   RO         6866    .ARM.Collect$$$$0000000B  mc_w.l(entry9a.o)
    0x00019210   0x00019210   0x00000004   Code   RO         6873    .ARM.Collect$$$$0000000E  mc_w.l(entry12b.o)
    0x00019214   0x00019214   0x00000000   Code   RO         6868    .ARM.Collect$$$$0000000F  mc_w.l(entry10a.o)
    0x00019214   0x00019214   0x00000000   Code   RO         6870    .ARM.Collect$$$$00000011  mc_w.l(entry11a.o)
    0x00019214   0x00019214   0x00000004   Code   RO         6859    .ARM.Collect$$$$00002712  mc_w.l(entry2.o)
    0x00019218   0x00019218   0x000000c8   Code   RO         4483    .emb_text           nrf_atfifo.o
    0x000192e0   0x000192e0   0x000000e2   Code   RO         4619    .emb_text           nrf_atomic.o
    0x000193c2   0x000193c2   0x00000002   PAD
    0x000193c4   0x000193c4   0x00000054   Code   RO         6432    .text               arm_startup_nrf52810.o
    0x00019418   0x00019418   0x00000062   Code   RO         6531    .text               mc_w.l(uldiv.o)
    0x0001947a   0x0001947a   0x0000001e   Code   RO         6533    .text               mc_w.l(llshl.o)
    0x00019498   0x00019498   0x00000020   Code   RO         6535    .text               mc_w.l(llushr.o)
    0x000194b8   0x000194b8   0x00000008   Code   RO         6537    .text               mc_w.l(ctype_o.o)
    0x000194c0   0x000194c0   0x00000024   Code   RO         6565    .text               mc_w.l(memcpya.o)
    0x000194e4   0x000194e4   0x00000024   Code   RO         6567    .text               mc_w.l(memseta.o)
    0x00019508   0x00019508   0x0000000e   Code   RO         6569    .text               mc_w.l(strlen.o)
    0x00019516   0x00019516   0x000000b0   Code   RO         6838    .text               mf_w.l(fadd.o)
    0x000195c6   0x000195c6   0x00000064   Code   RO         6840    .text               mf_w.l(fmul.o)
    0x0001962a   0x0001962a   0x0000007c   Code   RO         6842    .text               mf_w.l(fdiv.o)
    0x000196a6   0x000196a6   0x000000e4   Code   RO         6844    .text               mf_w.l(dmul.o)
    0x0001978a   0x0001978a   0x0000002e   Code   RO         6846    .text               mf_w.l(dscalb.o)
    0x000197b8   0x000197b8   0x0000000a   Code   RO         6848    .text               mf_w.l(ffltui.o)
    0x000197c2   0x000197c2   0x00000022   Code   RO         6850    .text               mf_w.l(dflti.o)
    0x000197e4   0x000197e4   0x00000028   Code   RO         6852    .text               mf_w.l(ffixui.o)
    0x0001980c   0x0001980c   0x00000026   Code   RO         6854    .text               mf_w.l(f2d.o)
    0x00019832   0x00019832   0x00000038   Code   RO         6856    .text               mf_w.l(d2f.o)
    0x0001986a   0x0001986a   0x0000002c   Code   RO         6874    .text               mc_w.l(uidiv.o)
    0x00019896   0x00019896   0x00000000   Code   RO         6876    .text               mc_w.l(iusefp.o)
    0x00019896   0x00019896   0x0000006e   Code   RO         6877    .text               mf_w.l(fepilogue.o)
    0x00019904   0x00019904   0x000000ba   Code   RO         6879    .text               mf_w.l(depilogue.o)
    0x000199be   0x000199be   0x0000014e   Code   RO         6881    .text               mf_w.l(dadd.o)
    0x00019b0c   0x00019b0c   0x000000de   Code   RO         6883    .text               mf_w.l(ddiv.o)
    0x00019bea   0x00019bea   0x00000030   Code   RO         6885    .text               mf_w.l(dfixul.o)
    0x00019c1a   0x00019c1a   0x00000002   PAD
    0x00019c1c   0x00019c1c   0x00000030   Code   RO         6887    .text               mf_w.l(cdrcmple.o)
    0x00019c4c   0x00019c4c   0x00000024   Code   RO         6889    .text               mc_w.l(init.o)
    0x00019c70   0x00019c70   0x00000024   Code   RO         6891    .text               mc_w.l(llsshr.o)
    0x00019c94   0x00019c94   0x00000056   Code   RO         6901    .text               mc_w.l(__dczerorl2.o)
    0x00019cea   0x00019cea   0x00000002   PAD
    0x00019cec   0x00019cec   0x000000a4   Code   RO         2429    i.GPIOTE_IRQHandler  nrfx_gpiote.o
    0x00019d90   0x00019d90   0x00000020   Code   RO          541    i.LCD_DLY_ms        oled.o
    0x00019db0   0x00019db0   0x00000038   Code   RO          542    i.LCD_Fill          oled.o
    0x00019de8   0x00019de8   0x000000d4   Code   RO          543    i.LCD_Init          oled.o
    0x00019ebc   0x00019ebc   0x00000080   Code   RO          546    i.LCD_P8x16Str      oled.o
    0x00019f3c   0x00019f3c   0x00000026   Code   RO          547    i.LCD_Set_Pos       oled.o
    0x00019f62   0x00019f62   0x00000038   Code   RO          548    i.LCD_WrCmd         oled.o
    0x00019f9a   0x00019f9a   0x00000038   Code   RO          549    i.LCD_WrDat         oled.o
    0x00019fd2   0x00019fd2   0x00000002   PAD
    0x00019fd4   0x00019fd4   0x00000058   Code   RO         2290    i.POWER_CLOCK_IRQHandler  nrfx_clock.o
    0x0001a02c   0x0001a02c   0x0000004c   Code   RO            4    i.PWM_OUT           main.o
    0x0001a078   0x0001a078   0x00000010   Code   RO         4272    i.RTC1_IRQHandler   drv_rtc.o
    0x0001a088   0x0001a088   0x00000148   Code   RO         3435    i.SAADC_IRQHandler  nrfx_saadc.o
    0x0001a1d0   0x0001a1d0   0x0000005c   Code   RO         5985    i.SEGGER_RTT_WriteNoLock  segger_rtt.o
    0x0001a22c   0x0001a22c   0x00000004   Code   RO         6222    i.SWI2_IRQHandler   nrf_sdh.o
    0x0001a230   0x0001a230   0x00000288   Code   RO         6440    i.SystemInit        system_nrf52.o
    0x0001a4b8   0x0001a4b8   0x00000014   Code   RO         3289    i.TIMER0_IRQHandler  nrfx_timer.o
    0x0001a4cc   0x0001a4cc   0x00000014   Code   RO         3290    i.TIMER1_IRQHandler  nrfx_timer.o
    0x0001a4e0   0x0001a4e0   0x00000014   Code   RO         3291    i.TIMER2_IRQHandler  nrfx_timer.o
    0x0001a4f4   0x0001a4f4   0x0000000c   Code   RO         2734    i.UARTE0_UART0_IRQHandler  nrfx_prs.o
    0x0001a500   0x0001a500   0x00000016   Code   RO         5990    i._GetAvailWriteSpace  segger_rtt.o
    0x0001a516   0x0001a516   0x0000005a   Code   RO         5992    i._WriteBlocking    segger_rtt.o
    0x0001a570   0x0001a570   0x00000042   Code   RO         5993    i._WriteNoCheck     segger_rtt.o
    0x0001a5b2   0x0001a5b2   0x00000002   PAD
    0x0001a5b4   0x0001a5b4   0x00000020   Code   RO         6810    i.__0printf         mc_w.l(printfa.o)
    0x0001a5d4   0x0001a5d4   0x00000024   Code   RO         6441    i.__NVIC_SystemReset  system_nrf52.o
    0x0001a5f8   0x0001a5f8   0x0000000e   Code   RO         6895    i.__scatterload_copy  mc_w.l(handlers.o)
    0x0001a606   0x0001a606   0x00000002   Code   RO         6896    i.__scatterload_null  mc_w.l(handlers.o)
    0x0001a608   0x0001a608   0x0000000e   Code   RO         6897    i.__scatterload_zeroinit  mc_w.l(handlers.o)
    0x0001a616   0x0001a616   0x00000002   PAD
    0x0001a618   0x0001a618   0x00000024   Code   RO         6223    i.__sd_nvic_app_accessible_irq  nrf_sdh.o
    0x0001a63c   0x0001a63c   0x00000184   Code   RO         6817    i._fp_digits        mc_w.l(printfa.o)
    0x0001a7c0   0x0001a7c0   0x000006b4   Code   RO         6818    i._printf_core      mc_w.l(printfa.o)
    0x0001ae74   0x0001ae74   0x00000024   Code   RO         6819    i._printf_post_padding  mc_w.l(printfa.o)
    0x0001ae98   0x0001ae98   0x0000002e   Code   RO         6820    i._printf_pre_padding  mc_w.l(printfa.o)
    0x0001aec6   0x0001aec6   0x00000002   PAD
    0x0001aec8   0x0001aec8   0x00000098   Code   RO            5    i.adc_sample        main.o
    0x0001af60   0x0001af60   0x0000000c   Code   RO         5378    i.addr_is_aligned32  nrf_fstorage.o
    0x0001af6c   0x0001af6c   0x00000018   Code   RO         5379    i.addr_is_within_bounds  nrf_fstorage.o
    0x0001af84   0x0001af84   0x00000046   Code   RO          981    i.advertising_buttons_configure  bsp_btn_ble.o
    0x0001afca   0x0001afca   0x00000002   PAD
    0x0001afcc   0x0001afcc   0x00000084   Code   RO         3787    i.app_error_fault_handler  app_error_weak.o
    0x0001b050   0x0001b050   0x00000016   Code   RO         3727    i.app_error_handler_bare  app_error.o
    0x0001b066   0x0001b066   0x00000016   Code   RO         3847    i.app_fifo_get      app_fifo.o
    0x0001b07c   0x0001b07c   0x00000020   Code   RO         3848    i.app_fifo_init     app_fifo.o
    0x0001b09c   0x0001b09c   0x0000001a   Code   RO         3850    i.app_fifo_put      app_fifo.o
    0x0001b0b6   0x0001b0b6   0x00000002   PAD
    0x0001b0b8   0x0001b0b8   0x0000003c   Code   RO         5243    i.app_pwm_busy_check  app_pwm.o
    0x0001b0f4   0x0001b0f4   0x00000014   Code   RO         5245    i.app_pwm_channel_duty_set  app_pwm.o
    0x0001b108   0x0001b108   0x00000078   Code   RO         5247    i.app_pwm_channel_duty_ticks_set  app_pwm.o
    0x0001b180   0x0001b180   0x000000f8   Code   RO         5248    i.app_pwm_channel_init  app_pwm.o
    0x0001b278   0x0001b278   0x00000078   Code   RO         5251    i.app_pwm_enable    app_pwm.o
    0x0001b2f0   0x0001b2f0   0x00000194   Code   RO         5252    i.app_pwm_init      app_pwm.o
    0x0001b484   0x0001b484   0x00000054   Code   RO         3976    i.app_timer_start   app_timer2.o
    0x0001b4d8   0x0001b4d8   0x00000044   Code   RO         3977    i.app_timer_stop    app_timer2.o
    0x0001b51c   0x0001b51c   0x000000a4   Code   RO         4115    i.app_uart_init     app_uart_fifo.o
    0x0001b5c0   0x0001b5c0   0x00000054   Code   RO         4116    i.app_uart_put      app_uart_fifo.o
    0x0001b614   0x0001b614   0x00000048   Code   RO         4192    i.app_util_critical_region_enter  app_util_platform.o
    0x0001b65c   0x0001b65c   0x00000034   Code   RO         4193    i.app_util_critical_region_exit  app_util_platform.o
    0x0001b690   0x0001b690   0x00000088   Code   RO         2788    i.apply_config      nrfx_uart.o
    0x0001b718   0x0001b718   0x00000088   Code   RO         2976    i.apply_config      nrfx_uarte.o
    0x0001b7a0   0x0001b7a0   0x0000000c   Code   RO         3136    i.are_app_channels  nrfx_ppi.o
    0x0001b7ac   0x0001b7ac   0x00000048   Code   RO         1615    i.blcm_link_ctx_get  ble_link_ctx_manager.o
    0x0001b7f4   0x0001b7f4   0x00000020   Code   RO         1129    i.ble_advdata_parse  ble_advdata.o
    0x0001b814   0x0001b814   0x00000046   Code   RO         1130    i.ble_advdata_search  ble_advdata.o
    0x0001b85a   0x0001b85a   0x0000006a   Code   RO         1250    i.ble_advertising_on_ble_evt  ble_advertising.o
    0x0001b8c4   0x0001b8c4   0x00000202   Code   RO         1253    i.ble_advertising_start  ble_advertising.o
    0x0001bac6   0x0001bac6   0x00000012   Code   RO         1447    i.ble_conn_state_conn_idx  ble_conn_state.o
    0x0001bad8   0x0001bad8   0x00000014   Code   RO         1461    i.ble_conn_state_valid  ble_conn_state.o
    0x0001baec   0x0001baec   0x00000070   Code   RO          982    i.ble_evt_handler   bsp_btn_ble.o
    0x0001bb5c   0x0001bb5c   0x000000fc   Code   RO         1365    i.ble_evt_handler   ble_conn_params.o
    0x0001bc58   0x0001bc58   0x00000108   Code   RO         1462    i.ble_evt_handler   ble_conn_state.o
    0x0001bd60   0x0001bd60   0x00000078   Code   RO         1880    i.ble_nus_on_ble_evt  ble_nus.o
    0x0001bdd8   0x0001bdd8   0x00000008   Code   RO         1644    i.ble_srv_is_notification_enabled  ble_srv_common.o
    0x0001bde0   0x0001bde0   0x00000044   Code   RO          850    i.bsp_event_to_button_action_assign  bsp.o
    0x0001be24   0x0001be24   0x00000094   Code   RO         5719    i.buf_prealloc      nrf_log_frontend.o
    0x0001beb8   0x0001beb8   0x0000002e   Code   RO         4831    i.buffer_add        nrf_fprintf_format.o
    0x0001bee6   0x0001bee6   0x00000002   PAD
    0x0001bee8   0x0001bee8   0x00000018   Code   RO         5720    i.buffer_is_empty   nrf_log_frontend.o
    0x0001bf00   0x0001bf00   0x0000001c   Code   RO         2430    i.channel_free      nrfx_gpiote.o
    0x0001bf1c   0x0001bf1c   0x00000048   Code   RO         2431    i.channel_port_alloc  nrfx_gpiote.o
    0x0001bf64   0x0001bf64   0x00000010   Code   RO         2432    i.channel_port_get  nrfx_gpiote.o
    0x0001bf74   0x0001bf74   0x00000028   Code   RO         1939    i.clock_clk_started_notify  nrf_drv_clock.o
    0x0001bf9c   0x0001bf9c   0x0000001c   Code   RO         1940    i.clock_irq_handler  nrf_drv_clock.o
    0x0001bfb8   0x0001bfb8   0x00000018   Code   RO         3979    i.compare_func      app_timer2.o
    0x0001bfd0   0x0001bfd0   0x0000003e   Code   RO         1463    i.conn_handle_list_get  ble_conn_state.o
    0x0001c00e   0x0001c00e   0x00000002   PAD
    0x0001c010   0x0001c010   0x00000048   Code   RO         1366    i.conn_params_negotiation  ble_conn_params.o
    0x0001c058   0x0001c058   0x00000014   Code   RO         5721    i.dropped_sat16_get  nrf_log_frontend.o
    0x0001c06c   0x0001c06c   0x00000008   Code   RO         4278    i.drv_rtc_counter_get  drv_rtc.o
    0x0001c074   0x0001c074   0x0000001e   Code   RO         4280    i.drv_rtc_irq_trigger  drv_rtc.o
    0x0001c092   0x0001c092   0x00000002   PAD
    0x0001c094   0x0001c094   0x0000004c   Code   RO         5468    i.erase             nrf_fstorage_sd.o
    0x0001c0e0   0x0001c0e0   0x00000054   Code   RO         5469    i.event_send        nrf_fstorage_sd.o
    0x0001c134   0x0001c134   0x00000014   Code   RO         3853    i.fifo_get          app_fifo.o
    0x0001c148   0x0001c148   0x00000012   Code   RO         3854    i.fifo_put          app_fifo.o
    0x0001c15a   0x0001c15a   0x0000000a   Code   RO         1464    i.flag_toggle       ble_conn_state.o
    0x0001c164   0x0001c164   0x00000028   Code   RO         1255    i.flags_set         ble_advertising.o
    0x0001c18c   0x0001c18c   0x0000004c   Code   RO            8    i.flash_init        main.o
    0x0001c1d8   0x0001c1d8   0x00000080   Code   RO            9    i.flash_read        main.o
    0x0001c258   0x0001c258   0x00000054   Code   RO           11    i.flash_write       main.o
    0x0001c2ac   0x0001c2ac   0x0000000e   Code   RO         5206    i.fputc             retarget.o
    0x0001c2ba   0x0001c2ba   0x00000002   Code   RO           12    i.fstorage_evt_handler  main.o
    0x0001c2bc   0x0001c2bc   0x00000034   Code   RO         3980    i.get_now           app_timer2.o
    0x0001c2f0   0x0001c2f0   0x00000034   Code   RO         5470    i.init              nrf_fstorage_sd.o
    0x0001c324   0x0001c324   0x00000014   Code   RO         1367    i.instance_get      ble_conn_params.o
    0x0001c338   0x0001c338   0x000000a6   Code   RO         4832    i.int_print         nrf_fprintf_format.o
    0x0001c3de   0x0001c3de   0x00000002   PAD
    0x0001c3e0   0x0001c3e0   0x00000088   Code   RO         2977    i.interrupts_enable  nrfx_uarte.o
    0x0001c468   0x0001c468   0x00000034   Code   RO         5722    i.invalid_packets_omit  nrf_log_frontend.o
    0x0001c49c   0x0001c49c   0x00000046   Code   RO         3292    i.irq_handler       nrfx_timer.o
    0x0001c4e2   0x0001c4e2   0x00000002   PAD
    0x0001c4e4   0x0001c4e4   0x00000018   Code   RO         3137    i.is_allocated_channel  nrfx_ppi.o
    0x0001c4fc   0x0001c4fc   0x0000000a   Code   RO         3139    i.is_app_channel    nrfx_ppi.o
    0x0001c506   0x0001c506   0x00000002   PAD
    0x0001c508   0x0001c508   0x00000010   Code   RO         5471    i.is_busy           nrf_fstorage_sd.o
    0x0001c518   0x0001c518   0x00000044   Code   RO         1368    i.is_conn_params_ok  ble_conn_params.o
    0x0001c55c   0x0001c55c   0x0000000c   Code   RO         3141    i.is_programmable_app_channel  nrfx_ppi.o
    0x0001c568   0x0001c568   0x00000010   Code   RO         1759    i.link_init         nrf_ble_gatt.o
    0x0001c578   0x0001c578   0x00000002   Code   RO         5723    i.log_pending_hook  nrf_log_frontend.o
    0x0001c57a   0x0001c57a   0x00000002   PAD
    0x0001c57c   0x0001c57c   0x000000a4   Code   RO         5724    i.log_skip          nrf_log_frontend.o
    0x0001c620   0x0001c620   0x000000d4   Code   RO           15    i.main              main.o
    0x0001c6f4   0x0001c6f4   0x0000007e   Code   RO         4871    i.memobj_op         nrf_memobj.o
    0x0001c772   0x0001c772   0x00000002   PAD
    0x0001c774   0x0001c774   0x00000030   Code   RO         5725    i.module_idx_get    nrf_log_frontend.o
    0x0001c7a4   0x0001c7a4   0x00000002   Code   RO           16    i.my_timer_event_handler  main.o
    0x0001c7a6   0x0001c7a6   0x00000002   PAD
    0x0001c7a8   0x0001c7a8   0x0000003c   Code   RO         6442    i.nrf52_errata_136  system_nrf52.o
    0x0001c7e4   0x0001c7e4   0x0000003c   Code   RO         6443    i.nrf52_errata_31   system_nrf52.o
    0x0001c820   0x0001c820   0x0000003c   Code   RO         6444    i.nrf52_errata_36   system_nrf52.o
    0x0001c85c   0x0001c85c   0x00000044   Code   RO         6445    i.nrf52_errata_66   system_nrf52.o
    0x0001c8a0   0x0001c8a0   0x00000010   Code   RO         4485    i.nrf_atfifo_clear  nrf_atfifo.o
    0x0001c8b0   0x0001c8b0   0x00000026   Code   RO         4487    i.nrf_atfifo_init   nrf_atfifo.o
    0x0001c8d6   0x0001c8d6   0x00000016   Code   RO         4488    i.nrf_atfifo_item_alloc  nrf_atfifo.o
    0x0001c8ec   0x0001c8ec   0x00000016   Code   RO         4489    i.nrf_atfifo_item_free  nrf_atfifo.o
    0x0001c902   0x0001c902   0x00000016   Code   RO         4490    i.nrf_atfifo_item_get  nrf_atfifo.o
    0x0001c918   0x0001c918   0x00000016   Code   RO         4491    i.nrf_atfifo_item_put  nrf_atfifo.o
    0x0001c92e   0x0001c92e   0x00000016   Code   RO         4553    i.nrf_atflags_clear  nrf_atflags.o
    0x0001c944   0x0001c944   0x00000016   Code   RO         4558    i.nrf_atflags_get   nrf_atflags.o
    0x0001c95a   0x0001c95a   0x00000014   Code   RO         4560    i.nrf_atflags_set   nrf_atflags.o
    0x0001c96e   0x0001c96e   0x00000006   Code   RO         4621    i.nrf_atomic_flag_clear_fetch  nrf_atomic.o
    0x0001c974   0x0001c974   0x00000006   Code   RO         4622    i.nrf_atomic_flag_set  nrf_atomic.o
    0x0001c97a   0x0001c97a   0x00000006   Code   RO         4623    i.nrf_atomic_flag_set_fetch  nrf_atomic.o
    0x0001c980   0x0001c980   0x0000000c   Code   RO         4624    i.nrf_atomic_u32_add  nrf_atomic.o
    0x0001c98c   0x0001c98c   0x0000000c   Code   RO         4625    i.nrf_atomic_u32_and  nrf_atomic.o
    0x0001c998   0x0001c998   0x0000000a   Code   RO         4628    i.nrf_atomic_u32_fetch_and  nrf_atomic.o
    0x0001c9a2   0x0001c9a2   0x0000000a   Code   RO         4629    i.nrf_atomic_u32_fetch_or  nrf_atomic.o
    0x0001c9ac   0x0001c9ac   0x0000000a   Code   RO         4630    i.nrf_atomic_u32_fetch_store  nrf_atomic.o
    0x0001c9b6   0x0001c9b6   0x0000000c   Code   RO         4634    i.nrf_atomic_u32_or  nrf_atomic.o
    0x0001c9c2   0x0001c9c2   0x0000000c   Code   RO         4636    i.nrf_atomic_u32_sub  nrf_atomic.o
    0x0001c9ce   0x0001c9ce   0x00000044   Code   RO         4755    i.nrf_balloc_alloc  nrf_balloc.o
    0x0001ca12   0x0001ca12   0x00000030   Code   RO         4756    i.nrf_balloc_free   nrf_balloc.o
    0x0001ca42   0x0001ca42   0x00000010   Code   RO         2433    i.nrf_bitmask_bit_is_set  nrfx_gpiote.o
    0x0001ca52   0x0001ca52   0x00000002   PAD
    0x0001ca54   0x0001ca54   0x000000f4   Code   RO         1764    i.nrf_ble_gatt_on_ble_evt  nrf_ble_gatt.o
    0x0001cb48   0x0001cb48   0x000000b6   Code   RO         1836    i.nrf_ble_qwr_on_ble_evt  nrf_ble_qwr.o
    0x0001cbfe   0x0001cbfe   0x0000000e   Code   RO         2291    i.nrf_clock_event_check  nrfx_clock.o
    0x0001cc0c   0x0001cc0c   0x00000010   Code   RO         2292    i.nrf_clock_event_clear  nrfx_clock.o
    0x0001cc1c   0x0001cc1c   0x00000040   Code   RO         1947    i.nrf_drv_clock_init  nrf_drv_clock.o
    0x0001cc5c   0x0001cc5c   0x00000034   Code   RO         1951    i.nrf_drv_clock_lfclk_release  nrf_drv_clock.o
    0x0001cc90   0x0001cc90   0x00000018   Code   RO         3587    i.nrf_drv_ppi_init  nrf_drv_ppi.o
    0x0001cca8   0x0001cca8   0x00000068   Code   RO         2099    i.nrf_drv_uart_init  nrf_drv_uart.o
    0x0001cd10   0x0001cd10   0x00000020   Code   RO         4117    i.nrf_drv_uart_rx   app_uart_fifo.o
    0x0001cd30   0x0001cd30   0x00000020   Code   RO         4118    i.nrf_drv_uart_tx   app_uart_fifo.o
    0x0001cd50   0x0001cd50   0x0000001a   Code   RO         4792    i.nrf_fprintf       nrf_fprintf.o
    0x0001cd6a   0x0001cd6a   0x00000018   Code   RO         4793    i.nrf_fprintf_buffer_flush  nrf_fprintf.o
    0x0001cd82   0x0001cd82   0x000001da   Code   RO         4833    i.nrf_fprintf_fmt   nrf_fprintf_format.o
    0x0001cf5c   0x0001cf5c   0x00000138   Code   RO         5380    i.nrf_fstorage_erase  nrf_fstorage.o
    0x0001d094   0x0001d094   0x00000094   Code   RO         5381    i.nrf_fstorage_init  nrf_fstorage.o
    0x0001d128   0x0001d128   0x00000050   Code   RO         5382    i.nrf_fstorage_is_busy  nrf_fstorage.o
    0x0001d178   0x0001d178   0x00000160   Code   RO         5383    i.nrf_fstorage_read  nrf_fstorage.o
    0x0001d2d8   0x0001d2d8   0x00000018   Code   RO         5472    i.nrf_fstorage_sdh_req_handler  nrf_fstorage_sd.o
    0x0001d2f0   0x0001d2f0   0x00000020   Code   RO         5473    i.nrf_fstorage_sdh_state_handler  nrf_fstorage_sd.o
    0x0001d310   0x0001d310   0x000000a4   Code   RO         5474    i.nrf_fstorage_sys_evt_handler  nrf_fstorage_sd.o
    0x0001d3b4   0x0001d3b4   0x000001dc   Code   RO         5387    i.nrf_fstorage_write  nrf_fstorage.o
    0x0001d590   0x0001d590   0x00000024   Code   RO         2434    i.nrf_gpio_cfg      nrfx_gpiote.o
    0x0001d5b4   0x0001d5b4   0x00000024   Code   RO         2789    i.nrf_gpio_cfg      nrfx_uart.o
    0x0001d5d8   0x0001d5d8   0x00000024   Code   RO         2978    i.nrf_gpio_cfg      nrfx_uarte.o
    0x0001d5fc   0x0001d5fc   0x00000012   Code   RO         2435    i.nrf_gpio_cfg_default  nrfx_gpiote.o
    0x0001d60e   0x0001d60e   0x00000012   Code   RO         2791    i.nrf_gpio_cfg_input  nrfx_uart.o
    0x0001d620   0x0001d620   0x00000012   Code   RO         2980    i.nrf_gpio_cfg_input  nrfx_uarte.o
    0x0001d632   0x0001d632   0x00000010   Code   RO           17    i.nrf_gpio_cfg_output  main.o
    0x0001d642   0x0001d642   0x00000014   Code   RO         2792    i.nrf_gpio_cfg_output  nrfx_uart.o
    0x0001d656   0x0001d656   0x00000014   Code   RO         2981    i.nrf_gpio_cfg_output  nrfx_uarte.o
    0x0001d66a   0x0001d66a   0x00000022   Code   RO         2436    i.nrf_gpio_cfg_sense_set  nrfx_gpiote.o
    0x0001d68c   0x0001d68c   0x0000002c   Code   RO         2437    i.nrf_gpio_latches_read_and_clear  nrfx_gpiote.o
    0x0001d6b8   0x0001d6b8   0x0000000e   Code   RO          550    i.nrf_gpio_pin_clear  oled.o
    0x0001d6c6   0x0001d6c6   0x0000001e   Code   RO         2438    i.nrf_gpio_pin_present_check  nrfx_gpiote.o
    0x0001d6e4   0x0001d6e4   0x0000000e   Code   RO          551    i.nrf_gpio_pin_set  oled.o
    0x0001d6f2   0x0001d6f2   0x00000002   PAD
    0x0001d6f4   0x0001d6f4   0x00000014   Code   RO         2439    i.nrf_gpiote_event_clear  nrfx_gpiote.o
    0x0001d708   0x0001d708   0x00000010   Code   RO         2440    i.nrf_gpiote_event_is_set  nrfx_gpiote.o
    0x0001d718   0x0001d718   0x00000002   Code   RO         5580    i.nrf_log_backend_rtt_flush  nrf_log_backend_rtt.o
    0x0001d71a   0x0001d71a   0x00000002   Code   RO         5582    i.nrf_log_backend_rtt_panic_set  nrf_log_backend_rtt.o
    0x0001d71c   0x0001d71c   0x00000018   Code   RO         5583    i.nrf_log_backend_rtt_put  nrf_log_backend_rtt.o
    0x0001d734   0x0001d734   0x000000c2   Code   RO         5646    i.nrf_log_backend_serial_put  nrf_log_backend_serial.o
    0x0001d7f6   0x0001d7f6   0x00000002   PAD
    0x0001d7f8   0x0001d7f8   0x00000030   Code   RO         5728    i.nrf_log_color_id_get  nrf_log_frontend.o
    0x0001d828   0x0001d828   0x00000234   Code   RO         5729    i.nrf_log_frontend_dequeue  nrf_log_frontend.o
    0x0001da5c   0x0001da5c   0x00000008   Code   RO         5731    i.nrf_log_frontend_std_0  nrf_log_frontend.o
    0x0001da64   0x0001da64   0x0000000e   Code   RO         5732    i.nrf_log_frontend_std_1  nrf_log_frontend.o
    0x0001da72   0x0001da72   0x00000012   Code   RO         5734    i.nrf_log_frontend_std_3  nrf_log_frontend.o
    0x0001da84   0x0001da84   0x000000b0   Code   RO         5912    i.nrf_log_hexdump_entry_process  nrf_log_str_formatter.o
    0x0001db34   0x0001db34   0x00000014   Code   RO         5739    i.nrf_log_module_cnt_get  nrf_log_frontend.o
    0x0001db48   0x0001db48   0x0000001c   Code   RO         5742    i.nrf_log_module_name_get  nrf_log_frontend.o
    0x0001db64   0x0001db64   0x00000028   Code   RO         5743    i.nrf_log_panic     nrf_log_frontend.o
    0x0001db8c   0x0001db8c   0x000000b6   Code   RO         5913    i.nrf_log_std_entry_process  nrf_log_str_formatter.o
    0x0001dc42   0x0001dc42   0x00000060   Code   RO         4872    i.nrf_memobj_alloc  nrf_memobj.o
    0x0001dca2   0x0001dca2   0x00000032   Code   RO         4873    i.nrf_memobj_free   nrf_memobj.o
    0x0001dcd4   0x0001dcd4   0x00000008   Code   RO         4874    i.nrf_memobj_get    nrf_memobj.o
    0x0001dcdc   0x0001dcdc   0x0000001e   Code   RO         4876    i.nrf_memobj_put    nrf_memobj.o
    0x0001dcfa   0x0001dcfa   0x00000010   Code   RO         4877    i.nrf_memobj_read   nrf_memobj.o
    0x0001dd0a   0x0001dd0a   0x00000010   Code   RO         4878    i.nrf_memobj_write  nrf_memobj.o
    0x0001dd1a   0x0001dd1a   0x00000002   PAD
    0x0001dd1c   0x0001dd1c   0x00000010   Code   RO         3436    i.nrf_saadc_buffer_init  nrfx_saadc.o
    0x0001dd2c   0x0001dd2c   0x00000014   Code   RO         3437    i.nrf_saadc_channel_input_set  nrfx_saadc.o
    0x0001dd40   0x0001dd40   0x00000010   Code   RO         3438    i.nrf_saadc_event_check  nrfx_saadc.o
    0x0001dd50   0x0001dd50   0x00000014   Code   RO         3439    i.nrf_saadc_event_clear  nrfx_saadc.o
    0x0001dd64   0x0001dd64   0x00000060   Code   RO         6346    i.nrf_sdh_ble_evts_poll  nrf_sdh_ble.o
    0x0001ddc4   0x0001ddc4   0x00000054   Code   RO         6224    i.nrf_sdh_disable_request  nrf_sdh.o
    0x0001de18   0x0001de18   0x00000074   Code   RO         6225    i.nrf_sdh_enable_request  nrf_sdh.o
    0x0001de8c   0x0001de8c   0x00000024   Code   RO         6226    i.nrf_sdh_evts_poll  nrf_sdh.o
    0x0001deb0   0x0001deb0   0x0000000c   Code   RO         6227    i.nrf_sdh_is_enabled  nrf_sdh.o
    0x0001debc   0x0001debc   0x0000001c   Code   RO         6229    i.nrf_sdh_request_continue  nrf_sdh.o
    0x0001ded8   0x0001ded8   0x0000003c   Code   RO         6397    i.nrf_sdh_soc_evts_poll  nrf_sdh_soc.o
    0x0001df14   0x0001df14   0x0000000a   Code   RO         5081    i.nrf_section_iter_init  nrf_section_iter.o
    0x0001df1e   0x0001df1e   0x00000024   Code   RO         5082    i.nrf_section_iter_item_set  nrf_section_iter.o
    0x0001df42   0x0001df42   0x00000020   Code   RO         5083    i.nrf_section_iter_next  nrf_section_iter.o
    0x0001df62   0x0001df62   0x00000002   PAD
    0x0001df64   0x0001df64   0x00000038   Code   RO         5172    i.nrf_strerror_find  nrf_strerror.o
    0x0001df9c   0x0001df9c   0x00000014   Code   RO         5173    i.nrf_strerror_get  nrf_strerror.o
    0x0001dfb0   0x0001dfb0   0x0000000c   Code   RO         3293    i.nrf_timer_event_clear  nrfx_timer.o
    0x0001dfbc   0x0001dfbc   0x0000000a   Code   RO         2793    i.nrf_uart_event_check  nrfx_uart.o
    0x0001dfc6   0x0001dfc6   0x0000000c   Code   RO         2794    i.nrf_uart_event_clear  nrfx_uart.o
    0x0001dfd2   0x0001dfd2   0x0000000c   Code   RO         2795    i.nrf_uart_int_enable_check  nrfx_uart.o
    0x0001dfde   0x0001dfde   0x0000000a   Code   RO         2982    i.nrf_uarte_event_check  nrfx_uarte.o
    0x0001dfe8   0x0001dfe8   0x0000000c   Code   RO         2983    i.nrf_uarte_event_clear  nrfx_uarte.o
    0x0001dff4   0x0001dff4   0x00000010   Code   RO         1954    i.nrf_wdt_started   nrf_drv_clock.o
    0x0001e004   0x0001e004   0x0000002c   Code   RO         2297    i.nrfx_clock_enable  nrfx_clock.o
    0x0001e030   0x0001e030   0x00000020   Code   RO         2300    i.nrfx_clock_init   nrfx_clock.o
    0x0001e050   0x0001e050   0x00000030   Code   RO         2303    i.nrfx_clock_lfclk_stop  nrfx_clock.o
    0x0001e080   0x0001e080   0x00000010   Code   RO         3441    i.nrfx_coredep_delay_us  nrfx_saadc.o
    0x0001e090   0x0001e090   0x00000010   Code   RO         2441    i.nrfx_gpiote_clr_task_addr_get  nrfx_gpiote.o
    0x0001e0a0   0x0001e0a0   0x00000010   Code   RO         2442    i.nrfx_gpiote_clr_task_get  nrfx_gpiote.o
    0x0001e0b0   0x0001e0b0   0x00000010   Code   RO         2444    i.nrfx_gpiote_in_event_addr_get  nrfx_gpiote.o
    0x0001e0c0   0x0001e0c0   0x000000a0   Code   RO         2446    i.nrfx_gpiote_in_event_enable  nrfx_gpiote.o
    0x0001e160   0x0001e160   0x00000022   Code   RO         2447    i.nrfx_gpiote_in_event_get  nrfx_gpiote.o
    0x0001e182   0x0001e182   0x00000002   PAD
    0x0001e184   0x0001e184   0x000000cc   Code   RO         2448    i.nrfx_gpiote_in_init  nrfx_gpiote.o
    0x0001e250   0x0001e250   0x00000074   Code   RO         2451    i.nrfx_gpiote_init  nrfx_gpiote.o
    0x0001e2c4   0x0001e2c4   0x00000014   Code   RO         2452    i.nrfx_gpiote_is_init  nrfx_gpiote.o
    0x0001e2d8   0x0001e2d8   0x000000bc   Code   RO         2454    i.nrfx_gpiote_out_init  nrfx_gpiote.o
    0x0001e394   0x0001e394   0x00000024   Code   RO         2458    i.nrfx_gpiote_out_task_enable  nrfx_gpiote.o
    0x0001e3b8   0x0001e3b8   0x00000028   Code   RO         2459    i.nrfx_gpiote_out_task_force  nrfx_gpiote.o
    0x0001e3e0   0x0001e3e0   0x00000058   Code   RO         2463    i.nrfx_gpiote_out_uninit  nrfx_gpiote.o
    0x0001e438   0x0001e438   0x00000010   Code   RO         2464    i.nrfx_gpiote_set_task_addr_get  nrfx_gpiote.o
    0x0001e448   0x0001e448   0x00000010   Code   RO         2465    i.nrfx_gpiote_set_task_get  nrfx_gpiote.o
    0x0001e458   0x0001e458   0x00000010   Code   RO         2984    i.nrfx_is_in_ram    nrfx_uarte.o
    0x0001e468   0x0001e468   0x0000006c   Code   RO         3142    i.nrfx_ppi_channel_alloc  nrfx_ppi.o
    0x0001e4d4   0x0001e4d4   0x00000044   Code   RO         3143    i.nrfx_ppi_channel_assign  nrfx_ppi.o
    0x0001e518   0x0001e518   0x00000034   Code   RO         3144    i.nrfx_ppi_channel_disable  nrfx_ppi.o
    0x0001e54c   0x0001e54c   0x00000034   Code   RO         3145    i.nrfx_ppi_channel_enable  nrfx_ppi.o
    0x0001e580   0x0001e580   0x00000040   Code   RO         3147    i.nrfx_ppi_channel_free  nrfx_ppi.o
    0x0001e5c0   0x0001e5c0   0x0000003a   Code   RO         2735    i.nrfx_prs_acquire  nrfx_prs.o
    0x0001e5fa   0x0001e5fa   0x00000002   PAD
    0x0001e5fc   0x0001e5fc   0x000000ac   Code   RO         3445    i.nrfx_saadc_channel_init  nrfx_saadc.o
    0x0001e6a8   0x0001e6a8   0x00000094   Code   RO         3447    i.nrfx_saadc_init   nrfx_saadc.o
    0x0001e73c   0x0001e73c   0x000000c0   Code   RO         3451    i.nrfx_saadc_sample_convert  nrfx_saadc.o
    0x0001e7fc   0x0001e7fc   0x0000001e   Code   RO         3294    i.nrfx_timer_capture  nrfx_timer.o
    0x0001e81a   0x0001e81a   0x00000008   Code   RO         3295    i.nrfx_timer_clear  nrfx_timer.o
    0x0001e822   0x0001e822   0x0000003a   Code   RO         3296    i.nrfx_timer_compare  nrfx_timer.o
    0x0001e85c   0x0001e85c   0x00000010   Code   RO         5254    i.nrfx_timer_compare_event_address_get  app_pwm.o
    0x0001e86c   0x0001e86c   0x0000000e   Code   RO         3297    i.nrfx_timer_compare_int_disable  nrfx_timer.o
    0x0001e87a   0x0001e87a   0x00000024   Code   RO         3298    i.nrfx_timer_compare_int_enable  nrfx_timer.o
    0x0001e89e   0x0001e89e   0x00000002   PAD
    0x0001e8a0   0x0001e8a0   0x0000001c   Code   RO         3299    i.nrfx_timer_disable  nrfx_timer.o
    0x0001e8bc   0x0001e8bc   0x0000001c   Code   RO         3300    i.nrfx_timer_enable  nrfx_timer.o
    0x0001e8d8   0x0001e8d8   0x0000002a   Code   RO         3301    i.nrfx_timer_extended_compare  nrfx_timer.o
    0x0001e902   0x0001e902   0x00000002   PAD
    0x0001e904   0x0001e904   0x000000c0   Code   RO         3303    i.nrfx_timer_init   nrfx_timer.o
    0x0001e9c4   0x0001e9c4   0x0000005c   Code   RO         3307    i.nrfx_timer_uninit  nrfx_timer.o
    0x0001ea20   0x0001ea20   0x00000010   Code   RO         2796    i.nrfx_uart_0_irq_handler  nrfx_uart.o
    0x0001ea30   0x0001ea30   0x000000d4   Code   RO         2798    i.nrfx_uart_init    nrfx_uart.o
    0x0001eb04   0x0001eb04   0x000000ec   Code   RO         2799    i.nrfx_uart_rx      nrfx_uart.o
    0x0001ebf0   0x0001ebf0   0x000000a8   Code   RO         2804    i.nrfx_uart_tx      nrfx_uart.o
    0x0001ec98   0x0001ec98   0x00000020   Code   RO         2806    i.nrfx_uart_tx_in_progress  nrfx_uart.o
    0x0001ecb8   0x0001ecb8   0x00000010   Code   RO         2985    i.nrfx_uarte_0_irq_handler  nrfx_uarte.o
    0x0001ecc8   0x0001ecc8   0x0000006c   Code   RO         2987    i.nrfx_uarte_init   nrfx_uarte.o
    0x0001ed34   0x0001ed34   0x00000104   Code   RO         2988    i.nrfx_uarte_rx     nrfx_uarte.o
    0x0001ee38   0x0001ee38   0x000000ac   Code   RO         2991    i.nrfx_uarte_tx     nrfx_uarte.o
    0x0001eee4   0x0001eee4   0x0000001c   Code   RO         2993    i.nrfx_uarte_tx_in_progress  nrfx_uarte.o
    0x0001ef00   0x0001ef00   0x00000018   Code   RO         6446    i.nvmc_config       system_nrf52.o
    0x0001ef18   0x0001ef18   0x00000040   Code   RO           18    i.oled_init         main.o
    0x0001ef58   0x0001ef58   0x0000006a   Code   RO         1881    i.on_connect        ble_nus.o
    0x0001efc2   0x0001efc2   0x00000002   PAD
    0x0001efc4   0x0001efc4   0x0000008c   Code   RO         1765    i.on_connected_evt  nrf_ble_gatt.o
    0x0001f050   0x0001f050   0x000000b0   Code   RO         1766    i.on_exchange_mtu_request_evt  nrf_ble_gatt.o
    0x0001f100   0x0001f100   0x00000084   Code   RO         1882    i.on_write          ble_nus.o
    0x0001f184   0x0001f184   0x00000012   Code   RO         1256    i.phy_is_valid      ble_advertising.o
    0x0001f196   0x0001f196   0x00000002   PAD
    0x0001f198   0x0001f198   0x00000014   Code   RO         2468    i.pin_configured_check  nrfx_gpiote.o
    0x0001f1ac   0x0001f1ac   0x0000001c   Code   RO         2469    i.pin_configured_clear  nrfx_gpiote.o
    0x0001f1c8   0x0001f1c8   0x0000001c   Code   RO         2470    i.pin_configured_set  nrfx_gpiote.o
    0x0001f1e4   0x0001f1e4   0x00000018   Code   RO         2471    i.pin_in_use_by_port  nrfx_gpiote.o
    0x0001f1fc   0x0001f1fc   0x00000018   Code   RO         2472    i.pin_in_use_by_te  nrfx_gpiote.o
    0x0001f214   0x0001f214   0x000000b4   Code   RO         2473    i.port_event_handle  nrfx_gpiote.o
    0x0001f2c8   0x0001f2c8   0x00000010   Code   RO         2474    i.port_handler_polarity_get  nrfx_gpiote.o
    0x0001f2d8   0x0001f2d8   0x0000003c   Code   RO         5915    i.postfix_process   nrf_log_str_formatter.o
    0x0001f314   0x0001f314   0x0000005c   Code   RO           19    i.ppi_init          main.o
    0x0001f370   0x0001f370   0x00000098   Code   RO         5916    i.prefix_process    nrf_log_str_formatter.o
    0x0001f408   0x0001f408   0x00000018   Code   RO         2737    i.prs_box_get       nrfx_prs.o
    0x0001f420   0x0001f420   0x00000068   Code   RO         5255    i.pwm_dealloc       app_pwm.o
    0x0001f488   0x0001f488   0x0000000c   Code   RO           20    i.pwm_ready_callback  main.o
    0x0001f494   0x0001f494   0x0000005c   Code   RO         5256    i.pwm_ready_tick    app_pwm.o
    0x0001f4f0   0x0001f4f0   0x000000d8   Code   RO         5257    i.pwm_transition    app_pwm.o
    0x0001f5c8   0x0001f5c8   0x00000014   Code   RO         5475    i.queue_free        nrf_fstorage_sd.o
    0x0001f5dc   0x0001f5dc   0x000000a0   Code   RO         5476    i.queue_process     nrf_fstorage_sd.o
    0x0001f67c   0x0001f67c   0x00000024   Code   RO         5477    i.queue_start       nrf_fstorage_sd.o
    0x0001f6a0   0x0001f6a0   0x0000000e   Code   RO         5478    i.read              nrf_fstorage_sd.o
    0x0001f6ae   0x0001f6ae   0x00000004   Code   RO         5479    i.rmap              nrf_fstorage_sd.o
    0x0001f6b2   0x0001f6b2   0x00000032   Code   RO         2808    i.rx_byte           nrfx_uart.o
    0x0001f6e4   0x0001f6e4   0x00000016   Code   RO         2809    i.rx_done_event     nrfx_uart.o
    0x0001f6fa   0x0001f6fa   0x00000016   Code   RO         2995    i.rx_done_event     nrfx_uarte.o
    0x0001f710   0x0001f710   0x00000020   Code   RO         2810    i.rx_enable         nrfx_uart.o
    0x0001f730   0x0001f730   0x00000002   Code   RO           21    i.saadc_callback    main.o
    0x0001f732   0x0001f732   0x00000002   PAD
    0x0001f734   0x0001f734   0x00000034   Code   RO           22    i.saadc_init        main.o
    0x0001f768   0x0001f768   0x00000058   Code   RO         1955    i.sd_state_evt_handler  nrf_drv_clock.o
    0x0001f7c0   0x0001f7c0   0x00000030   Code   RO         6232    i.sdh_request_observer_notify  nrf_sdh.o
    0x0001f7f0   0x0001f7f0   0x0000002c   Code   RO         6233    i.sdh_state_observer_notify  nrf_sdh.o
    0x0001f81c   0x0001f81c   0x00000010   Code   RO         1369    i.send_error_evt    ble_conn_params.o
    0x0001f82c   0x0001f82c   0x00000050   Code   RO         5584    i.serial_tx         nrf_log_backend_rtt.o
    0x0001f87c   0x0001f87c   0x00000018   Code   RO         1956    i.soc_evt_handler   nrf_drv_clock.o
    0x0001f894   0x0001f894   0x00000040   Code   RO         6234    i.softdevice_evt_irq_disable  nrf_sdh.o
    0x0001f8d4   0x0001f8d4   0x00000058   Code   RO         6235    i.softdevices_evt_irq_enable  nrf_sdh.o
    0x0001f92c   0x0001f92c   0x00000098   Code   RO         5745    i.std_n             nrf_log_frontend.o
    0x0001f9c4   0x0001f9c4   0x00000054   Code   RO           23    i.tim2_init         main.o
    0x0001fa18   0x0001fa18   0x0000003c   Code   RO           24    i.timer0_init       main.o
    0x0001fa54   0x0001fa54   0x0000003c   Code   RO           25    i.timer2_event_handler  main.o
    0x0001fa90   0x0001fa90   0x00000038   Code   RO         3987    i.timer_req_schedule  app_timer2.o
    0x0001fac8   0x0001fac8   0x00000020   Code   RO         2811    i.tx_byte           nrfx_uart.o
    0x0001fae8   0x0001fae8   0x0000001a   Code   RO         2812    i.tx_done_event     nrfx_uart.o
    0x0001fb02   0x0001fb02   0x0000001a   Code   RO         2996    i.tx_done_event     nrfx_uarte.o
    0x0001fb1c   0x0001fb1c   0x00000012   Code   RO           27    i.uart_event_handle  main.o
    0x0001fb2e   0x0001fb2e   0x00000002   PAD
    0x0001fb30   0x0001fb30   0x000000a4   Code   RO         4119    i.uart_event_handler  app_uart_fifo.o
    0x0001fbd4   0x0001fbd4   0x00000030   Code   RO         2100    i.uart_evt_handler  nrf_drv_uart.o
    0x0001fc04   0x0001fc04   0x0000012a   Code   RO         2813    i.uart_irq_handler  nrfx_uart.o
    0x0001fd2e   0x0001fd2e   0x00000002   PAD
    0x0001fd30   0x0001fd30   0x00000030   Code   RO         2101    i.uarte_evt_handler  nrf_drv_uart.o
    0x0001fd60   0x0001fd60   0x00000112   Code   RO         2997    i.uarte_irq_handler  nrfx_uarte.o
    0x0001fe72   0x0001fe72   0x00000002   PAD
    0x0001fe74   0x0001fe74   0x00000020   Code   RO         5480    i.uninit            nrf_fstorage_sd.o
    0x0001fe94   0x0001fe94   0x000000b4   Code   RO         4834    i.unsigned_print    nrf_fprintf_format.o
    0x0001ff48   0x0001ff48   0x00000018   Code   RO         1257    i.use_whitelist     ble_advertising.o
    0x0001ff60   0x0001ff60   0x00000024   Code   RO         1837    i.user_mem_reply    nrf_ble_qwr.o
    0x0001ff84   0x0001ff84   0x00000014   Code   RO           28    i.wait_for_flash_ready  main.o
    0x0001ff98   0x0001ff98   0x00000004   Code   RO         5481    i.wmap              nrf_fstorage_sd.o
    0x0001ff9c   0x0001ff9c   0x00000050   Code   RO         5482    i.write             nrf_fstorage_sd.o
    0x0001ffec   0x0001ffec   0x00000004   PAD
    0x0001fff0   0x0001fff0   0x00000078   Data   RO           32    .constdata          main.o
    0x00020068   0x00020068   0x00000008   Data   RO           34    .constdata          main.o
    0x00020070   0x00020070   0x0000081e   Data   RO          552    .constdata          oled.o
    0x0002088e   0x0002088e   0x00000002   PAD
    0x00020890   0x00020890   0x0000000e   Data   RO         1767    .constdata          nrf_ble_gatt.o
    0x0002089e   0x0002089e   0x00000002   PAD
    0x000208a0   0x000208a0   0x00000004   Data   RO         2476    .constdata          nrfx_gpiote.o
    0x000208a4   0x000208a4   0x00000004   Data   RO         2816    .constdata          nrfx_uart.o
    0x000208a8   0x000208a8   0x00000004   Data   RO         3000    .constdata          nrfx_uarte.o
    0x000208ac   0x000208ac   0x00000004   PAD
    0x000208b0   0x000208b0   0x00000006   Data   RO         3455    .constdata          nrfx_saadc.o
    0x000208b6   0x000208b6   0x00000002   PAD
    0x000208b8   0x000208b8   0x00000014   Data   RO         3990    .constdata          app_timer2.o
    0x000208cc   0x000208cc   0x00000020   Data   RO         4121    .constdata          app_uart_fifo.o
    0x000208ec   0x000208ec   0x00000010   Data   RO         4835    .constdata          nrf_fprintf_format.o
    0x000208fc   0x000208fc   0x0000013c   Data   RO         5174    .constdata          nrf_strerror.o
    0x00020a38   0x00020a38   0x0000000c   Data   RO         5259    .constdata          app_pwm.o
    0x00020a44   0x00020a44   0x0000005e   Data   RO         5388    .constdata          nrf_fstorage.o
    0x00020aa2   0x00020aa2   0x00000002   PAD
    0x00020aa4   0x00020aa4   0x00000010   Data   RO         5485    .constdata          nrf_fstorage_sd.o
    0x00020ab4   0x00020ab4   0x00000020   Data   RO         5486    .constdata          nrf_fstorage_sd.o
    0x00020ad4   0x00020ad4   0x0000000c   Data   RO         5586    .constdata          nrf_log_backend_rtt.o
    0x00020ae0   0x00020ae0   0x00000006   Data   RO         5587    .constdata          nrf_log_backend_rtt.o
    0x00020ae6   0x00020ae6   0x00000002   PAD
    0x00020ae8   0x00020ae8   0x00000010   Data   RO         6236    .constdata          nrf_sdh.o
    0x00020af8   0x00020af8   0x00000028   Data   RO         6237    .constdata          nrf_sdh.o
    0x00020b20   0x00020b20   0x00000010   Data   RO         6238    .constdata          nrf_sdh.o
    0x00020b30   0x00020b30   0x00000010   Data   RO         6239    .constdata          nrf_sdh.o
    0x00020b40   0x00020b40   0x00000020   Data   RO         6347    .constdata          nrf_sdh_ble.o
    0x00020b60   0x00020b60   0x00000010   Data   RO         6348    .constdata          nrf_sdh_ble.o
    0x00020b70   0x00020b70   0x00000010   Data   RO         6398    .constdata          nrf_sdh_soc.o
    0x00020b80   0x00020b80   0x0000000c   Data   RO         6399    .constdata          nrf_sdh_soc.o
    0x00020b8c   0x00020b8c   0x00000081   Data   RO         6538    .constdata          mc_w.l(ctype_o.o)
    0x00020c0d   0x00020c0d   0x00000003   PAD
    0x00020c10   0x00020c10   0x00000004   Data   RO         6539    .constdata          mc_w.l(ctype_o.o)
    0x00020c14   0x00020c14   0x000003eb   Data   RO         5175    .conststring        nrf_strerror.o
    0x00020fff   0x00020fff   0x00000001   PAD
    0x00021000   0x00021000   0x0000004f   Data   RO         5389    .conststring        nrf_fstorage.o
    0x0002104f   0x0002104f   0x00000001   PAD
    0x00021050   0x00021050   0x00000066   Data   RO         5917    .conststring        nrf_log_str_formatter.o
    0x000210b6   0x000210b6   0x00000002   PAD
    0x000210b8   0x000210b8   0x0000000d   Data   RO         1768    .conststrlit        nrf_ble_gatt.o
    0x000210c5   0x000210c5   0x00000003   PAD
    0x000210c8   0x000210c8   0x00000008   Data   RO         1884    .conststrlit        ble_nus.o
    0x000210d0   0x000210d0   0x00000006   Data   RO         1962    .conststrlit        nrf_drv_clock.o
    0x000210d6   0x000210d6   0x00000002   PAD
    0x000210d8   0x000210d8   0x00000006   Data   RO         2307    .conststrlit        nrfx_clock.o
    0x000210de   0x000210de   0x00000002   PAD
    0x000210e0   0x000210e0   0x00000007   Data   RO         2480    .conststrlit        nrfx_gpiote.o
    0x000210e7   0x000210e7   0x00000001   PAD
    0x000210e8   0x000210e8   0x00000004   Data   RO         2739    .conststrlit        nrfx_prs.o
    0x000210ec   0x000210ec   0x00000005   Data   RO         2819    .conststrlit        nrfx_uart.o
    0x000210f1   0x000210f1   0x00000003   PAD
    0x000210f4   0x000210f4   0x00000006   Data   RO         3003    .conststrlit        nrfx_uarte.o
    0x000210fa   0x000210fa   0x00000002   PAD
    0x000210fc   0x000210fc   0x00000004   Data   RO         3167    .conststrlit        nrfx_ppi.o
    0x00021100   0x00021100   0x00000006   Data   RO         3310    .conststrlit        nrfx_timer.o
    0x00021106   0x00021106   0x00000002   PAD
    0x00021108   0x00021108   0x00000006   Data   RO         3463    .conststrlit        nrfx_saadc.o
    0x0002110e   0x0002110e   0x00000002   PAD
    0x00021110   0x00021110   0x0000000b   Data   RO         3641    .conststrlit        app_button.o
    0x0002111b   0x0002111b   0x00000001   PAD
    0x0002111c   0x0002111c   0x0000000a   Data   RO         3991    .conststrlit        app_timer2.o
    0x00021126   0x00021126   0x00000002   PAD
    0x00021128   0x00021128   0x00000009   Data   RO         4957    .conststrlit        nrf_pwr_mgmt.o
    0x00021131   0x00021131   0x00000003   PAD
    0x00021134   0x00021134   0x00000009   Data   RO         5121    .conststrlit        nrf_sortlist.o
    0x0002113d   0x0002113d   0x00000003   PAD
    0x00021140   0x00021140   0x0000000d   Data   RO         5390    .conststrlit        nrf_fstorage.o
    0x0002114d   0x0002114d   0x00000003   PAD
    0x00021150   0x00021150   0x00000010   Data   RO         5681    .conststrlit        nrf_log_default_backends.o
    0x00021160   0x00021160   0x00000004   Data   RO         5751    .conststrlit        nrf_log_frontend.o
    0x00021164   0x00021164   0x00000008   Data   RO         6240    .conststrlit        nrf_sdh.o
    0x0002116c   0x0002116c   0x0000000c   Data   RO         6350    .conststrlit        nrf_sdh_ble.o
    0x00021178   0x00021178   0x0000000c   Data   RO         6400    .conststrlit        nrf_sdh_soc.o
    0x00021184   0x00021184   0x00000020   Data   RO         6893    Region$$Table       anon$$obj.o
    0x000211a4   0x000211a4   0x00000010   Data   RO         5683    log_backends        nrf_log_default_backends.o
    0x000211b4   0x000211b4   0x00000008   Data   RO         1769    log_const_data      nrf_ble_gatt.o
    0x000211bc   0x000211bc   0x00000008   Data   RO         1885    log_const_data      ble_nus.o
    0x000211c4   0x000211c4   0x00000008   Data   RO         1963    log_const_data      nrf_drv_clock.o
    0x000211cc   0x000211cc   0x00000008   Data   RO         2309    log_const_data      nrfx_clock.o
    0x000211d4   0x000211d4   0x00000008   Data   RO         2481    log_const_data      nrfx_gpiote.o
    0x000211dc   0x000211dc   0x00000008   Data   RO         2741    log_const_data      nrfx_prs.o
    0x000211e4   0x000211e4   0x00000008   Data   RO         2820    log_const_data      nrfx_uart.o
    0x000211ec   0x000211ec   0x00000008   Data   RO         3004    log_const_data      nrfx_uarte.o
    0x000211f4   0x000211f4   0x00000008   Data   RO         3169    log_const_data      nrfx_ppi.o
    0x000211fc   0x000211fc   0x00000008   Data   RO         3311    log_const_data      nrfx_timer.o
    0x00021204   0x00021204   0x00000008   Data   RO         3464    log_const_data      nrfx_saadc.o
    0x0002120c   0x0002120c   0x00000008   Data   RO         3644    log_const_data      app_button.o
    0x00021214   0x00021214   0x00000008   Data   RO         3994    log_const_data      app_timer2.o
    0x0002121c   0x0002121c   0x00000008   Data   RO         4959    log_const_data      nrf_pwr_mgmt.o
    0x00021224   0x00021224   0x00000008   Data   RO         5122    log_const_data      nrf_sortlist.o
    0x0002122c   0x0002122c   0x00000008   Data   RO         5391    log_const_data      nrf_fstorage.o
    0x00021234   0x00021234   0x00000008   Data   RO         5755    log_const_data      nrf_log_frontend.o
    0x0002123c   0x0002123c   0x00000008   Data   RO         6242    log_const_data      nrf_sdh.o
    0x00021244   0x00021244   0x00000008   Data   RO         6352    log_const_data      nrf_sdh_ble.o
    0x0002124c   0x0002124c   0x00000008   Data   RO         6401    log_const_data      nrf_sdh_soc.o
    0x00021254   0x00021254   0x00000014   Data   RO         5756    nrf_balloc          nrf_log_frontend.o
    0x00021268   0x00021268   0x00000008   Data   RO         1468    sdh_ble_observers0  ble_conn_state.o
    0x00021270   0x00021270   0x00000010   Data   RO           41    sdh_ble_observers1  main.o
    0x00021280   0x00021280   0x00000008   Data   RO          986    sdh_ble_observers1  bsp_btn_ble.o
    0x00021288   0x00021288   0x00000008   Data   RO         1373    sdh_ble_observers1  ble_conn_params.o
    0x00021290   0x00021290   0x00000010   Data   RO           42    sdh_ble_observers2  main.o
    0x000212a0   0x000212a0   0x00000008   Data   RO         5488    sdh_req_observers0  nrf_fstorage_sd.o
    0x000212a8   0x000212a8   0x00000008   Data   RO         1964    sdh_soc_observers0  nrf_drv_clock.o
    0x000212b0   0x000212b0   0x00000008   Data   RO         5489    sdh_soc_observers0  nrf_fstorage_sd.o
    0x000212b8   0x000212b8   0x00000008   Data   RO         6353    sdh_stack_observers0  nrf_sdh_ble.o
    0x000212c0   0x000212c0   0x00000008   Data   RO         6402    sdh_stack_observers0  nrf_sdh_soc.o
    0x000212c8   0x000212c8   0x00000008   Data   RO         1965    sdh_state_observers0  nrf_drv_clock.o
    0x000212d0   0x000212d0   0x00000008   Data   RO         5490    sdh_state_observers0  nrf_fstorage_sd.o


    Execution Region RW_IRAM1 (Exec base: 0x200022c8, Load base: 0x000212d8, Size: 0x00001730, Max: 0x00003d38, ABSOLUTE, COMPRESSED[0x00000064])

    Exec Addr    Load Addr    Size         Type   Attr      Idx    E Section Name        Object

    0x200022c8   COMPRESSED   0x00000008   Data   RW           35    .data               main.o
    0x200022d0   COMPRESSED   0x0000001c   Data   RW           36    .data               main.o
    0x200022ec   COMPRESSED   0x00000018   Data   RW           37    .data               main.o
    0x20002304   COMPRESSED   0x00000004   Data   RW           39    .data               main.o
    0x20002308   COMPRESSED   0x00000008   Data   RW          985    .data               bsp_btn_ble.o
    0x20002310   COMPRESSED   0x00000008   Data   RW         1372    .data               ble_conn_params.o
    0x20002318   COMPRESSED   0x0000000c   Data   RW         2102    .data               nrf_drv_uart.o
    0x20002324   COMPRESSED   0x00000008   Data   RW         2308    .data               nrfx_clock.o
    0x2000232c   COMPRESSED   0x00000008   Data   RW         2740    .data               nrfx_prs.o
    0x20002334   COMPRESSED   0x00000008   Data   RW         3168    .data               nrfx_ppi.o
    0x2000233c   COMPRESSED   0x00000001   Data   RW         3589    .data               nrf_drv_ppi.o
    0x2000233d   COMPRESSED   0x00000003   PAD
    0x20002340   COMPRESSED   0x00000020   Data   RW         3992    .data               app_timer2.o
    0x20002360   COMPRESSED   0x00000004   Data   RW         3993    .data               app_timer2.o
    0x20002364   COMPRESSED   0x0000001c   Data   RW         4122    .data               app_uart_fifo.o
    0x20002380   COMPRESSED   0x0000000c   Data   RW         4296    .data               drv_rtc.o
    0x2000238c   COMPRESSED   0x00000004   Data   RW         5207    .data               retarget.o
    0x20002390   COMPRESSED   0x0000000a   Data   RW         5260    .data               app_pwm.o
    0x2000239a   COMPRESSED   0x00000002   PAD
    0x2000239c   COMPRESSED   0x00000008   Data   RW         5487    .data               nrf_fstorage_sd.o
    0x200023a4   COMPRESSED   0x00000001   Data   RW         5588    .data               nrf_log_backend_rtt.o
    0x200023a5   COMPRESSED   0x00000003   PAD
    0x200023a8   COMPRESSED   0x00000008   Data   RW         5682    .data               nrf_log_default_backends.o
    0x200023b0   COMPRESSED   0x00000004   Data   RW         5752    .data               nrf_log_frontend.o
    0x200023b4   COMPRESSED   0x00000008   Data   RW         5753    .data               nrf_log_frontend.o
    0x200023bc   COMPRESSED   0x00000008   Data   RW         5754    .data               nrf_log_frontend.o
    0x200023c4   COMPRESSED   0x00000040   Data   RW         5918    .data               nrf_log_str_formatter.o
    0x20002404   COMPRESSED   0x00000003   Data   RW         6241    .data               nrf_sdh.o
    0x20002407   COMPRESSED   0x00000001   Data   RW         6351    .data               nrf_sdh_ble.o
    0x20002408   COMPRESSED   0x00000004   Data   RW         6448    .data               system_nrf52.o
    0x2000240c   COMPRESSED   0x00000014   Data   RW           40    fs_data             main.o
    0x20002420        -       0x00000308   Zero   RW           29    .bss                main.o
    0x20002728        -       0x0000000c   Zero   RW           30    .bss                main.o
    0x20002734        -       0x00000024   Zero   RW           31    .bss                main.o
    0x20002758        -       0x0000000c   Zero   RW          860    .bss                bsp.o
    0x20002764   COMPRESSED   0x00000004   PAD
    0x20002768        -       0x00000050   Zero   RW         1371    .bss                ble_conn_params.o
    0x200027b8        -       0x0000007c   Zero   RW         1467    .bss                ble_conn_state.o
    0x20002834        -       0x00000014   Zero   RW         1957    .bss                nrf_drv_clock.o
    0x20002848        -       0x0000005c   Zero   RW         2475    .bss                nrfx_gpiote.o
    0x200028a4        -       0x0000002c   Zero   RW         2814    .bss                nrfx_uart.o
    0x200028d0        -       0x00000024   Zero   RW         2998    .bss                nrfx_uarte.o
    0x200028f4        -       0x00000024   Zero   RW         3308    .bss                nrfx_timer.o
    0x20002918        -       0x00000030   Zero   RW         3454    .bss                nrfx_saadc.o
    0x20002948        -       0x00000010   Zero   RW         3988    .bss                app_timer2.o
    0x20002958        -       0x00000020   Zero   RW         4120    .bss                app_uart_fifo.o
    0x20002978        -       0x0000000c   Zero   RW         4198    .bss                app_util_platform.o
    0x20002984        -       0x00000018   Zero   RW         5258    .bss                app_pwm.o
    0x2000299c        -       0x00000010   Zero   RW         5483    .bss                nrf_fstorage_sd.o
    0x200029ac        -       0x000000a0   Zero   RW         5484    .bss                nrf_fstorage_sd.o
    0x20002a4c        -       0x00000040   Zero   RW         5585    .bss                nrf_log_backend_rtt.o
    0x20002a8c        -       0x000000c0   Zero   RW         5746    .bss                nrf_log_frontend.o
    0x20002b4c        -       0x00000420   Zero   RW         5749    .bss                nrf_log_frontend.o
    0x20002f6c        -       0x00000288   Zero   RW         5994    .bss                segger_rtt.o
    0x200031f4   COMPRESSED   0x00000004   PAD
    0x200031f8        -       0x00000800   Zero   RW         6429    STACK               arm_startup_nrf52810.o


==============================================================================

Image component sizes


      Code (inc. data)   RO Data    RW Data    ZI Data      Debug   Object Name

         0          0         19          0          0       5295   app_button.o
        22          0          0          0          0       2413   app_error.o
       132         46          0          0          0      42514   app_error_weak.o
       118          0          0          0          0       4858   app_fifo.o
      1400         74         12         10         24      32765   app_pwm.o
       284         16         38         36         16      10001   app_timer2.o
       476         50         32         28         32      16967   app_uart_fifo.o
       124         14          0          0         12      10354   app_util_platform.o
        84         22        512          0       2048        876   arm_startup_nrf52810.o
       102          0          0          0          0      50843   ble_advdata.o
       702          6          0          0          0      14313   ble_advertising.o
       428         24          8          8         80      10572   ble_conn_params.o
       374         10          8          0        124       7531   ble_conn_state.o
        72          0          0          0          0       2808   ble_link_ctx_manager.o
       358          0         16          0          0       6457   ble_nus.o
         8          0          0          0          0      39534   ble_srv_common.o
        68          4          0          0         12      14400   bsp.o
       182          6          8          8          0      46644   bsp_btn_ble.o
        54          4          0         12          0      36380   drv_rtc.o
      1212        202        160         84        824     191211   main.o
       342          0          0          0          0       6474   nrf_atfifo.o
        64          0          0          0          0       2920   nrf_atflags.o
       322          0          0          0          0       8987   nrf_atomic.o
       116          0          0          0          0       2782   nrf_balloc.o
       576        186         35          0          0       6727   nrf_ble_gatt.o
       218          0          0          0          0       4573   nrf_ble_qwr.o
       312         36         30          0         20      47340   nrf_drv_clock.o
        24          6          0          1          0       4183   nrf_drv_ppi.o
       200         26          0         12          0      17812   nrf_drv_uart.o
        50          0          0          0          0       3489   nrf_fprintf.o
       866          4         16          0          0       6426   nrf_fprintf_format.o
      1404        596        194          0          0      10635   nrf_fstorage.o
       798         82         72          8        176      15535   nrf_fstorage_sd.o
       108         18         18          1         64       4882   nrf_log_backend_rtt.o
       194          0          0          0          0      10909   nrf_log_backend_serial.o
         0          0         32          8          0       2545   nrf_log_default_backends.o
      1350        110         32         20       1248      27816   nrf_log_frontend.o
       570        108        102         64          0       5544   nrf_log_str_formatter.o
       342          0          0          0          0       8672   nrf_memobj.o
         0          0         17          0          0       5004   nrf_pwr_mgmt.o
         0          0          0          0          0       1104   nrf_ringbuf.o
       560         60        104          3          0      44891   nrf_sdh.o
        96          8         76          1          0       3286   nrf_sdh_ble.o
        60          4         56          0          0       2460   nrf_sdh_soc.o
        78          0          0          0          0       2692   nrf_section_iter.o
         0          0         17          0          0       1085   nrf_sortlist.o
        76         10       1319          0          0       2699   nrf_strerror.o
       242         32         14          8          0      46764   nrfx_clock.o
      1780        166         19          0         92      73920   nrfx_gpiote.o
       402         34         12          8          0      13472   nrfx_ppi.o
        94         16         12          8          0       3689   nrfx_prs.o
       928         70         20          0         48      18906   nrfx_saadc.o
       670         50         14          0         36      20641   nrfx_timer.o
      1368         38         17          0         44      29969   nrfx_uart.o
      1290         36         18          0         36      24671   nrfx_uarte.o
       606          8       2078          0          0      59568   oled.o
        14          0          0          4          0       2866   retarget.o
       270          6          0          0        648       7683   segger_rtt.o
       956        108          0          4          0      34965   system_nrf52.o

    ----------------------------------------------------------------------
     23608       2300       5216        344       5592    1145322   Object Totals
         0          0         32          0          0          0   (incl. Generated)
        62          4         47          8          8          0   (incl. Padding)

    ----------------------------------------------------------------------

      Code (inc. data)   RO Data    RW Data    ZI Data      Debug   Library Member Name

        86          0          0          0          0          0   __dczerorl2.o
         8          4        133          0          0         68   ctype_o.o
         0          0          0          0          0          0   entry.o
         0          0          0          0          0          0   entry10a.o
         0          0          0          0          0          0   entry11a.o
         4          0          0          0          0          0   entry12b.o
         8          4          0          0          0          0   entry2.o
         4          0          0          0          0          0   entry5.o
         0          0          0          0          0          0   entry7b.o
         0          0          0          0          0          0   entry8b.o
         8          4          0          0          0          0   entry9a.o
        30          0          0          0          0          0   handlers.o
        36          8          0          0          0         68   init.o
         0          0          0          0          0          0   iusefp.o
        30          0          0          0          0         68   llshl.o
        36          0          0          0          0         68   llsshr.o
        32          0          0          0          0         68   llushr.o
        36          0          0          0          0         68   memcpya.o
        36          0          0          0          0        108   memseta.o
      2218         90          0          0          0        464   printfa.o
        14          0          0          0          0         68   strlen.o
        44          0          0          0          0         80   uidiv.o
        98          0          0          0          0         92   uldiv.o
        48          0          0          0          0         68   cdrcmple.o
        56          0          0          0          0         88   d2f.o
       334          0          0          0          0        148   dadd.o
       222          0          0          0          0        100   ddiv.o
       186          0          0          0          0        176   depilogue.o
        48          0          0          0          0         68   dfixul.o
        34          0          0          0          0         76   dflti.o
       228          0          0          0          0         96   dmul.o
        46          0          0          0          0         80   dscalb.o
        38          0          0          0          0         68   f2d.o
       176          0          0          0          0        140   fadd.o
       124          0          0          0          0         88   fdiv.o
       110          0          0          0          0        168   fepilogue.o
        40          0          0          0          0         68   ffixui.o
        10          0          0          0          0         68   ffltui.o
       100          0          0          0          0         76   fmul.o

    ----------------------------------------------------------------------
      4536        110        136          0          0       2796   Library Totals
         8          0          3          0          0          0   (incl. Padding)

    ----------------------------------------------------------------------

      Code (inc. data)   RO Data    RW Data    ZI Data      Debug   Library Name

      2728        110        133          0          0       1220   mc_w.l
      1800          0          0          0          0       1576   mf_w.l

    ----------------------------------------------------------------------
      4536        110        136          0          0       2796   Library Totals

    ----------------------------------------------------------------------

==============================================================================


      Code (inc. data)   RO Data    RW Data    ZI Data      Debug   

     28144       2410       5352        344       5592    1130098   Grand Totals
     28144       2410       5352        100       5592    1130098   ELF Image Totals (compressed)
     28144       2410       5352        100          0          0   ROM Totals

==============================================================================

    Total RO  Size (Code + RO Data)                33496 (  32.71kB)
    Total RW  Size (RW Data + ZI Data)              5936 (   5.80kB)
    Total ROM Size (Code + RO Data + RW Data)      33596 (  32.81kB)

==============================================================================

