Component: ARM Compiler 5.06 update 7 (build 960) Tool: armlink [4d3601]

==============================================================================

Section Cross References

    main.o(i.PWM2_OUT) refers to memcpya.o(.text) for __aeabi_memcpy4
    main.o(i.PWM2_OUT) refers to app_pwm.o(i.app_pwm_init) for app_pwm_init
    main.o(i.PWM2_OUT) refers to app_error.o(i.app_error_handler_bare) for app_error_handler_bare
    main.o(i.PWM2_OUT) refers to app_pwm.o(i.app_pwm_enable) for app_pwm_enable
    main.o(i.PWM2_OUT) refers to app_pwm.o(i.app_pwm_channel_duty_set) for app_pwm_channel_duty_set
    main.o(i.PWM2_OUT) refers to main.o(.constdata) for .constdata
    main.o(i.PWM2_OUT) refers to main.o(i.pwm_ready_callback) for pwm_ready_callback
    main.o(i.PWM_OUT) refers to memcpya.o(.text) for __aeabi_memcpy4
    main.o(i.PWM_OUT) refers to app_pwm.o(i.app_pwm_init) for app_pwm_init
    main.o(i.PWM_OUT) refers to app_error.o(i.app_error_handler_bare) for app_error_handler_bare
    main.o(i.PWM_OUT) refers to app_pwm.o(i.app_pwm_enable) for app_pwm_enable
    main.o(i.PWM_OUT) refers to app_pwm.o(i.app_pwm_channel_duty_set) for app_pwm_channel_duty_set
    main.o(i.PWM_OUT) refers to main.o(.constdata) for .constdata
    main.o(i.PWM_OUT) refers to main.o(i.pwm_ready_callback) for pwm_ready_callback
    main.o(i.adc_sample) refers to nrfx_saadc.o(i.nrfx_saadc_sample_convert) for nrfx_saadc_sample_convert
    main.o(i.adc_sample) refers to dflti.o(.text) for __aeabi_i2d
    main.o(i.adc_sample) refers to dmul.o(.text) for __aeabi_dmul
    main.o(i.adc_sample) refers to dscalb.o(.text) for __ARM_scalbn
    main.o(i.adc_sample) refers to d2f.o(.text) for __aeabi_d2f
    main.o(i.adc_sample) refers to fadd.o(.text) for __aeabi_fadd
    main.o(i.adc_sample) refers to fdiv.o(.text) for __aeabi_fdiv
    main.o(i.adc_sample) refers to fmul.o(.text) for __aeabi_fmul
    main.o(i.adc_sample) refers to ffixui.o(.text) for __aeabi_f2uiz
    main.o(i.adc_sample) refers to dfltui.o(.text) for __aeabi_ui2d
    main.o(i.adc_sample) refers to dadd.o(.text) for __aeabi_dadd
    main.o(i.adc_sample) refers to main.o(i.nrfx_coredep_delay_us) for nrfx_coredep_delay_us
    main.o(i.adc_sample) refers to main.o(.data) for .data
    main.o(i.assert_nrf_callback) refers to app_error_handler_keil.o(.emb_text) for app_error_handler
    main.o(i.find_max) refers to cfrcmple.o(.text) for __aeabi_cfrcmple
    main.o(i.find_max) refers to app_pwm.o(i.app_pwm_channel_duty_set) for app_pwm_channel_duty_set
    main.o(i.find_max) refers to main.o(i.nrfx_coredep_delay_us) for nrfx_coredep_delay_us
    main.o(i.find_max) refers to cfcmple.o(.text) for __aeabi_cfcmple
    main.o(i.find_max) refers to main.o(.data) for .data
    main.o(i.find_max) refers to main.o(.constdata) for .constdata
    main.o(i.flash_init) refers to nrf_fstorage.o(i.nrf_fstorage_init) for nrf_fstorage_init
    main.o(i.flash_init) refers to app_error.o(i.app_error_handler_bare) for app_error_handler_bare
    main.o(i.flash_init) refers to nrf_fstorage.o(i.nrf_fstorage_erase) for nrf_fstorage_erase
    main.o(i.flash_init) refers to nrf_fstorage_sd.o(.constdata) for nrf_fstorage_sd
    main.o(i.flash_init) refers to main.o(fs_data) for fs_data
    main.o(i.flash_init) refers to main.o(.data) for .data
    main.o(i.flash_read) refers to nrf_fstorage.o(i.nrf_fstorage_read) for nrf_fstorage_read
    main.o(i.flash_read) refers to main.o(.data) for .data
    main.o(i.flash_read) refers to main.o(fs_data) for fs_data
    main.o(i.flash_write) refers to fmul.o(.text) for __aeabi_fmul
    main.o(i.flash_write) refers to ffixui.o(.text) for __aeabi_f2uiz
    main.o(i.flash_write) refers to nrf_fstorage.o(i.nrf_fstorage_write) for nrf_fstorage_write
    main.o(i.flash_write) refers to app_error.o(i.app_error_handler_bare) for app_error_handler_bare
    main.o(i.flash_write) refers to main.o(i.wait_for_flash_ready) for wait_for_flash_ready
    main.o(i.flash_write) refers to main.o(.data) for .data
    main.o(i.flash_write) refers to main.o(fs_data) for fs_data
    main.o(i.main) refers to led.o(i.EN_Init) for EN_Init
    main.o(i.main) refers to main.o(i.PWM_OUT) for PWM_OUT
    main.o(i.main) refers to main.o(i.PWM2_OUT) for PWM2_OUT
    main.o(i.main) refers to main.o(i.saadc_init) for saadc_init
    main.o(i.main) refers to main.o(i.adc_sample) for adc_sample
    main.o(i.main) refers to fmul.o(.text) for __aeabi_fmul
    main.o(i.main) refers to f2d.o(.text) for __aeabi_f2d
    main.o(i.main) refers to ddiv.o(.text) for __aeabi_ddiv
    main.o(i.main) refers to dfixui.o(.text) for __aeabi_d2uiz
    main.o(i.main) refers to app_pwm.o(i.app_pwm_channel_duty_set) for app_pwm_channel_duty_set
    main.o(i.main) refers to main.o(i.find_max) for find_max
    main.o(i.main) refers to main.o(.data) for .data
    main.o(i.main) refers to main.o(.constdata) for .constdata
    main.o(i.nrfx_coredep_delay_us) refers to main.o(.constdata) for .constdata
[...]
    smd_ble_evt_handler                      0x00020f2d   Thumb Code   234  security_dispatcher.o(i.smd_ble_evt_handler)
    smd_link_secure                          0x00021021   Thumb Code    40  security_dispatcher.o(i.smd_link_secure)
    smd_params_reply                         0x00021049   Thumb Code   162  security_dispatcher.o(i.smd_params_reply)
    store_car_value                          0x0002127d   Thumb Code    88  gatt_cache_manager.o(i.store_car_value)
    write_buf_store                          0x0002179d   Thumb Code   202  peer_database.o(i.write_buf_store)
    m_pwm_PWM1_timer                         0x00021bf8   Data           8  main.o(.constdata)
    PWM1                                     0x00021c18   Data           8  main.o(.constdata)
    PWM2                                     0x00021c20   Data           8  main.o(.constdata)
    m_pwm_PWM2_timer                         0x00021c5c   Data           8  main.o(.constdata)
    nrf_log_backend_uart_api                 0x00021fbc   Data          12  nrf_log_backend_uart.o(.constdata)
    m_ram_start                              0x00022060   Data           4  nrf_sdh_ble.o(.constdata)
    __ctype_table                            0x0002208c   Data         129  ctype_o.o(.constdata)
    Region$$Table$$Base                      0x00023098   Number         0  anon$$obj.o(Region$$Table)
    Region$$Table$$Limit                     0x000230b8   Number         0  anon$$obj.o(Region$$Table)
    log_const_data$$Base                     0x000230c8   Number         0  gatt_cache_manager.o(log_const_data)
    m_nrf_log_peer_manager_gcm_logs_data_const 0x000230c8   Data           8  gatt_cache_manager.o(log_const_data)
    m_nrf_log_peer_manager_gscm_logs_data_const 0x000230d0   Data           8  gatts_cache_manager.o(log_const_data)
    m_nrf_log_peer_manager_im_logs_data_const 0x000230d8   Data           8  id_manager.o(log_const_data)
    m_nrf_log_nrf_ble_gatt_logs_data_const   0x000230e0   Data           8  nrf_ble_gatt.o(log_const_data)
    m_nrf_log_peer_manager_pds_logs_data_const 0x000230e8   Data           8  peer_data_storage.o(log_const_data)
    m_nrf_log_peer_manager_pdb_logs_data_const 0x000230f0   Data           8  peer_database.o(log_const_data)
    m_nrf_log_peer_manager_logs_data_const   0x000230f8   Data           8  peer_manager.o(log_const_data)
    m_nrf_log_peer_manager_handler_logs_data_const 0x00023100   Data           8  peer_manager_handler.o(log_const_data)
    m_nrf_log_peer_manager_smd_logs_data_const 0x00023108   Data           8  security_dispatcher.o(log_const_data)
    m_nrf_log_peer_manager_sm_logs_data_const 0x00023110   Data           8  security_manager.o(log_const_data)
    m_nrf_log_clock_logs_data_const          0x00023118   Data           8  nrf_drv_clock.o(log_const_data)
    m_nrf_log_CLOCK_logs_data_const          0x00023120   Data           8  nrfx_clock.o(log_const_data)
    m_nrf_log_GPIOTE_logs_data_const         0x00023128   Data           8  nrfx_gpiote.o(log_const_data)
    m_nrf_log_PRS_logs_data_const            0x00023130   Data           8  nrfx_prs.o(log_const_data)
    m_nrf_log_UART_logs_data_const           0x00023138   Data           8  nrfx_uart.o(log_const_data)
    m_nrf_log_UARTE_logs_data_const          0x00023140   Data           8  nrfx_uarte.o(log_const_data)
    m_nrf_log_PPI_logs_data_const            0x00023148   Data           8  nrfx_ppi.o(log_const_data)
    m_nrf_log_SAADC_logs_data_const          0x00023150   Data           8  nrfx_saadc.o(log_const_data)
    m_nrf_log_TIMER_logs_data_const          0x00023158   Data           8  nrfx_timer.o(log_const_data)
    m_nrf_log_app_button_logs_data_const     0x00023160   Data           8  app_button.o(log_const_data)
    m_nrf_log_app_timer_logs_data_const      0x00023168   Data           8  app_timer2.o(log_const_data)
    m_nrf_log_nrf_fstorage_logs_data_const   0x00023170   Data           8  nrf_fstorage.o(log_const_data)
    m_nrf_log_pwr_mgmt_logs_data_const       0x00023178   Data           8  nrf_pwr_mgmt.o(log_const_data)
    m_nrf_log_sortlist_logs_data_const       0x00023180   Data           8  nrf_sortlist.o(log_const_data)
    m_nrf_log_app_logs_data_const            0x00023188   Data           8  nrf_log_frontend.o(log_const_data)
    m_nrf_log_nrf_sdh_logs_data_const        0x00023190   Data           8  nrf_sdh.o(log_const_data)
    m_nrf_log_nrf_sdh_ble_logs_data_const    0x00023198   Data           8  nrf_sdh_ble.o(log_const_data)
    m_nrf_log_nrf_sdh_soc_logs_data_const    0x000231a0   Data           8  nrf_sdh_soc.o(log_const_data)
    log_const_data$$Limit                    0x000231a8   Number         0  nrf_sdh_soc.o(log_const_data)
    log_mempool                              0x000231a8   Data          20  nrf_log_frontend.o(nrf_balloc)
    sdh_ble_observers0$$Base                 0x000231bc   Number         0  ble_conn_state.o(sdh_ble_observers0)
    sdh_ble_observers0$$Limit                0x000231c4   Number         0  ble_conn_state.o(sdh_ble_observers0)
    sdh_ble_observers1$$Base                 0x000231c4   Number         0  main.o(sdh_ble_observers1)
    sdh_ble_observers1$$Limit                0x000231ec   Number         0  peer_manager.o(sdh_ble_observers1)
    sdh_ble_observers2$$Base                 0x000231ec   Number         0  main.o(sdh_ble_observers2)
    m_req_obs                                0x000231fc   Data           8  nrf_fstorage_sd.o(sdh_req_observers0)
    sdh_ble_observers2$$Limit                0x000231fc   Number         0  main.o(sdh_ble_observers2)
    sdh_req_observers0$$Base                 0x000231fc   Number         0  nrf_fstorage_sd.o(sdh_req_observers0)
    sdh_req_observers0$$Limit                0x00023204   Number         0  nrf_fstorage_sd.o(sdh_req_observers0)
    sdh_soc_observers0$$Base                 0x00023204   Number         0  nrf_drv_clock.o(sdh_soc_observers0)
    sdh_soc_observers0$$Limit                0x00023214   Number         0  nrf_fstorage_sd.o(sdh_soc_observers0)
    sdh_stack_observers0$$Base               0x00023214   Number         0  nrf_sdh_ble.o(sdh_stack_observers0)
    sdh_stack_observers0$$Limit              0x00023224   Number         0  nrf_sdh_soc.o(sdh_stack_observers0)
    sdh_state_observers0$$Base               0x00023224   Number         0  nrf_drv_clock.o(sdh_state_observers0)
    sdh_state_observers0$$Limit              0x00023234   Number         0  nrf_fstorage_sd.o(sdh_state_observers0)
    Image$$RW_IRAM1$$Base                    0x200022c8   Number         0  anon$$obj.o ABSOLUTE
    val1_tr                                  0x200022c8   Data           1  main.o(.data)
    val2_tr                                  0x200022c9   Data           1  main.o(.data)
    duty_tr                                  0x200022ca   Data           1  main.o(.data)
    duty                                     0x200022cb   Data           1  main.o(.data)
    duty_ago                                 0x200022cc   Data           1  main.o(.data)
    duty_adc                                 0x200022cd   Data           1  main.o(.data)
    va                                       0x200022d0   Data           4  main.o(.data)
    va_ago                                   0x200022d4   Data           4  main.o(.data)
    nrf_drv_uart_use_easy_dma                0x20002354   Data           1  nrf_drv_uart.o(.data)
    m_pwm_ready_counter                      0x200023ec   Data           6  app_pwm.o(.data)
    m_uart                                   0x200023f8   Data          20  nrf_log_backend_uart.o(.data)
    SystemCoreClock                          0x2000246c   Data           4  system_nrf52.o(.data)
    fs_data$$Base                            0x20002470   Number         0  main.o(fs_data)
    fstorage                                 0x20002470   Data          20  main.o(fs_data)
    m_fs                                     0x20002484   Data          20  fds.o(fs_data)
    fs_data$$Limit                           0x20002498   Number         0  fds.o(fs_data)
    m_pwm_PWM1_cb                            0x200025cc   Data          36  main.o(.bss)
    m_pwm_PWM2_cb                            0x200025f0   Data          36  main.o(.bss)
    nrf_nvic_state                           0x20002af4   Data          12  app_util_platform.o(.bss)
    __initial_sp                             0x200039d8   Data           0  arm_startup_nrf52810.o(STACK)



==============================================================================

Memory Map of the image

  Image Entry point : 0x00019201

  Load Region LR_IROM1 (Base: 0x00019000, Size: 0x0000a404, Max: 0x00017000, ABSOLUTE, COMPRESSED[0x0000a2a4])

    Execution Region ER_IROM1 (Exec base: 0x00019000, Load base: 0x00019000, Size: 0x0000a234, Max: 0x00017000, ABSOLUTE)

    Exec Addr    Load Addr    Size         Type   Attr      Idx    E Section Name        Object

    0x00019000   0x00019000   0x00000200   Data   RO         7971    RESET               arm_startup_nrf52810.o
    0x00019200   0x00019200   0x00000000   Code   RO         8068  * .ARM.Collect$$$$00000000  mc_w.l(entry.o)
    0x00019200   0x00019200   0x00000004   Code   RO         8154    .ARM.Collect$$$$00000001  mc_w.l(entry2.o)
    0x00019204   0x00019204   0x00000004   Code   RO         8157    .ARM.Collect$$$$00000004  mc_w.l(entry5.o)
    0x00019208   0x00019208   0x00000000   Code   RO         8159    .ARM.Collect$$$$00000008  mc_w.l(entry7b.o)
    0x00019208   0x00019208   0x00000000   Code   RO         8161    .ARM.Collect$$$$0000000A  mc_w.l(entry8b.o)
    0x00019208   0x00019208   0x00000008   Code   RO         8162    .ARM.Collect$$$$0000000B  mc_w.l(entry9a.o)
    0x00019210   0x00019210   0x00000004   Code   RO         8169    .ARM.Collect$$$$0000000E  mc_w.l(entry12b.o)
    0x00019214   0x00019214   0x00000000   Code   RO         8164    .ARM.Collect$$$$0000000F  mc_w.l(entry10a.o)
    0x00019214   0x00019214   0x00000000   Code   RO         8166    .ARM.Collect$$$$00000011  mc_w.l(entry11a.o)
    0x00019214   0x00019214   0x00000004   Code   RO         8155    .ARM.Collect$$$$00002712  mc_w.l(entry2.o)
    0x00019218   0x00019218   0x000000c8   Code   RO         5909    .emb_text           nrf_atfifo.o
    0x000192e0   0x000192e0   0x000000e2   Code   RO         6045    .emb_text           nrf_atomic.o
    0x000193c2   0x000193c2   0x00000002   PAD
    0x000193c4   0x000193c4   0x00000054   Code   RO         7972    .text               arm_startup_nrf52810.o
    0x00019418   0x00019418   0x0000001e   Code   RO         8078    .text               mc_w.l(llshl.o)
    0x00019436   0x00019436   0x00000020   Code   RO         8080    .text               mc_w.l(llushr.o)
    0x00019456   0x00019456   0x00000002   PAD
    0x00019458   0x00019458   0x00000008   Code   RO         8082    .text               mc_w.l(ctype_o.o)
    0x00019460   0x00019460   0x00000024   Code   RO         8110    .text               mc_w.l(memcpya.o)
    0x00019484   0x00019484   0x00000024   Code   RO         8112    .text               mc_w.l(memseta.o)
    0x000194a8   0x000194a8   0x0000000e   Code   RO         8114    .text               mc_w.l(strlen.o)
    0x000194b6   0x000194b6   0x0000001a   Code   RO         8118    .text               mc_w.l(memcmp.o)
    0x000194d0   0x000194d0   0x000000b0   Code   RO         8124    .text               mf_w.l(fadd.o)
    0x00019580   0x00019580   0x00000064   Code   RO         8126    .text               mf_w.l(fmul.o)
    0x000195e4   0x000195e4   0x0000007c   Code   RO         8128    .text               mf_w.l(fdiv.o)
    0x00019660   0x00019660   0x0000014e   Code   RO         8130    .text               mf_w.l(dadd.o)
    0x000197ae   0x000197ae   0x000000e4   Code   RO         8132    .text               mf_w.l(dmul.o)
    0x00019892   0x00019892   0x000000de   Code   RO         8134    .text               mf_w.l(ddiv.o)
    0x00019970   0x00019970   0x0000002e   Code   RO         8136    .text               mf_w.l(dscalb.o)
    0x0001999e   0x0001999e   0x00000022   Code   RO         8138    .text               mf_w.l(dflti.o)
    0x000199c0   0x000199c0   0x0000001a   Code   RO         8140    .text               mf_w.l(dfltui.o)
    0x000199da   0x000199da   0x00000028   Code   RO         8142    .text               mf_w.l(ffixui.o)
    0x00019a02   0x00019a02   0x00000032   Code   RO         8144    .text               mf_w.l(dfixui.o)
    0x00019a34   0x00019a34   0x00000026   Code   RO         8146    .text               mf_w.l(f2d.o)
    0x00019a5a   0x00019a5a   0x00000038   Code   RO         8148    .text               mf_w.l(d2f.o)
    0x00019a92   0x00019a92   0x00000002   PAD
    0x00019a94   0x00019a94   0x00000014   Code   RO         8150    .text               mf_w.l(cfcmple.o)
    0x00019aa8   0x00019aa8   0x00000014   Code   RO         8152    .text               mf_w.l(cfrcmple.o)
    0x00019abc   0x00019abc   0x00000024   Code   RO         8171    .text               mc_w.l(llsshr.o)
    0x00019ae0   0x00019ae0   0x00000000   Code   RO         8173    .text               mc_w.l(iusefp.o)
    0x00019ae0   0x00019ae0   0x0000006e   Code   RO         8175    .text               mf_w.l(fepilogue.o)
    0x00019b4e   0x00019b4e   0x000000ba   Code   RO         8177    .text               mf_w.l(depilogue.o)
    0x00019c08   0x00019c08   0x00000024   Code   RO         8179    .text               mc_w.l(init.o)
    0x00019c2c   0x00019c2c   0x00000056   Code   RO         8189    .text               mc_w.l(__dczerorl2.o)
    0x00019c82   0x00019c82   0x00000002   PAD
    0x00019c84   0x00019c84   0x0000001c   Code   RO          670    i.EN_Init           led.o
    0x00019ca0   0x00019ca0   0x000000a4   Code   RO         3706    i.GPIOTE_IRQHandler  nrfx_gpiote.o
    0x00019d44   0x00019d44   0x00000058   Code   RO         3567    i.POWER_CLOCK_IRQHandler  nrfx_clock.o
    0x00019d9c   0x00019d9c   0x00000050   Code   RO            4    i.PWM2_OUT          main.o
    0x00019dec   0x00019dec   0x00000050   Code   RO            5    i.PWM_OUT           main.o
    0x00019e3c   0x00019e3c   0x00000010   Code   RO         5383    i.RTC1_IRQHandler   drv_rtc.o
    0x00019e4c   0x00019e4c   0x00000148   Code   RO         4566    i.SAADC_IRQHandler  nrfx_saadc.o
    0x00019f94   0x00019f94   0x00000004   Code   RO         7762    i.SWI2_IRQHandler   nrf_sdh.o
    0x00019f98   0x00019f98   0x00000288   Code   RO         7980    i.SystemInit        system_nrf52.o
    0x0001a220   0x0001a220   0x00000014   Code   RO         4718    i.TIMER0_IRQHandler  nrfx_timer.o
    0x0001a234   0x0001a234   0x00000014   Code   RO         4719    i.TIMER1_IRQHandler  nrfx_timer.o
    0x0001a248   0x0001a248   0x00000014   Code   RO         4720    i.TIMER2_IRQHandler  nrfx_timer.o
    0x0001a25c   0x0001a25c   0x0000000c   Code   RO         4011    i.UARTE0_UART0_IRQHandler  nrfx_prs.o
    0x0001a268   0x0001a268   0x00000024   Code   RO         7981    i.__NVIC_SystemReset  system_nrf52.o
    0x0001a28c   0x0001a28c   0x0000000e   Code   RO         8183    i.__scatterload_copy  mc_w.l(handlers.o)
    0x0001a29a   0x0001a29a   0x00000002   Code   RO         8184    i.__scatterload_null  mc_w.l(handlers.o)
    0x0001a29c   0x0001a29c   0x0000000e   Code   RO         8185    i.__scatterload_zeroinit  mc_w.l(handlers.o)
    0x0001a2aa   0x0001a2aa   0x00000002   PAD
    0x0001a2ac   0x0001a2ac   0x00000024   Code   RO         7763    i.__sd_nvic_app_accessible_irq  nrf_sdh.o
    0x0001a2d0   0x0001a2d0   0x000000d0   Code   RO            6    i.adc_sample        main.o
    0x0001a3a0   0x0001a3a0   0x00000026   Code   RO         1813    i.addr_compare      id_manager.o
    0x0001a3c6   0x0001a3c6   0x0000000c   Code   RO         6297    i.addr_is_aligned32  nrf_fstorage.o
    0x0001a3d2   0x0001a3d2   0x00000018   Code   RO         6298    i.addr_is_within_bounds  nrf_fstorage.o
    0x0001a3ea   0x0001a3ea   0x00000046   Code   RO          920    i.advertising_buttons_configure  bsp_btn_ble.o
    0x0001a430   0x0001a430   0x00000052   Code   RO         1814    i.ah                id_manager.o
    0x0001a482   0x0001a482   0x00000002   PAD
    0x0001a484   0x0001a484   0x0000000c   Code   RO         2906    i.allow_repairing   security_dispatcher.o
    0x0001a490   0x0001a490   0x00000084   Code   RO         5055    i.app_error_fault_handler  app_error_weak.o
    0x0001a514   0x0001a514   0x00000016   Code   RO         4995    i.app_error_handler_bare  app_error.o
    0x0001a52a   0x0001a52a   0x00000002   PAD
    0x0001a52c   0x0001a52c   0x0000003c   Code   RO         6853    i.app_pwm_busy_check  app_pwm.o
    0x0001a568   0x0001a568   0x00000014   Code   RO         6855    i.app_pwm_channel_duty_set  app_pwm.o
    0x0001a57c   0x0001a57c   0x00000078   Code   RO         6857    i.app_pwm_channel_duty_ticks_set  app_pwm.o
    0x0001a5f4   0x0001a5f4   0x000000f8   Code   RO         6858    i.app_pwm_channel_init  app_pwm.o
    0x0001a6ec   0x0001a6ec   0x00000078   Code   RO         6861    i.app_pwm_enable    app_pwm.o
    0x0001a764   0x0001a764   0x00000194   Code   RO         6862    i.app_pwm_init      app_pwm.o
    0x0001a8f8   0x0001a8f8   0x00000054   Code   RO         5155    i.app_timer_start   app_timer2.o
    0x0001a94c   0x0001a94c   0x00000044   Code   RO         5156    i.app_timer_stop    app_timer2.o
    0x0001a990   0x0001a990   0x00000048   Code   RO         5288    i.app_util_critical_region_enter  app_util_platform.o
    0x0001a9d8   0x0001a9d8   0x00000034   Code   RO         5289    i.app_util_critical_region_exit  app_util_platform.o
    0x0001aa0c   0x0001aa0c   0x00000088   Code   RO         4065    i.apply_config      nrfx_uart.o
    0x0001aa94   0x0001aa94   0x00000088   Code   RO         4253    i.apply_config      nrfx_uarte.o
    0x0001ab1c   0x0001ab1c   0x00000004   Code   RO         1552    i.apply_pending_handle  gatt_cache_manager.o
    0x0001ab20   0x0001ab20   0x0000000c   Code   RO         4413    i.are_app_channels  nrfx_ppi.o
    0x0001ab2c   0x0001ab2c   0x00000180   Code   RO         2907    i.auth_status_success_process  security_dispatcher.o
    0x0001acac   0x0001acac   0x00000020   Code   RO         1050    i.ble_advdata_parse  ble_advdata.o
    0x0001accc   0x0001accc   0x00000046   Code   RO         1051    i.ble_advdata_search  ble_advdata.o
    0x0001ad12   0x0001ad12   0x0000006a   Code   RO         1159    i.ble_advertising_on_ble_evt  ble_advertising.o
    0x0001ad7c   0x0001ad7c   0x00000202   Code   RO         1162    i.ble_advertising_start  ble_advertising.o
    0x0001af7e   0x0001af7e   0x00000002   PAD
    0x0001af80   0x0001af80   0x00000020   Code   RO         1323    i.ble_conn_state_encrypted  ble_conn_state.o
    0x0001afa0   0x0001afa0   0x0000002c   Code   RO         1325    i.ble_conn_state_for_each_set_user_flag  ble_conn_state.o
    0x0001afcc   0x0001afcc   0x00000020   Code   RO         1327    i.ble_conn_state_lesc  ble_conn_state.o
    0x0001afec   0x0001afec   0x00000020   Code   RO         1328    i.ble_conn_state_mitm_protected  ble_conn_state.o
    0x0001b00c   0x0001b00c   0x00000010   Code   RO         1331    i.ble_conn_state_role  ble_conn_state.o
    0x0001b01c   0x0001b01c   0x00000024   Code   RO         1332    i.ble_conn_state_status  ble_conn_state.o
    0x0001b040   0x0001b040   0x00000030   Code   RO         1334    i.ble_conn_state_user_flag_get  ble_conn_state.o
    0x0001b070   0x0001b070   0x00000038   Code   RO         1335    i.ble_conn_state_user_flag_set  ble_conn_state.o
    0x0001b0a8   0x0001b0a8   0x00000014   Code   RO         1336    i.ble_conn_state_valid  ble_conn_state.o
    0x0001b0bc   0x0001b0bc   0x00000070   Code   RO          921    i.ble_evt_handler   bsp_btn_ble.o
    0x0001b12c   0x0001b12c   0x000000fc   Code   RO         1249    i.ble_evt_handler   ble_conn_params.o
    0x0001b228   0x0001b228   0x00000108   Code   RO         1337    i.ble_evt_handler   ble_conn_state.o
    0x0001b330   0x0001b330   0x00000084   Code   RO         2450    i.ble_evt_handler   peer_manager.o
    0x0001b3b4   0x0001b3b4   0x0000002e   Code   RO          511    i.ble_lbs_on_ble_evt  ble_lbs.o
    0x0001b3e2   0x0001b3e2   0x00000008   Code   RO         1492    i.ble_srv_is_notification_enabled  ble_srv_common.o
    0x0001b3ea   0x0001b3ea   0x00000002   PAD
    0x0001b3ec   0x0001b3ec   0x00000044   Code   RO          808    i.bsp_event_to_button_action_assign  bsp.o
    0x0001b430   0x0001b430   0x00000094   Code   RO         7155    i.buf_prealloc      nrf_log_frontend.o
    0x0001b4c4   0x0001b4c4   0x0000002e   Code   RO         6257    i.buffer_add        nrf_fprintf_format.o
    0x0001b4f2   0x0001b4f2   0x00000002   PAD
    0x0001b4f4   0x0001b4f4   0x00000018   Code   RO         7156    i.buffer_is_empty   nrf_log_frontend.o
    0x0001b50c   0x0001b50c   0x00000028   Code   RO         1553    i.car_update_needed  gatt_cache_manager.o
    0x0001b534   0x0001b534   0x00000040   Code   RO         1554    i.car_update_pending_handle  gatt_cache_manager.o
    0x0001b574   0x0001b574   0x0000001c   Code   RO         3707    i.channel_free      nrfx_gpiote.o
    0x0001b590   0x0001b590   0x00000048   Code   RO         3708    i.channel_port_alloc  nrfx_gpiote.o
    0x0001b5d8   0x0001b5d8   0x00000010   Code   RO         3709    i.channel_port_get  nrfx_gpiote.o
    0x0001b5e8   0x0001b5e8   0x0000003e   Code   RO         2360    i.claim             peer_id.o
    0x0001b626   0x0001b626   0x00000002   PAD
    0x0001b628   0x0001b628   0x00000028   Code   RO         3222    i.clock_clk_started_notify  nrf_drv_clock.o
    0x0001b650   0x0001b650   0x0000001c   Code   RO         3223    i.clock_irq_handler  nrf_drv_clock.o
    0x0001b66c   0x0001b66c   0x00000018   Code   RO         5158    i.compare_func      app_timer2.o
    0x0001b684   0x0001b684   0x0000003e   Code   RO         1338    i.conn_handle_list_get  ble_conn_state.o
    0x0001b6c2   0x0001b6c2   0x00000002   PAD
    0x0001b6c4   0x0001b6c4   0x00000048   Code   RO         1250    i.conn_params_negotiation  ble_conn_params.o
    0x0001b70c   0x0001b70c   0x00000044   Code   RO         2908    i.conn_sec_failure  security_dispatcher.o
    0x0001b750   0x0001b750   0x00000030   Code   RO         1555    i.db_update_pending_handle  gatt_cache_manager.o
    0x0001b780   0x0001b780   0x0000008c   Code   RO         5549    i.delete_execute    fds.o
    0x0001b80c   0x0001b80c   0x00000014   Code   RO         7157    i.dropped_sat16_get  nrf_log_frontend.o
    0x0001b820   0x0001b820   0x00000008   Code   RO         5389    i.drv_rtc_counter_get  drv_rtc.o
    0x0001b828   0x0001b828   0x0000001e   Code   RO         5391    i.drv_rtc_irq_trigger  drv_rtc.o
    0x0001b846   0x0001b846   0x0000000a   Code   RO         2909    i.encryption_failure  security_dispatcher.o
    0x0001b850   0x0001b850   0x00000074   Code   RO         5550    i.event_prepare     fds.o
    0x0001b8c4   0x0001b8c4   0x00000020   Code   RO         5551    i.event_send        fds.o
    0x0001b8e4   0x0001b8e4   0x00000054   Code   RO         6385    i.event_send        nrf_fstorage_sd.o
    0x0001b938   0x0001b938   0x00000098   Code   RO         3047    i.events_send_from_err_code  security_manager.o
    0x0001b9d0   0x0001b9d0   0x0000001c   Code   RO         1556    i.evt_send          gatt_cache_manager.o
    0x0001b9ec   0x0001b9ec   0x0000001c   Code   RO         1718    i.evt_send          gatts_cache_manager.o
    0x0001ba08   0x0001ba08   0x0000002c   Code   RO         2451    i.evt_send          peer_manager.o
    0x0001ba34   0x0001ba34   0x0000001c   Code   RO         2910    i.evt_send          security_dispatcher.o
    0x0001ba50   0x0001ba50   0x0000000c   Code   RO         3048    i.evt_send          security_manager.o
    0x0001ba5c   0x0001ba5c   0x00000048   Code   RO         5553    i.fds_file_delete   fds.o
    0x0001baa4   0x0001baa4   0x00000048   Code   RO         5556    i.fds_record_close  fds.o
    0x0001baec   0x0001baec   0x0000000e   Code   RO         5558    i.fds_record_find   fds.o
    0x0001bafa   0x0001bafa   0x00000010   Code   RO         5559    i.fds_record_find_by_key  fds.o
    0x0001bb0a   0x0001bb0a   0x00000010   Code   RO         5560    i.fds_record_find_in_file  fds.o
    0x0001bb1a   0x0001bb1a   0x00000012   Code   RO         5561    i.fds_record_id_from_desc  fds.o
    0x0001bb2c   0x0001bb2c   0x0000004c   Code   RO         5563    i.fds_record_open   fds.o
    0x0001bb78   0x0001bb78   0x00000010   Code   RO         5564    i.fds_record_update  fds.o
    0x0001bb88   0x0001bb88   0x00000008   Code   RO         5565    i.fds_record_write  fds.o
    0x0001bb90   0x0001bb90   0x00000078   Code   RO            8    i.find_max          main.o
    0x0001bc08   0x0001bc08   0x0000000a   Code   RO         1339    i.flag_toggle       ble_conn_state.o
    0x0001bc12   0x0001bc12   0x00000028   Code   RO         1164    i.flags_set         ble_advertising.o
    0x0001bc3a   0x0001bc3a   0x00000002   PAD
    0x0001bc3c   0x0001bc3c   0x00000030   Code   RO         3050    i.flags_set_from_err_code  security_manager.o
    0x0001bc6c   0x0001bc6c   0x00000030   Code   RO         1340    i.for_each_set_flag  ble_conn_state.o
    0x0001bc9c   0x0001bc9c   0x00000006   Code   RO         5571    i.fs_event_handler  fds.o
    0x0001bca2   0x0001bca2   0x00000002   Code   RO           12    i.fstorage_evt_handler  main.o
    0x0001bca4   0x0001bca4   0x00000080   Code   RO         5572    i.gc_execute        fds.o
    0x0001bd24   0x0001bd24   0x0000004c   Code   RO         5573    i.gc_next_page      fds.o
    0x0001bd70   0x0001bd70   0x00000040   Code   RO         5574    i.gc_page_erase     fds.o
    0x0001bdb0   0x0001bdb0   0x00000034   Code   RO         5575    i.gc_record_copy    fds.o
    0x0001bde4   0x0001bde4   0x00000024   Code   RO         5576    i.gc_record_find_next  fds.o
    0x0001be08   0x0001be08   0x00000070   Code   RO         5577    i.gc_state_advance  fds.o
    0x0001be78   0x0001be78   0x00000030   Code   RO         5578    i.gc_swap_pages     fds.o
    0x0001bea8   0x0001bea8   0x00000230   Code   RO         1557    i.gcm_ble_evt_handler  gatt_cache_manager.o
    0x0001c0d8   0x0001c0d8   0x0000003c   Code   RO         1558    i.gcm_im_evt_handler  gatt_cache_manager.o
    0x0001c114   0x0001c114   0x00000088   Code   RO         1562    i.gcm_pdb_evt_handler  gatt_cache_manager.o
    0x0001c19c   0x0001c19c   0x00000034   Code   RO         5159    i.get_now           app_timer2.o
    0x0001c1d0   0x0001c1d0   0x0000001c   Code   RO         1719    i.gscm_db_change_notification_done  gatts_cache_manager.o
    0x0001c1ec   0x0001c1ec   0x00000090   Code   RO         1722    i.gscm_local_db_cache_apply  gatts_cache_manager.o
    0x0001c27c   0x0001c27c   0x00000148   Code   RO         1723    i.gscm_local_db_cache_update  gatts_cache_manager.o
    0x0001c3c4   0x0001c3c4   0x00000018   Code   RO         1724    i.gscm_pdb_evt_handler  gatts_cache_manager.o
    0x0001c3dc   0x0001c3dc   0x0000001e   Code   RO         1725    i.gscm_service_changed_ind_needed  gatts_cache_manager.o
    0x0001c3fa   0x0001c3fa   0x00000002   PAD
    0x0001c3fc   0x0001c3fc   0x0000005c   Code   RO         1726    i.gscm_service_changed_ind_send  gatts_cache_manager.o
    0x0001c458   0x0001c458   0x0000002c   Code   RO         5579    i.header_check      fds.o
    0x0001c484   0x0001c484   0x00000012   Code   RO         5580    i.header_has_next   fds.o
    0x0001c496   0x0001c496   0x00000046   Code   RO         1815    i.im_address_resolve  id_manager.o
    0x0001c4dc   0x0001c4dc   0x00000038   Code   RO         1816    i.im_ble_addr_get   id_manager.o
    0x0001c514   0x0001c514   0x000000dc   Code   RO         1817    i.im_ble_evt_handler  id_manager.o
    0x0001c5f0   0x0001c5f0   0x00000040   Code   RO         1818    i.im_conn_handle_get  id_manager.o
    0x0001c630   0x0001c630   0x00000038   Code   RO         1820    i.im_find_duplicate_bonding_data  id_manager.o
    0x0001c668   0x0001c668   0x00000072   Code   RO         1823    i.im_is_duplicate_bonding_data  id_manager.o
    0x0001c6da   0x0001c6da   0x00000018   Code   RO         1824    i.im_master_id_is_valid  id_manager.o
    0x0001c6f2   0x0001c6f2   0x0000002a   Code   RO         1825    i.im_master_ids_compare  id_manager.o
    0x0001c71c   0x0001c71c   0x00000014   Code   RO         1826    i.im_new_peer_id    id_manager.o
    0x0001c730   0x0001c730   0x0000002c   Code   RO         1827    i.im_peer_free      id_manager.o
    0x0001c75c   0x0001c75c   0x00000024   Code   RO         1828    i.im_peer_id_get_by_conn_handle  id_manager.o
    0x0001c780   0x0001c780   0x0000003c   Code   RO         1829    i.im_peer_id_get_by_master_id  id_manager.o
    0x0001c7bc   0x0001c7bc   0x000000c4   Code   RO         5581    i.init_execute      fds.o
    0x0001c880   0x0001c880   0x00000014   Code   RO         1251    i.instance_get      ble_conn_params.o
    0x0001c894   0x0001c894   0x000000a6   Code   RO         6258    i.int_print         nrf_fprintf_format.o
    0x0001c93a   0x0001c93a   0x00000002   PAD
    0x0001c93c   0x0001c93c   0x00000088   Code   RO         4254    i.interrupts_enable  nrfx_uarte.o
    0x0001c9c4   0x0001c9c4   0x00000034   Code   RO         7158    i.invalid_packets_omit  nrf_log_frontend.o
    0x0001c9f8   0x0001c9f8   0x00000046   Code   RO         4721    i.irq_handler       nrfx_timer.o
    0x0001ca3e   0x0001ca3e   0x00000002   PAD
    0x0001ca40   0x0001ca40   0x00000018   Code   RO         4414    i.is_allocated_channel  nrfx_ppi.o
    0x0001ca58   0x0001ca58   0x0000000a   Code   RO         4416    i.is_app_channel    nrfx_ppi.o
    0x0001ca62   0x0001ca62   0x00000044   Code   RO         1252    i.is_conn_params_ok  ble_conn_params.o
    0x0001caa6   0x0001caa6   0x0000000c   Code   RO         4418    i.is_programmable_app_channel  nrfx_ppi.o
    0x0001cab2   0x0001cab2   0x00000014   Code   RO         1834    i.is_valid_irk      id_manager.o
    0x0001cac6   0x0001cac6   0x0000000c   Code   RO         5582    i.is_word_aligned   fds.o
    0x0001cad2   0x0001cad2   0x0000000e   Code   RO         1982    i.link_init         nrf_ble_gatt.o
    0x0001cae0   0x0001cae0   0x000000d0   Code   RO         3051    i.link_secure       security_manager.o
    0x0001cbb0   0x0001cbb0   0x0000003c   Code   RO         2912    i.link_secure_failure  security_dispatcher.o
    0x0001cbec   0x0001cbec   0x0000002c   Code   RO         3052    i.link_secure_pending_handle  security_manager.o
    0x0001cc18   0x0001cc18   0x000000a8   Code   RO         1563    i.local_db_apply_in_evt  gatt_cache_manager.o
    0x0001ccc0   0x0001ccc0   0x00000010   Code   RO         1564    i.local_db_update   gatt_cache_manager.o
    0x0001ccd0   0x0001ccd0   0x00000114   Code   RO         1565    i.local_db_update_in_evt  gatt_cache_manager.o
    0x0001cde4   0x0001cde4   0x00000002   Code   RO         7159    i.log_pending_hook  nrf_log_frontend.o
    0x0001cde6   0x0001cde6   0x00000002   PAD
    0x0001cde8   0x0001cde8   0x000000a4   Code   RO         7160    i.log_skip          nrf_log_frontend.o
    0x0001ce8c   0x0001ce8c   0x0000006c   Code   RO           13    i.main              main.o
    0x0001cef8   0x0001cef8   0x0000007e   Code   RO         6496    i.memobj_op         nrf_memobj.o
    0x0001cf76   0x0001cf76   0x00000002   PAD
    0x0001cf78   0x0001cf78   0x00000030   Code   RO         7161    i.module_idx_get    nrf_log_frontend.o
    0x0001cfa8   0x0001cfa8   0x00000008   Code   RO         2859    i.mutex_lock_status_get  pm_buffer.o
    0x0001cfb0   0x0001cfb0   0x00000014   Code   RO         3053    i.new_context_get   security_manager.o
    0x0001cfc4   0x0001cfc4   0x00000032   Code   RO         3054    i.new_evt           security_manager.o
    0x0001cff6   0x0001cff6   0x00000030   Code   RO         2361    i.next_id_get       peer_id.o
    0x0001d026   0x0001d026   0x00000002   PAD
    0x0001d028   0x0001d028   0x0000003c   Code   RO         7982    i.nrf52_errata_136  system_nrf52.o
    0x0001d064   0x0001d064   0x0000003c   Code   RO         7983    i.nrf52_errata_31   system_nrf52.o
    0x0001d0a0   0x0001d0a0   0x0000003c   Code   RO         7984    i.nrf52_errata_36   system_nrf52.o
    0x0001d0dc   0x0001d0dc   0x00000044   Code   RO         7985    i.nrf52_errata_66   system_nrf52.o
    0x0001d120   0x0001d120   0x00000016   Code   RO         5914    i.nrf_atfifo_item_alloc  nrf_atfifo.o
    0x0001d136   0x0001d136   0x00000016   Code   RO         5915    i.nrf_atfifo_item_free  nrf_atfifo.o
    0x0001d14c   0x0001d14c   0x00000016   Code   RO         5916    i.nrf_atfifo_item_get  nrf_atfifo.o
    0x0001d162   0x0001d162   0x00000016   Code   RO         5917    i.nrf_atfifo_item_put  nrf_atfifo.o
    0x0001d178   0x0001d178   0x00000016   Code   RO         5979    i.nrf_atflags_clear  nrf_atflags.o
    0x0001d18e   0x0001d18e   0x00000020   Code   RO         5981    i.nrf_atflags_fetch_set  nrf_atflags.o
    0x0001d1ae   0x0001d1ae   0x0000004a   Code   RO         5983    i.nrf_atflags_find_and_set_flag  nrf_atflags.o
    0x0001d1f8   0x0001d1f8   0x00000016   Code   RO         5984    i.nrf_atflags_get   nrf_atflags.o
    0x0001d20e   0x0001d20e   0x00000014   Code   RO         5986    i.nrf_atflags_set   nrf_atflags.o
    0x0001d222   0x0001d222   0x00000006   Code   RO         6047    i.nrf_atomic_flag_clear_fetch  nrf_atomic.o
    0x0001d228   0x0001d228   0x00000006   Code   RO         6048    i.nrf_atomic_flag_set  nrf_atomic.o
    0x0001d22e   0x0001d22e   0x0000000c   Code   RO         6050    i.nrf_atomic_u32_add  nrf_atomic.o
    0x0001d23a   0x0001d23a   0x0000000c   Code   RO         6051    i.nrf_atomic_u32_and  nrf_atomic.o
    0x0001d246   0x0001d246   0x0000000a   Code   RO         6053    i.nrf_atomic_u32_fetch_add  nrf_atomic.o
    0x0001d250   0x0001d250   0x0000000a   Code   RO         6054    i.nrf_atomic_u32_fetch_and  nrf_atomic.o
    0x0001d25a   0x0001d25a   0x0000000a   Code   RO         6055    i.nrf_atomic_u32_fetch_or  nrf_atomic.o
    0x0001d264   0x0001d264   0x0000000a   Code   RO         6056    i.nrf_atomic_u32_fetch_store  nrf_atomic.o
    0x0001d26e   0x0001d26e   0x0000000c   Code   RO         6060    i.nrf_atomic_u32_or  nrf_atomic.o
    0x0001d27a   0x0001d27a   0x0000000c   Code   RO         6062    i.nrf_atomic_u32_sub  nrf_atomic.o
    0x0001d286   0x0001d286   0x00000044   Code   RO         6181    i.nrf_balloc_alloc  nrf_balloc.o
    0x0001d2ca   0x0001d2ca   0x00000030   Code   RO         6182    i.nrf_balloc_free   nrf_balloc.o
    0x0001d2fa   0x0001d2fa   0x00000010   Code   RO         3710    i.nrf_bitmask_bit_is_set  nrfx_gpiote.o
    0x0001d30a   0x0001d30a   0x00000002   PAD
    0x0001d30c   0x0001d30c   0x000000f4   Code   RO         1987    i.nrf_ble_gatt_on_ble_evt  nrf_ble_gatt.o
    0x0001d400   0x0001d400   0x000000b6   Code   RO         2059    i.nrf_ble_qwr_on_ble_evt  nrf_ble_qwr.o
    0x0001d4b6   0x0001d4b6   0x0000000e   Code   RO         3568    i.nrf_clock_event_check  nrfx_clock.o
    0x0001d4c4   0x0001d4c4   0x00000010   Code   RO         3569    i.nrf_clock_event_clear  nrfx_clock.o
    0x0001d4d4   0x0001d4d4   0x00000040   Code   RO         3230    i.nrf_drv_clock_init  nrf_drv_clock.o
    0x0001d514   0x0001d514   0x00000034   Code   RO         3234    i.nrf_drv_clock_lfclk_release  nrf_drv_clock.o
    0x0001d548   0x0001d548   0x00000018   Code   RO         4864    i.nrf_drv_ppi_init  nrf_drv_ppi.o
    0x0001d560   0x0001d560   0x00000068   Code   RO         3376    i.nrf_drv_uart_init  nrf_drv_uart.o
    0x0001d5c8   0x0001d5c8   0x0000001a   Code   RO         6218    i.nrf_fprintf       nrf_fprintf.o
    0x0001d5e2   0x0001d5e2   0x00000018   Code   RO         6219    i.nrf_fprintf_buffer_flush  nrf_fprintf.o
    0x0001d5fa   0x0001d5fa   0x000001da   Code   RO         6259    i.nrf_fprintf_fmt   nrf_fprintf_format.o
    0x0001d7d4   0x0001d7d4   0x00000138   Code   RO         6299    i.nrf_fstorage_erase  nrf_fstorage.o
    0x0001d90c   0x0001d90c   0x00000018   Code   RO         6388    i.nrf_fstorage_sdh_req_handler  nrf_fstorage_sd.o
    0x0001d924   0x0001d924   0x00000020   Code   RO         6389    i.nrf_fstorage_sdh_state_handler  nrf_fstorage_sd.o
    0x0001d944   0x0001d944   0x000000a4   Code   RO         6390    i.nrf_fstorage_sys_evt_handler  nrf_fstorage_sd.o
    0x0001d9e8   0x0001d9e8   0x000001dc   Code   RO         6306    i.nrf_fstorage_write  nrf_fstorage.o
    0x0001dbc4   0x0001dbc4   0x00000024   Code   RO         3711    i.nrf_gpio_cfg      nrfx_gpiote.o
    0x0001dbe8   0x0001dbe8   0x00000024   Code   RO         4066    i.nrf_gpio_cfg      nrfx_uart.o
    0x0001dc0c   0x0001dc0c   0x00000024   Code   RO         4255    i.nrf_gpio_cfg      nrfx_uarte.o
    0x0001dc30   0x0001dc30   0x00000012   Code   RO         3712    i.nrf_gpio_cfg_default  nrfx_gpiote.o
    0x0001dc42   0x0001dc42   0x00000012   Code   RO         4067    i.nrf_gpio_cfg_default  nrfx_uart.o
    0x0001dc54   0x0001dc54   0x00000012   Code   RO         4256    i.nrf_gpio_cfg_default  nrfx_uarte.o
    0x0001dc66   0x0001dc66   0x00000012   Code   RO         4068    i.nrf_gpio_cfg_input  nrfx_uart.o
    0x0001dc78   0x0001dc78   0x00000012   Code   RO         4257    i.nrf_gpio_cfg_input  nrfx_uarte.o
    0x0001dc8a   0x0001dc8a   0x00000014   Code   RO         4069    i.nrf_gpio_cfg_output  nrfx_uart.o
    0x0001dc9e   0x0001dc9e   0x00000014   Code   RO         4258    i.nrf_gpio_cfg_output  nrfx_uarte.o
    0x0001dcb2   0x0001dcb2   0x00000022   Code   RO         3713    i.nrf_gpio_cfg_sense_set  nrfx_gpiote.o
    0x0001dcd4   0x0001dcd4   0x0000002c   Code   RO         3714    i.nrf_gpio_latches_read_and_clear  nrfx_gpiote.o
    0x0001dd00   0x0001dd00   0x0000001e   Code   RO         3715    i.nrf_gpio_pin_present_check  nrfx_gpiote.o
    0x0001dd1e   0x0001dd1e   0x00000002   PAD
    0x0001dd20   0x0001dd20   0x00000014   Code   RO         3716    i.nrf_gpiote_event_clear  nrfx_gpiote.o
    0x0001dd34   0x0001dd34   0x00000010   Code   RO         3717    i.nrf_gpiote_event_is_set  nrfx_gpiote.o
    0x0001dd44   0x0001dd44   0x000000c2   Code   RO         7006    i.nrf_log_backend_serial_put  nrf_log_backend_serial.o
    0x0001de06   0x0001de06   0x00000002   Code   RO         7046    i.nrf_log_backend_uart_flush  nrf_log_backend_uart.o
    0x0001de08   0x0001de08   0x0000002c   Code   RO         7048    i.nrf_log_backend_uart_panic_set  nrf_log_backend_uart.o
    0x0001de34   0x0001de34   0x00000018   Code   RO         7049    i.nrf_log_backend_uart_put  nrf_log_backend_uart.o
    0x0001de4c   0x0001de4c   0x00000030   Code   RO         7164    i.nrf_log_color_id_get  nrf_log_frontend.o
    0x0001de7c   0x0001de7c   0x00000234   Code   RO         7165    i.nrf_log_frontend_dequeue  nrf_log_frontend.o
    0x0001e0b0   0x0001e0b0   0x00000008   Code   RO         7167    i.nrf_log_frontend_std_0  nrf_log_frontend.o
    0x0001e0b8   0x0001e0b8   0x0000000e   Code   RO         7168    i.nrf_log_frontend_std_1  nrf_log_frontend.o
    0x0001e0c6   0x0001e0c6   0x00000010   Code   RO         7169    i.nrf_log_frontend_std_2  nrf_log_frontend.o
    0x0001e0d6   0x0001e0d6   0x00000012   Code   RO         7170    i.nrf_log_frontend_std_3  nrf_log_frontend.o
    0x0001e0e8   0x0001e0e8   0x000000b0   Code   RO         7348    i.nrf_log_hexdump_entry_process  nrf_log_str_formatter.o
    0x0001e198   0x0001e198   0x00000014   Code   RO         7175    i.nrf_log_module_cnt_get  nrf_log_frontend.o
    0x0001e1ac   0x0001e1ac   0x0000001c   Code   RO         7178    i.nrf_log_module_name_get  nrf_log_frontend.o
    0x0001e1c8   0x0001e1c8   0x00000028   Code   RO         7179    i.nrf_log_panic     nrf_log_frontend.o
    0x0001e1f0   0x0001e1f0   0x000000b6   Code   RO         7349    i.nrf_log_std_entry_process  nrf_log_str_formatter.o
    0x0001e2a6   0x0001e2a6   0x00000060   Code   RO         6497    i.nrf_memobj_alloc  nrf_memobj.o
    0x0001e306   0x0001e306   0x00000032   Code   RO         6498    i.nrf_memobj_free   nrf_memobj.o
    0x0001e338   0x0001e338   0x00000008   Code   RO         6499    i.nrf_memobj_get    nrf_memobj.o
    0x0001e340   0x0001e340   0x0000001e   Code   RO         6501    i.nrf_memobj_put    nrf_memobj.o
    0x0001e35e   0x0001e35e   0x00000010   Code   RO         6502    i.nrf_memobj_read   nrf_memobj.o
    0x0001e36e   0x0001e36e   0x00000010   Code   RO         6503    i.nrf_memobj_write  nrf_memobj.o
    0x0001e37e   0x0001e37e   0x00000002   PAD
    0x0001e380   0x0001e380   0x00000010   Code   RO         4567    i.nrf_saadc_buffer_init  nrfx_saadc.o
    0x0001e390   0x0001e390   0x00000014   Code   RO         4568    i.nrf_saadc_channel_input_set  nrfx_saadc.o
    0x0001e3a4   0x0001e3a4   0x00000010   Code   RO         4569    i.nrf_saadc_event_check  nrfx_saadc.o
    0x0001e3b4   0x0001e3b4   0x00000014   Code   RO         4570    i.nrf_saadc_event_clear  nrfx_saadc.o
    0x0001e3c8   0x0001e3c8   0x0000005c   Code   RO         7886    i.nrf_sdh_ble_evts_poll  nrf_sdh_ble.o
    0x0001e424   0x0001e424   0x00000054   Code   RO         7764    i.nrf_sdh_disable_request  nrf_sdh.o
    0x0001e478   0x0001e478   0x00000074   Code   RO         7765    i.nrf_sdh_enable_request  nrf_sdh.o
    0x0001e4ec   0x0001e4ec   0x00000024   Code   RO         7766    i.nrf_sdh_evts_poll  nrf_sdh.o
    0x0001e510   0x0001e510   0x0000000c   Code   RO         7767    i.nrf_sdh_is_enabled  nrf_sdh.o
    0x0001e51c   0x0001e51c   0x0000001c   Code   RO         7769    i.nrf_sdh_request_continue  nrf_sdh.o
    0x0001e538   0x0001e538   0x0000003c   Code   RO         7937    i.nrf_sdh_soc_evts_poll  nrf_sdh_soc.o
    0x0001e574   0x0001e574   0x0000000a   Code   RO         6700    i.nrf_section_iter_init  nrf_section_iter.o
    0x0001e57e   0x0001e57e   0x00000024   Code   RO         6701    i.nrf_section_iter_item_set  nrf_section_iter.o
    0x0001e5a2   0x0001e5a2   0x00000020   Code   RO         6702    i.nrf_section_iter_next  nrf_section_iter.o
    0x0001e5c2   0x0001e5c2   0x00000002   PAD
    0x0001e5c4   0x0001e5c4   0x00000038   Code   RO         6791    i.nrf_strerror_find  nrf_strerror.o
    0x0001e5fc   0x0001e5fc   0x00000014   Code   RO         6792    i.nrf_strerror_get  nrf_strerror.o
    0x0001e610   0x0001e610   0x0000000c   Code   RO         4722    i.nrf_timer_event_clear  nrfx_timer.o
    0x0001e61c   0x0001e61c   0x0000000a   Code   RO         4070    i.nrf_uart_event_check  nrfx_uart.o
    0x0001e626   0x0001e626   0x0000000c   Code   RO         4071    i.nrf_uart_event_clear  nrfx_uart.o
    0x0001e632   0x0001e632   0x0000000c   Code   RO         4072    i.nrf_uart_int_enable_check  nrfx_uart.o
    0x0001e63e   0x0001e63e   0x0000000a   Code   RO         4259    i.nrf_uarte_event_check  nrfx_uarte.o
    0x0001e648   0x0001e648   0x0000000c   Code   RO         4260    i.nrf_uarte_event_clear  nrfx_uarte.o
    0x0001e654   0x0001e654   0x00000010   Code   RO         3237    i.nrf_wdt_started   nrf_drv_clock.o
    0x0001e664   0x0001e664   0x0000002c   Code   RO         3574    i.nrfx_clock_enable  nrfx_clock.o
    0x0001e690   0x0001e690   0x00000020   Code   RO         3577    i.nrfx_clock_init   nrfx_clock.o
    0x0001e6b0   0x0001e6b0   0x00000030   Code   RO         3580    i.nrfx_clock_lfclk_stop  nrfx_clock.o
    0x0001e6e0   0x0001e6e0   0x00000010   Code   RO           15    i.nrfx_coredep_delay_us  main.o
    0x0001e6f0   0x0001e6f0   0x00000010   Code   RO         4572    i.nrfx_coredep_delay_us  nrfx_saadc.o
    0x0001e700   0x0001e700   0x00000010   Code   RO         3718    i.nrfx_gpiote_clr_task_addr_get  nrfx_gpiote.o
    0x0001e710   0x0001e710   0x00000010   Code   RO         3719    i.nrfx_gpiote_clr_task_get  nrfx_gpiote.o
    0x0001e720   0x0001e720   0x00000074   Code   RO         3728    i.nrfx_gpiote_init  nrfx_gpiote.o
    0x0001e794   0x0001e794   0x00000014   Code   RO         3729    i.nrfx_gpiote_is_init  nrfx_gpiote.o
    0x0001e7a8   0x0001e7a8   0x000000bc   Code   RO         3731    i.nrfx_gpiote_out_init  nrfx_gpiote.o
    0x0001e864   0x0001e864   0x00000024   Code   RO         3735    i.nrfx_gpiote_out_task_enable  nrfx_gpiote.o
    0x0001e888   0x0001e888   0x00000028   Code   RO         3736    i.nrfx_gpiote_out_task_force  nrfx_gpiote.o
    0x0001e8b0   0x0001e8b0   0x00000058   Code   RO         3740    i.nrfx_gpiote_out_uninit  nrfx_gpiote.o
    0x0001e908   0x0001e908   0x00000010   Code   RO         3741    i.nrfx_gpiote_set_task_addr_get  nrfx_gpiote.o
    0x0001e918   0x0001e918   0x00000010   Code   RO         3742    i.nrfx_gpiote_set_task_get  nrfx_gpiote.o
    0x0001e928   0x0001e928   0x00000010   Code   RO         4261    i.nrfx_is_in_ram    nrfx_uarte.o
    0x0001e938   0x0001e938   0x0000006c   Code   RO         4419    i.nrfx_ppi_channel_alloc  nrfx_ppi.o
    0x0001e9a4   0x0001e9a4   0x00000044   Code   RO         4420    i.nrfx_ppi_channel_assign  nrfx_ppi.o
    0x0001e9e8   0x0001e9e8   0x00000034   Code   RO         4421    i.nrfx_ppi_channel_disable  nrfx_ppi.o
    0x0001ea1c   0x0001ea1c   0x00000034   Code   RO         4422    i.nrfx_ppi_channel_enable  nrfx_ppi.o
    0x0001ea50   0x0001ea50   0x00000040   Code   RO         4424    i.nrfx_ppi_channel_free  nrfx_ppi.o
    0x0001ea90   0x0001ea90   0x0000003a   Code   RO         4012    i.nrfx_prs_acquire  nrfx_prs.o
    0x0001eaca   0x0001eaca   0x00000012   Code   RO         4013    i.nrfx_prs_release  nrfx_prs.o
    0x0001eadc   0x0001eadc   0x000000ac   Code   RO         4576    i.nrfx_saadc_channel_init  nrfx_saadc.o
    0x0001eb88   0x0001eb88   0x00000094   Code   RO         4578    i.nrfx_saadc_init   nrfx_saadc.o
    0x0001ec1c   0x0001ec1c   0x000000c0   Code   RO         4582    i.nrfx_saadc_sample_convert  nrfx_saadc.o
    0x0001ecdc   0x0001ecdc   0x00000008   Code   RO         4724    i.nrfx_timer_clear  nrfx_timer.o
    0x0001ece4   0x0001ece4   0x0000003a   Code   RO         4725    i.nrfx_timer_compare  nrfx_timer.o
    0x0001ed1e   0x0001ed1e   0x00000010   Code   RO         6864    i.nrfx_timer_compare_event_address_get  app_pwm.o
    0x0001ed2e   0x0001ed2e   0x0000000e   Code   RO         4726    i.nrfx_timer_compare_int_disable  nrfx_timer.o
    0x0001ed3c   0x0001ed3c   0x00000024   Code   RO         4727    i.nrfx_timer_compare_int_enable  nrfx_timer.o
    0x0001ed60   0x0001ed60   0x0000001c   Code   RO         4728    i.nrfx_timer_disable  nrfx_timer.o
    0x0001ed7c   0x0001ed7c   0x0000001c   Code   RO         4729    i.nrfx_timer_enable  nrfx_timer.o
    0x0001ed98   0x0001ed98   0x0000002a   Code   RO         4730    i.nrfx_timer_extended_compare  nrfx_timer.o
    0x0001edc2   0x0001edc2   0x00000002   PAD
    0x0001edc4   0x0001edc4   0x000000c0   Code   RO         4732    i.nrfx_timer_init   nrfx_timer.o
    0x0001ee84   0x0001ee84   0x0000005c   Code   RO         4736    i.nrfx_timer_uninit  nrfx_timer.o
    0x0001eee0   0x0001eee0   0x00000010   Code   RO         4073    i.nrfx_uart_0_irq_handler  nrfx_uart.o
    0x0001eef0   0x0001eef0   0x000000d4   Code   RO         4075    i.nrfx_uart_init    nrfx_uart.o
    0x0001efc4   0x0001efc4   0x000000a8   Code   RO         4081    i.nrfx_uart_tx      nrfx_uart.o
    0x0001f06c   0x0001f06c   0x00000020   Code   RO         4083    i.nrfx_uart_tx_in_progress  nrfx_uart.o
    0x0001f08c   0x0001f08c   0x000000c0   Code   RO         4084    i.nrfx_uart_uninit  nrfx_uart.o
    0x0001f14c   0x0001f14c   0x00000010   Code   RO         4262    i.nrfx_uarte_0_irq_handler  nrfx_uarte.o
    0x0001f15c   0x0001f15c   0x0000006c   Code   RO         4264    i.nrfx_uarte_init   nrfx_uarte.o
    0x0001f1c8   0x0001f1c8   0x000000ac   Code   RO         4268    i.nrfx_uarte_tx     nrfx_uarte.o
    0x0001f274   0x0001f274   0x0000001c   Code   RO         4270    i.nrfx_uarte_tx_in_progress  nrfx_uarte.o
    0x0001f290   0x0001f290   0x00000108   Code   RO         4271    i.nrfx_uarte_uninit  nrfx_uarte.o
    0x0001f398   0x0001f398   0x00000018   Code   RO         7986    i.nvmc_config       system_nrf52.o
    0x0001f3b0   0x0001f3b0   0x0000008c   Code   RO         1988    i.on_connected_evt  nrf_ble_gatt.o
    0x0001f43c   0x0001f43c   0x000000b0   Code   RO         1989    i.on_exchange_mtu_request_evt  nrf_ble_gatt.o
    0x0001f4ec   0x0001f4ec   0x0000001c   Code   RO         5584    i.page_offsets_update  fds.o
    0x0001f508   0x0001f508   0x0000001c   Code   RO         5586    i.page_tag_write_data  fds.o
    0x0001f524   0x0001f524   0x00000024   Code   RO         5587    i.page_tag_write_swap  fds.o
    0x0001f548   0x0001f548   0x0000000c   Code   RO         2913    i.pairing           security_dispatcher.o
    0x0001f554   0x0001f554   0x00000074   Code   RO         2914    i.pairing_failure   security_dispatcher.o
    0x0001f5c8   0x0001f5c8   0x0000002e   Code   RO         2915    i.pairing_success_evt_send  security_dispatcher.o
    0x0001f5f6   0x0001f5f6   0x00000006   Code   RO         3055    i.params_reply_pending_handle  security_manager.o
    0x0001f5fc   0x0001f5fc   0x00000020   Code   RO         3056    i.params_req_send   security_manager.o
    0x0001f61c   0x0001f61c   0x0000001c   Code   RO         2241    i.pdb_evt_send      peer_database.o
    0x0001f638   0x0001f638   0x0000007c   Code   RO         2243    i.pdb_pds_evt_handler  peer_database.o
    0x0001f6b4   0x0001f6b4   0x00000006   Code   RO         2244    i.pdb_peer_data_ptr_get  peer_database.o
    0x0001f6ba   0x0001f6ba   0x00000002   PAD
    0x0001f6bc   0x0001f6bc   0x0000008c   Code   RO         2245    i.pdb_peer_free     peer_database.o
    0x0001f748   0x0001f748   0x000000dc   Code   RO         2246    i.pdb_write_buf_get  peer_database.o
    0x0001f824   0x0001f824   0x00000014   Code   RO         2247    i.pdb_write_buf_release  peer_database.o
    0x0001f838   0x0001f838   0x00000036   Code   RO         2248    i.pdb_write_buf_store  peer_database.o
    0x0001f86e   0x0001f86e   0x00000002   PAD
    0x0001f870   0x0001f870   0x00000010   Code   RO         2100    i.pds_evt_send      peer_data_storage.o
    0x0001f880   0x0001f880   0x00000004   Code   RO         2102    i.pds_next_deleted_peer_id_get  peer_data_storage.o
    0x0001f884   0x0001f884   0x00000004   Code   RO         2103    i.pds_next_peer_id_get  peer_data_storage.o
    0x0001f888   0x0001f888   0x00000058   Code   RO         2106    i.pds_peer_data_iterate  peer_data_storage.o
    0x0001f8e0   0x0001f8e0   0x00000010   Code   RO         2107    i.pds_peer_data_iterate_prepare  peer_data_storage.o
    0x0001f8f0   0x0001f8f0   0x00000072   Code   RO         2108    i.pds_peer_data_read  peer_data_storage.o
    0x0001f962   0x0001f962   0x00000002   PAD
    0x0001f964   0x0001f964   0x000000b4   Code   RO         2109    i.pds_peer_data_store  peer_data_storage.o
    0x0001fa18   0x0001fa18   0x00000008   Code   RO         2110    i.pds_peer_id_allocate  peer_data_storage.o
    0x0001fa20   0x0001fa20   0x00000016   Code   RO         2111    i.pds_peer_id_free  peer_data_storage.o
    0x0001fa36   0x0001fa36   0x00000004   Code   RO         2112    i.pds_peer_id_is_allocated  peer_data_storage.o
    0x0001fa3a   0x0001fa3a   0x00000002   PAD
    0x0001fa3c   0x0001fa3c   0x000000a8   Code   RO         2114    i.peer_data_delete_process  peer_data_storage.o
    0x0001fae4   0x0001fae4   0x00000030   Code   RO         2115    i.peer_data_find    peer_data_storage.o
    0x0001fb14   0x0001fb14   0x00000024   Code   RO         2116    i.peer_data_id_is_valid  peer_data_storage.o
    0x0001fb38   0x0001fb38   0x0000001a   Code   RO         2249    i.peer_data_point_to_buffer  peer_database.o
    0x0001fb52   0x0001fb52   0x00000002   PAD
    0x0001fb54   0x0001fb54   0x0000000c   Code   RO         2362    i.peer_id_allocate  peer_id.o
    0x0001fb60   0x0001fb60   0x00000024   Code   RO         2363    i.peer_id_delete    peer_id.o
    0x0001fb84   0x0001fb84   0x0000001c   Code   RO         2364    i.peer_id_free      peer_id.o
    0x0001fba0   0x0001fba0   0x0000000c   Code   RO         2365    i.peer_id_get_next_deleted  peer_id.o
    0x0001fbac   0x0001fbac   0x00000030   Code   RO         2366    i.peer_id_get_next_used  peer_id.o
    0x0001fbdc   0x0001fbdc   0x00000014   Code   RO         2368    i.peer_id_is_allocated  peer_id.o
    0x0001fbf0   0x0001fbf0   0x00000014   Code   RO         2369    i.peer_id_is_deleted  peer_id.o
    0x0001fc04   0x0001fc04   0x00000012   Code   RO         1165    i.phy_is_valid      ble_advertising.o
    0x0001fc16   0x0001fc16   0x00000002   PAD
    0x0001fc18   0x0001fc18   0x00000014   Code   RO         3745    i.pin_configured_check  nrfx_gpiote.o
    0x0001fc2c   0x0001fc2c   0x0000001c   Code   RO         3746    i.pin_configured_clear  nrfx_gpiote.o
    0x0001fc48   0x0001fc48   0x0000001c   Code   RO         3747    i.pin_configured_set  nrfx_gpiote.o
    0x0001fc64   0x0001fc64   0x00000018   Code   RO         3749    i.pin_in_use_by_te  nrfx_gpiote.o
    0x0001fc7c   0x0001fc7c   0x00000064   Code   RO         2860    i.pm_buffer_block_acquire  pm_buffer.o
    0x0001fce0   0x0001fce0   0x00000028   Code   RO         2862    i.pm_buffer_ptr_get  pm_buffer.o
    0x0001fd08   0x0001fd08   0x00000032   Code   RO         2863    i.pm_buffer_release  pm_buffer.o
    0x0001fd3a   0x0001fd3a   0x00000004   Code   RO         2460    i.pm_gcm_evt_handler  peer_manager.o
    0x0001fd3e   0x0001fd3e   0x00000004   Code   RO         2461    i.pm_gscm_evt_handler  peer_manager.o
    0x0001fd42   0x0001fd42   0x00000004   Code   RO         2464    i.pm_im_evt_handler  peer_manager.o
    0x0001fd46   0x0001fd46   0x00000002   PAD
    0x0001fd48   0x0001fd48   0x00000118   Code   RO         2469    i.pm_pdb_evt_handler  peer_manager.o
    0x0001fe60   0x0001fe60   0x000000e8   Code   RO         2485    i.pm_peer_ranks_get  peer_manager.o
    0x0001ff48   0x0001ff48   0x0000000a   Code   RO         2492    i.pm_sm_evt_handler  peer_manager.o
    0x0001ff52   0x0001ff52   0x00000002   PAD
    0x0001ff54   0x0001ff54   0x000000b4   Code   RO         3750    i.port_event_handle  nrfx_gpiote.o
    0x00020008   0x00020008   0x00000010   Code   RO         3751    i.port_handler_polarity_get  nrfx_gpiote.o
    0x00020018   0x00020018   0x0000003c   Code   RO         7351    i.postfix_process   nrf_log_str_formatter.o
    0x00020054   0x00020054   0x00000098   Code   RO         7352    i.prefix_process    nrf_log_str_formatter.o
    0x000200ec   0x000200ec   0x00000018   Code   RO         4014    i.prs_box_get       nrfx_prs.o
    0x00020104   0x00020104   0x00000068   Code   RO         6865    i.pwm_dealloc       app_pwm.o
    0x0002016c   0x0002016c   0x0000000c   Code   RO           17    i.pwm_ready_callback  main.o
    0x00020178   0x00020178   0x0000005c   Code   RO         6866    i.pwm_ready_tick    app_pwm.o
    0x000201d4   0x000201d4   0x000000d8   Code   RO         6867    i.pwm_transition    app_pwm.o
    0x000202ac   0x000202ac   0x0000001c   Code   RO         5589    i.queue_buf_get     fds.o
    0x000202c8   0x000202c8   0x00000010   Code   RO         5590    i.queue_buf_store   fds.o
    0x000202d8   0x000202d8   0x00000014   Code   RO         6391    i.queue_free        nrf_fstorage_sd.o
    0x000202ec   0x000202ec   0x000000a4   Code   RO         5591    i.queue_process     fds.o
    0x00020390   0x00020390   0x000000a0   Code   RO         6392    i.queue_process     nrf_fstorage_sd.o
    0x00020430   0x00020430   0x0000001c   Code   RO         5592    i.queue_start       fds.o
    0x0002044c   0x0002044c   0x00000030   Code   RO         2495    i.rank_vars_update  peer_manager.o
    0x0002047c   0x0002047c   0x000000a8   Code   RO         2250    i.reattempt_previous_operations  peer_database.o
    0x00020524   0x00020524   0x00000090   Code   RO         5593    i.record_find       fds.o
    0x000205b4   0x000205b4   0x000000a0   Code   RO         5594    i.record_find_by_desc  fds.o
    0x00020654   0x00020654   0x0000005c   Code   RO         5595    i.record_find_next  fds.o
    0x000206b0   0x000206b0   0x0000003c   Code   RO         5596    i.record_header_flag_dirty  fds.o
    0x000206ec   0x000206ec   0x00000010   Code   RO         2371    i.release           peer_id.o
    0x000206fc   0x000206fc   0x00000032   Code   RO         4085    i.rx_byte           nrfx_uart.o
    0x0002072e   0x0002072e   0x00000016   Code   RO         4086    i.rx_done_event     nrfx_uart.o
    0x00020744   0x00020744   0x00000016   Code   RO         4272    i.rx_done_event     nrfx_uarte.o
    0x0002075a   0x0002075a   0x00000002   Code   RO           18    i.saadc_callback    main.o
    0x0002075c   0x0002075c   0x00000034   Code   RO           19    i.saadc_init        main.o
    0x00020790   0x00020790   0x00000024   Code   RO         1566    i.sc_send_pending_handle  gatt_cache_manager.o
    0x000207b4   0x000207b4   0x00000058   Code   RO         3238    i.sd_state_evt_handler  nrf_drv_clock.o
    0x0002080c   0x0002080c   0x00000030   Code   RO         7772    i.sdh_request_observer_notify  nrf_sdh.o
    0x0002083c   0x0002083c   0x0000002c   Code   RO         7773    i.sdh_state_observer_notify  nrf_sdh.o
    0x00020868   0x00020868   0x000000d8   Code   RO         2916    i.sec_info_request_process  security_dispatcher.o
    0x00020940   0x00020940   0x000000f4   Code   RO         2917    i.sec_keyset_fill   security_dispatcher.o
    0x00020a34   0x00020a34   0x00000060   Code   RO         2918    i.sec_proc_start    security_dispatcher.o
    0x00020a94   0x00020a94   0x0000005c   Code   RO         3058    i.sec_req_process   security_manager.o
    0x00020af0   0x00020af0   0x00000022   Code   RO         2919    i.send_config_req   security_dispatcher.o
    0x00020b12   0x00020b12   0x00000002   PAD
    0x00020b14   0x00020b14   0x00000010   Code   RO         1253    i.send_error_evt    ble_conn_params.o
    0x00020b24   0x00020b24   0x00000028   Code   RO         1567    i.send_unexpected_error  gatt_cache_manager.o
    0x00020b4c   0x00020b4c   0x00000028   Code   RO         2920    i.send_unexpected_error  security_dispatcher.o
    0x00020b74   0x00020b74   0x00000040   Code   RO         7050    i.serial_tx         nrf_log_backend_uart.o
    0x00020bb4   0x00020bb4   0x00000014   Code   RO         1568    i.service_changed_pending_flags_check  gatt_cache_manager.o
    0x00020bc8   0x00020bc8   0x00000094   Code   RO         1727    i.service_changed_pending_set  gatts_cache_manager.o
    0x00020c5c   0x00020c5c   0x00000168   Code   RO         1569    i.service_changed_send_in_evt  gatt_cache_manager.o
    0x00020dc4   0x00020dc4   0x0000002c   Code   RO         3059    i.sm_ble_evt_handler  security_manager.o
    0x00020df0   0x00020df0   0x000000a2   Code   RO         3061    i.sm_conn_sec_status_get  security_manager.o
    0x00020e92   0x00020e92   0x00000002   PAD
    0x00020e94   0x00020e94   0x00000044   Code   RO         3065    i.sm_pdb_evt_handler  security_manager.o
    0x00020ed8   0x00020ed8   0x00000028   Code   RO         3066    i.sm_sec_is_sufficient  security_manager.o
    0x00020f00   0x00020f00   0x0000002c   Code   RO         3069    i.sm_smd_evt_handler  security_manager.o
    0x00020f2c   0x00020f2c   0x000000f4   Code   RO         2921    i.smd_ble_evt_handler  security_dispatcher.o
    0x00021020   0x00021020   0x00000028   Code   RO         2924    i.smd_link_secure   security_dispatcher.o
    0x00021048   0x00021048   0x000000ac   Code   RO         2925    i.smd_params_reply  security_dispatcher.o
    0x000210f4   0x000210f4   0x00000040   Code   RO         3070    i.smd_params_reply_perform  security_manager.o
    0x00021134   0x00021134   0x00000018   Code   RO         3239    i.soc_evt_handler   nrf_drv_clock.o
    0x0002114c   0x0002114c   0x00000040   Code   RO         7774    i.softdevice_evt_irq_disable  nrf_sdh.o
    0x0002118c   0x0002118c   0x00000058   Code   RO         7775    i.softdevices_evt_irq_enable  nrf_sdh.o
    0x000211e4   0x000211e4   0x00000098   Code   RO         7181    i.std_n             nrf_log_frontend.o
    0x0002127c   0x0002127c   0x0000006c   Code   RO         1570    i.store_car_value   gatt_cache_manager.o
    0x000212e8   0x000212e8   0x00000038   Code   RO         5166    i.timer_req_schedule  app_timer2.o
    0x00021320   0x00021320   0x00000020   Code   RO         4088    i.tx_byte           nrfx_uart.o
    0x00021340   0x00021340   0x0000001a   Code   RO         4089    i.tx_done_event     nrfx_uart.o
    0x0002135a   0x0002135a   0x0000001a   Code   RO         4273    i.tx_done_event     nrfx_uarte.o
    0x00021374   0x00021374   0x00000030   Code   RO         3377    i.uart_evt_handler  nrf_drv_uart.o
    0x000213a4   0x000213a4   0x0000000c   Code   RO         7051    i.uart_evt_handler  nrf_log_backend_uart.o
    0x000213b0   0x000213b0   0x00000050   Code   RO         7052    i.uart_init         nrf_log_backend_uart.o
    0x00021400   0x00021400   0x0000012a   Code   RO         4090    i.uart_irq_handler  nrfx_uart.o
    0x0002152a   0x0002152a   0x00000002   PAD
    0x0002152c   0x0002152c   0x00000030   Code   RO         3378    i.uarte_evt_handler  nrf_drv_uart.o
    0x0002155c   0x0002155c   0x00000112   Code   RO         4274    i.uarte_irq_handler  nrfx_uarte.o
    0x0002166e   0x0002166e   0x00000002   PAD
    0x00021670   0x00021670   0x000000b4   Code   RO         6260    i.unsigned_print    nrf_fprintf_format.o
    0x00021724   0x00021724   0x00000030   Code   RO         1571    i.update_pending_flags_check  gatt_cache_manager.o
    0x00021754   0x00021754   0x00000018   Code   RO         1166    i.use_whitelist     ble_advertising.o
    0x0002176c   0x0002176c   0x0000000c   Code   RO         1341    i.user_flag_is_acquired  ble_conn_state.o
    0x00021778   0x00021778   0x00000024   Code   RO         2060    i.user_mem_reply    nrf_ble_qwr.o
    0x0002179c   0x0002179c   0x0000014c   Code   RO         2251    i.write_buf_store   peer_database.o
    0x000218e8   0x000218e8   0x00000034   Code   RO         2252    i.write_buffer_record_find  peer_database.o
    0x0002191c   0x0002191c   0x00000030   Code   RO         2253    i.write_buffer_record_find_next  peer_database.o
    0x0002194c   0x0002194c   0x0000001c   Code   RO         2254    i.write_buffer_record_invalidate  peer_database.o
    0x00021968   0x00021968   0x0000002c   Code   RO         2255    i.write_buffer_record_release  peer_database.o
    0x00021994   0x00021994   0x000000f4   Code   RO         5598    i.write_enqueue     fds.o
    0x00021a88   0x00021a88   0x000000f8   Code   RO         5599    i.write_execute     fds.o
    0x00021b80   0x00021b80   0x00000018   Code   RO         5600    i.write_space_free  fds.o
    0x00021b98   0x00021b98   0x00000060   Code   RO         5601    i.write_space_reserve  fds.o
    0x00021bf8   0x00021bf8   0x00000008   Data   RO           30    .constdata          main.o
    0x00021c00   0x00021c00   0x0000005c   Data   RO           31    .constdata          main.o
    0x00021c5c   0x00021c5c   0x00000008   Data   RO           32    .constdata          main.o
    0x00021c64   0x00021c64   0x0000006c   Data   RO         1572    .constdata          gatt_cache_manager.o
    0x00021cd0   0x00021cd0   0x00000004   Data   RO         1728    .constdata          gatts_cache_manager.o
    0x00021cd4   0x00021cd4   0x00000010   Data   RO         1729    .constdata          gatts_cache_manager.o
    0x00021ce4   0x00021ce4   0x00000004   Data   RO         1730    .constdata          gatts_cache_manager.o
    0x00021ce8   0x00021ce8   0x00000008   Data   RO         1837    .constdata          id_manager.o
    0x00021cf0   0x00021cf0   0x0000000e   Data   RO         1990    .constdata          nrf_ble_gatt.o
    0x00021cfe   0x00021cfe   0x00000002   PAD
    0x00021d00   0x00021d00   0x00000018   Data   RO         2117    .constdata          peer_data_storage.o
    0x00021d18   0x00021d18   0x00000010   Data   RO         2257    .constdata          peer_database.o
    0x00021d28   0x00021d28   0x00000078   Data   RO         2927    .constdata          security_dispatcher.o
    0x00021da0   0x00021da0   0x00000008   Data   RO         3071    .constdata          security_manager.o
    0x00021da8   0x00021da8   0x00000004   Data   RO         3753    .constdata          nrfx_gpiote.o
    0x00021dac   0x00021dac   0x00000004   Data   RO         4093    .constdata          nrfx_uart.o
    0x00021db0   0x00021db0   0x00000004   Data   RO         4277    .constdata          nrfx_uarte.o
    0x00021db4   0x00021db4   0x0000000c   PAD
    0x00021dc0   0x00021dc0   0x00000006   Data   RO         4586    .constdata          nrfx_saadc.o
    0x00021dc6   0x00021dc6   0x00000002   PAD
    0x00021dc8   0x00021dc8   0x00000014   Data   RO         5169    .constdata          app_timer2.o
    0x00021ddc   0x00021ddc   0x00000018   Data   RO         5604    .constdata          fds.o
    0x00021df4   0x00021df4   0x00000010   Data   RO         6261    .constdata          nrf_fprintf_format.o
    0x00021e04   0x00021e04   0x0000005e   Data   RO         6307    .constdata          nrf_fstorage.o
    0x00021e62   0x00021e62   0x00000002   PAD
    0x00021e64   0x00021e64   0x00000010   Data   RO         6401    .constdata          nrf_fstorage_sd.o
    0x00021e74   0x00021e74   0x0000013c   Data   RO         6793    .constdata          nrf_strerror.o
    0x00021fb0   0x00021fb0   0x0000000c   Data   RO         6869    .constdata          app_pwm.o
    0x00021fbc   0x00021fbc   0x0000000c   Data   RO         7054    .constdata          nrf_log_backend_uart.o
    0x00021fc8   0x00021fc8   0x00000020   Data   RO         7055    .constdata          nrf_log_backend_uart.o
    0x00021fe8   0x00021fe8   0x00000010   Data   RO         7776    .constdata          nrf_sdh.o
    0x00021ff8   0x00021ff8   0x00000028   Data   RO         7777    .constdata          nrf_sdh.o
    0x00022020   0x00022020   0x00000010   Data   RO         7778    .constdata          nrf_sdh.o
    0x00022030   0x00022030   0x00000010   Data   RO         7779    .constdata          nrf_sdh.o
    0x00022040   0x00022040   0x00000020   Data   RO         7887    .constdata          nrf_sdh_ble.o
    0x00022060   0x00022060   0x00000010   Data   RO         7888    .constdata          nrf_sdh_ble.o
    0x00022070   0x00022070   0x00000010   Data   RO         7938    .constdata          nrf_sdh_soc.o
    0x00022080   0x00022080   0x0000000c   Data   RO         7939    .constdata          nrf_sdh_soc.o
    0x0002208c   0x0002208c   0x00000081   Data   RO         8083    .constdata          mc_w.l(ctype_o.o)
    0x0002210d   0x0002210d   0x00000003   PAD
    0x00022110   0x00022110   0x00000004   Data   RO         8084    .constdata          mc_w.l(ctype_o.o)
    0x00022114   0x00022114   0x00000134   Data   RO         1573    .conststring        gatt_cache_manager.o
    0x00022248   0x00022248   0x0000019c   Data   RO         1731    .conststring        gatts_cache_manager.o
    0x000223e4   0x000223e4   0x000000a4   Data   RO         2118    .conststring        peer_data_storage.o
    0x00022488   0x00022488   0x00000180   Data   RO         2258    .conststring        peer_database.o
    0x00022608   0x00022608   0x00000048   Data   RO         2498    .conststring        peer_manager.o
    0x00022650   0x00022650   0x000002b2   Data   RO         2928    .conststring        security_dispatcher.o
    0x00022902   0x00022902   0x00000002   PAD
    0x00022904   0x00022904   0x0000017b   Data   RO         3072    .conststring        security_manager.o
    0x00022a7f   0x00022a7f   0x00000001   PAD
    0x00022a80   0x00022a80   0x0000004f   Data   RO         6308    .conststring        nrf_fstorage.o
    0x00022acf   0x00022acf   0x00000001   PAD
    0x00022ad0   0x00022ad0   0x000003eb   Data   RO         6794    .conststring        nrf_strerror.o
    0x00022ebb   0x00022ebb   0x00000001   PAD
    0x00022ebc   0x00022ebc   0x00000066   Data   RO         7353    .conststring        nrf_log_str_formatter.o
    0x00022f22   0x00022f22   0x00000002   PAD
    0x00022f24   0x00022f24   0x00000011   Data   RO         1574    .conststrlit        gatt_cache_manager.o
    0x00022f35   0x00022f35   0x00000003   PAD
    0x00022f38   0x00022f38   0x00000012   Data   RO         1732    .conststrlit        gatts_cache_manager.o
    0x00022f4a   0x00022f4a   0x00000002   PAD
    0x00022f4c   0x00022f4c   0x00000010   Data   RO         1839    .conststrlit        id_manager.o
    0x00022f5c   0x00022f5c   0x0000000d   Data   RO         1991    .conststrlit        nrf_ble_gatt.o
    0x00022f69   0x00022f69   0x00000003   PAD
    0x00022f6c   0x00022f6c   0x00000011   Data   RO         2119    .conststrlit        peer_data_storage.o
    0x00022f7d   0x00022f7d   0x00000003   PAD
    0x00022f80   0x00022f80   0x00000011   Data   RO         2259    .conststrlit        peer_database.o
    0x00022f91   0x00022f91   0x00000003   PAD
    0x00022f94   0x00022f94   0x0000000d   Data   RO         2499    .conststrlit        peer_manager.o
    0x00022fa1   0x00022fa1   0x00000003   PAD
    0x00022fa4   0x00022fa4   0x00000015   Data   RO         2779    .conststrlit        peer_manager_handler.o
    0x00022fb9   0x00022fb9   0x00000003   PAD
    0x00022fbc   0x00022fbc   0x00000011   Data   RO         2929    .conststrlit        security_dispatcher.o
    0x00022fcd   0x00022fcd   0x00000003   PAD
    0x00022fd0   0x00022fd0   0x00000010   Data   RO         3073    .conststrlit        security_manager.o
    0x00022fe0   0x00022fe0   0x00000006   Data   RO         3245    .conststrlit        nrf_drv_clock.o
    0x00022fe6   0x00022fe6   0x00000002   PAD
    0x00022fe8   0x00022fe8   0x00000006   Data   RO         3584    .conststrlit        nrfx_clock.o
    0x00022fee   0x00022fee   0x00000002   PAD
    0x00022ff0   0x00022ff0   0x00000007   Data   RO         3757    .conststrlit        nrfx_gpiote.o
    0x00022ff7   0x00022ff7   0x00000001   PAD
    0x00022ff8   0x00022ff8   0x00000004   Data   RO         4016    .conststrlit        nrfx_prs.o
    0x00022ffc   0x00022ffc   0x00000005   Data   RO         4096    .conststrlit        nrfx_uart.o
    0x00023001   0x00023001   0x00000003   PAD
    0x00023004   0x00023004   0x00000006   Data   RO         4280    .conststrlit        nrfx_uarte.o
    0x0002300a   0x0002300a   0x00000002   PAD
    0x0002300c   0x0002300c   0x00000004   Data   RO         4444    .conststrlit        nrfx_ppi.o
    0x00023010   0x00023010   0x00000006   Data   RO         4594    .conststrlit        nrfx_saadc.o
    0x00023016   0x00023016   0x00000002   PAD
    0x00023018   0x00023018   0x00000006   Data   RO         4739    .conststrlit        nrfx_timer.o
    0x0002301e   0x0002301e   0x00000002   PAD
    0x00023020   0x00023020   0x0000000b   Data   RO         4912    .conststrlit        app_button.o
    0x0002302b   0x0002302b   0x00000001   PAD
    0x0002302c   0x0002302c   0x0000000a   Data   RO         5170    .conststrlit        app_timer2.o
    0x00023036   0x00023036   0x00000002   PAD
    0x00023038   0x00023038   0x0000000d   Data   RO         6309    .conststrlit        nrf_fstorage.o
    0x00023045   0x00023045   0x00000003   PAD
    0x00023048   0x00023048   0x00000009   Data   RO         6582    .conststrlit        nrf_pwr_mgmt.o
    0x00023051   0x00023051   0x00000003   PAD
    0x00023054   0x00023054   0x00000009   Data   RO         6740    .conststrlit        nrf_sortlist.o
    0x0002305d   0x0002305d   0x00000003   PAD
    0x00023060   0x00023060   0x00000011   Data   RO         7120    .conststrlit        nrf_log_default_backends.o
    0x00023071   0x00023071   0x00000003   PAD
    0x00023074   0x00023074   0x00000004   Data   RO         7187    .conststrlit        nrf_log_frontend.o
    0x00023078   0x00023078   0x00000008   Data   RO         7780    .conststrlit        nrf_sdh.o
    0x00023080   0x00023080   0x0000000c   Data   RO         7890    .conststrlit        nrf_sdh_ble.o
    0x0002308c   0x0002308c   0x0000000c   Data   RO         7940    .conststrlit        nrf_sdh_soc.o
    0x00023098   0x00023098   0x00000020   Data   RO         8181    Region$$Table       anon$$obj.o
    0x000230b8   0x000230b8   0x00000010   Data   RO         7122    log_backends        nrf_log_default_backends.o
    0x000230c8   0x000230c8   0x00000008   Data   RO         1576    log_const_data      gatt_cache_manager.o
    0x000230d0   0x000230d0   0x00000008   Data   RO         1734    log_const_data      gatts_cache_manager.o
    0x000230d8   0x000230d8   0x00000008   Data   RO         1841    log_const_data      id_manager.o
    0x000230e0   0x000230e0   0x00000008   Data   RO         1992    log_const_data      nrf_ble_gatt.o
    0x000230e8   0x000230e8   0x00000008   Data   RO         2121    log_const_data      peer_data_storage.o
    0x000230f0   0x000230f0   0x00000008   Data   RO         2261    log_const_data      peer_database.o
    0x000230f8   0x000230f8   0x00000008   Data   RO         2501    log_const_data      peer_manager.o
    0x00023100   0x00023100   0x00000008   Data   RO         2782    log_const_data      peer_manager_handler.o
    0x00023108   0x00023108   0x00000008   Data   RO         2931    log_const_data      security_dispatcher.o
    0x00023110   0x00023110   0x00000008   Data   RO         3075    log_const_data      security_manager.o
    0x00023118   0x00023118   0x00000008   Data   RO         3246    log_const_data      nrf_drv_clock.o
    0x00023120   0x00023120   0x00000008   Data   RO         3586    log_const_data      nrfx_clock.o
    0x00023128   0x00023128   0x00000008   Data   RO         3758    log_const_data      nrfx_gpiote.o
    0x00023130   0x00023130   0x00000008   Data   RO         4018    log_const_data      nrfx_prs.o
    0x00023138   0x00023138   0x00000008   Data   RO         4097    log_const_data      nrfx_uart.o
    0x00023140   0x00023140   0x00000008   Data   RO         4281    log_const_data      nrfx_uarte.o
    0x00023148   0x00023148   0x00000008   Data   RO         4446    log_const_data      nrfx_ppi.o
    0x00023150   0x00023150   0x00000008   Data   RO         4595    log_const_data      nrfx_saadc.o
    0x00023158   0x00023158   0x00000008   Data   RO         4740    log_const_data      nrfx_timer.o
    0x00023160   0x00023160   0x00000008   Data   RO         4915    log_const_data      app_button.o
    0x00023168   0x00023168   0x00000008   Data   RO         5173    log_const_data      app_timer2.o
    0x00023170   0x00023170   0x00000008   Data   RO         6310    log_const_data      nrf_fstorage.o
    0x00023178   0x00023178   0x00000008   Data   RO         6584    log_const_data      nrf_pwr_mgmt.o
    0x00023180   0x00023180   0x00000008   Data   RO         6741    log_const_data      nrf_sortlist.o
    0x00023188   0x00023188   0x00000008   Data   RO         7191    log_const_data      nrf_log_frontend.o
    0x00023190   0x00023190   0x00000008   Data   RO         7782    log_const_data      nrf_sdh.o
    0x00023198   0x00023198   0x00000008   Data   RO         7892    log_const_data      nrf_sdh_ble.o
    0x000231a0   0x000231a0   0x00000008   Data   RO         7941    log_const_data      nrf_sdh_soc.o
    0x000231a8   0x000231a8   0x00000014   Data   RO         7192    nrf_balloc          nrf_log_frontend.o
    0x000231bc   0x000231bc   0x00000008   Data   RO         1343    sdh_ble_observers0  ble_conn_state.o
    0x000231c4   0x000231c4   0x00000010   Data   RO           37    sdh_ble_observers1  main.o
    0x000231d4   0x000231d4   0x00000008   Data   RO          925    sdh_ble_observers1  bsp_btn_ble.o
    0x000231dc   0x000231dc   0x00000008   Data   RO         1257    sdh_ble_observers1  ble_conn_params.o
    0x000231e4   0x000231e4   0x00000008   Data   RO         2502    sdh_ble_observers1  peer_manager.o
    0x000231ec   0x000231ec   0x00000010   Data   RO           38    sdh_ble_observers2  main.o
    0x000231fc   0x000231fc   0x00000008   Data   RO         6404    sdh_req_observers0  nrf_fstorage_sd.o
    0x00023204   0x00023204   0x00000008   Data   RO         3247    sdh_soc_observers0  nrf_drv_clock.o
    0x0002320c   0x0002320c   0x00000008   Data   RO         6405    sdh_soc_observers0  nrf_fstorage_sd.o
    0x00023214   0x00023214   0x00000008   Data   RO         7893    sdh_stack_observers0  nrf_sdh_ble.o
    0x0002321c   0x0002321c   0x00000008   Data   RO         7942    sdh_stack_observers0  nrf_sdh_soc.o
    0x00023224   0x00023224   0x00000008   Data   RO         3248    sdh_state_observers0  nrf_drv_clock.o
    0x0002322c   0x0002322c   0x00000008   Data   RO         6406    sdh_state_observers0  nrf_fstorage_sd.o


    Execution Region RW_IRAM1 (Exec base: 0x200022c8, Load base: 0x00023234, Size: 0x00001710, Max: 0x00003d38, ABSOLUTE, COMPRESSED[0x00000070])

    Exec Addr    Load Addr    Size         Type   Attr      Idx    E Section Name        Object

    0x200022c8   COMPRESSED   0x0000001c   Data   RW           35    .data               main.o
    0x200022e4   COMPRESSED   0x00000008   Data   RW          924    .data               bsp_btn_ble.o
    0x200022ec   COMPRESSED   0x00000008   Data   RW         1256    .data               ble_conn_params.o
    0x200022f4   COMPRESSED   0x00000010   Data   RW         1575    .data               gatt_cache_manager.o
    0x20002304   COMPRESSED   0x0000000c   Data   RW         1733    .data               gatts_cache_manager.o
    0x20002310   COMPRESSED   0x0000000c   Data   RW         2120    .data               peer_data_storage.o
    0x2000231c   COMPRESSED   0x00000008   Data   RW         2260    .data               peer_database.o
    0x20002324   COMPRESSED   0x00000010   Data   RW         2500    .data               peer_manager.o
    0x20002334   COMPRESSED   0x00000005   Data   RW         2930    .data               security_dispatcher.o
    0x20002339   COMPRESSED   0x00000003   PAD
    0x2000233c   COMPRESSED   0x00000015   Data   RW         3074    .data               security_manager.o
    0x20002351   COMPRESSED   0x00000003   PAD
    0x20002354   COMPRESSED   0x0000000c   Data   RW         3379    .data               nrf_drv_uart.o
    0x20002360   COMPRESSED   0x00000008   Data   RW         3585    .data               nrfx_clock.o
    0x20002368   COMPRESSED   0x00000008   Data   RW         4017    .data               nrfx_prs.o
    0x20002370   COMPRESSED   0x00000008   Data   RW         4445    .data               nrfx_ppi.o
    0x20002378   COMPRESSED   0x00000001   Data   RW         4866    .data               nrf_drv_ppi.o
    0x20002379   COMPRESSED   0x00000007   PAD
    0x20002380   COMPRESSED   0x00000020   Data   RW         5171    .data               app_timer2.o
    0x200023a0   COMPRESSED   0x00000004   Data   RW         5172    .data               app_timer2.o
    0x200023a4   COMPRESSED   0x0000000c   Data   RW         5407    .data               drv_rtc.o
    0x200023b0   COMPRESSED   0x00000030   Data   RW         5605    .data               fds.o
    0x200023e0   COMPRESSED   0x00000008   Data   RW         6403    .data               nrf_fstorage_sd.o
    0x200023e8   COMPRESSED   0x0000000a   Data   RW         6870    .data               app_pwm.o
    0x200023f2   COMPRESSED   0x00000002   PAD
    0x200023f4   COMPRESSED   0x00000018   Data   RW         7056    .data               nrf_log_backend_uart.o
    0x2000240c   COMPRESSED   0x00000008   Data   RW         7121    .data               nrf_log_default_backends.o
    0x20002414   COMPRESSED   0x00000004   Data   RW         7188    .data               nrf_log_frontend.o
    0x20002418   COMPRESSED   0x00000008   Data   RW         7189    .data               nrf_log_frontend.o
    0x20002420   COMPRESSED   0x00000008   Data   RW         7190    .data               nrf_log_frontend.o
    0x20002428   COMPRESSED   0x00000040   Data   RW         7354    .data               nrf_log_str_formatter.o
    0x20002468   COMPRESSED   0x00000003   Data   RW         7781    .data               nrf_sdh.o
    0x2000246b   COMPRESSED   0x00000001   Data   RW         7891    .data               nrf_sdh_ble.o
    0x2000246c   COMPRESSED   0x00000004   Data   RW         7988    .data               system_nrf52.o
    0x20002470   COMPRESSED   0x00000014   Data   RW           36    fs_data             main.o
    0x20002484   COMPRESSED   0x00000014   Data   RW         5606    fs_data             fds.o
    0x20002498        -       0x00000020   Zero   RW           21    .bss                main.o
    0x200024b8        -       0x00000010   Zero   RW           22    .bss                main.o
    0x200024c8        -       0x0000000c   Zero   RW           23    .bss                main.o
    0x200024d4        -       0x000000f8   Zero   RW           24    .bss                main.o
    0x200025cc        -       0x00000024   Zero   RW           25    .bss                main.o
    0x200025f0        -       0x00000024   Zero   RW           26    .bss                main.o
    0x20002614        -       0x0000000c   Zero   RW          818    .bss                bsp.o
    0x20002620        -       0x00000050   Zero   RW         1255    .bss                ble_conn_params.o
    0x20002670        -       0x0000007c   Zero   RW         1342    .bss                ble_conn_state.o
    0x200026ec        -       0x000000d8   Zero   RW         1836    .bss                id_manager.o
    0x200027c4        -       0x00000180   Zero   RW         2256    .bss                peer_database.o
    0x20002944        -       0x00000040   Zero   RW         2372    .bss                peer_id.o
    0x20002984        -       0x0000000c   Zero   RW         2496    .bss                peer_manager.o
    0x20002990        -       0x00000040   Zero   RW         2926    .bss                security_dispatcher.o
    0x200029d0        -       0x00000014   Zero   RW         3240    .bss                nrf_drv_clock.o
    0x200029e4        -       0x0000005c   Zero   RW         3752    .bss                nrfx_gpiote.o
    0x20002a40        -       0x0000002c   Zero   RW         4091    .bss                nrfx_uart.o
    0x20002a6c        -       0x00000024   Zero   RW         4275    .bss                nrfx_uarte.o
    0x20002a90        -       0x00000030   Zero   RW         4585    .bss                nrfx_saadc.o
    0x20002ac0        -       0x00000024   Zero   RW         4737    .bss                nrfx_timer.o
    0x20002ae4        -       0x00000010   Zero   RW         5167    .bss                app_timer2.o
    0x20002af4        -       0x0000000c   Zero   RW         5294    .bss                app_util_platform.o
    0x20002b00        -       0x00000010   Zero   RW         5602    .bss                fds.o
    0x20002b10        -       0x000000e0   Zero   RW         5603    .bss                fds.o
    0x20002bf0        -       0x00000010   Zero   RW         6399    .bss                nrf_fstorage_sd.o
    0x20002c00        -       0x000000a0   Zero   RW         6400    .bss                nrf_fstorage_sd.o
    0x20002ca0        -       0x00000018   Zero   RW         6868    .bss                app_pwm.o
    0x20002cb8        -       0x00000040   Zero   RW         7053    .bss                nrf_log_backend_uart.o
    0x20002cf8        -       0x000000c0   Zero   RW         7182    .bss                nrf_log_frontend.o
    0x20002db8        -       0x00000420   Zero   RW         7185    .bss                nrf_log_frontend.o
    0x200031d8        -       0x00000800   Zero   RW         7969    STACK               arm_startup_nrf52810.o


==============================================================================

Image component sizes


      Code (inc. data)   RO Data    RW Data    ZI Data      Debug   Object Name

         0          0         19          0          0       1931   app_button.o
        22          0          0          0          0       2549   app_error.o
       132         46          0          0          0      34129   app_error_weak.o
      1400         74         12         10         24      33433   app_pwm.o
         0          0          0          0          0      37202   app_scheduler.o
       284         16         38         36         16      10309   app_timer2.o
       124         14          0          0         12      10698   app_util_platform.o
        84         22        512          0       2048        984   arm_startup_nrf52810.o
       102          0          0          0          0      43879   ble_advdata.o
       702          6          0          0          0       7533   ble_advertising.o
       428         24          8          8         80       7360   ble_conn_params.o
       712         52          8          0        124      14982   ble_conn_state.o
        46          0          0          0          0       1701   ble_lbs.o
         8          0          0          0          0       1502   ble_srv_common.o
        68          4          0          0         12       7504   bsp.o
       182          6          8          8          0       8164   bsp_btn_ble.o
        54          4          0         12          0      36588   drv_rtc.o
      2784        254         24         68        240      41392   fds.o
      2012        534        441         16          0      33324   gatt_cache_manager.o
       822        134        462         12          0      16519   gatts_cache_manager.o
       946         34         32          0        216      17208   id_manager.o
        28          6          0          0          0       4630   led.o
       680         98        140         48        380     210941   main.o
       288          0          0          0          0       5077   nrf_atfifo.o
       170          0          0          0          0       4852   nrf_atflags.o
       326          0          0          0          0       9490   nrf_atomic.o
       116          0          0          0          0       2886   nrf_balloc.o
       574        186         35          0          0       6963   nrf_ble_gatt.o
       218          0          0          0          0       3149   nrf_ble_qwr.o
       312         36         30          0         20      43896   nrf_drv_clock.o
        24          6          0          1          0       1011   nrf_drv_ppi.o
       200         26          0         12          0      18164   nrf_drv_uart.o
        50          0          0          0          0       3625   nrf_fprintf.o
       866          4         16          0          0       6602   nrf_fprintf_format.o
       824        358        194          0          0       8128   nrf_fstorage.o
       484         42         40          8        176       9639   nrf_fstorage_sd.o
       194          0          0          0          0      11781   nrf_log_backend_serial.o
       226         44         44         24         64      15478   nrf_log_backend_uart.o
         0          0         33          8          0       2621   nrf_log_default_backends.o
      1366        110         32         20       1248      29361   nrf_log_frontend.o
       570        108        102         64          0       5756   nrf_log_str_formatter.o
       342          0          0          0          0       8948   nrf_memobj.o
         0          0         17          0          0       2780   nrf_pwr_mgmt.o
         0          0          0          0          0       1136   nrf_ringbuf.o
       560         60        104          3          0      45411   nrf_sdh.o
        92         10         76          1          0       3386   nrf_sdh_ble.o
        60          4         56          0          0       2564   nrf_sdh_soc.o
        78          0          0          0          0       2832   nrf_section_iter.o
         0          0         17          0          0       1157   nrf_sortlist.o
        76         10       1319          0          0       2839   nrf_strerror.o
       242         32         14          8          0      47264   nrfx_clock.o
      1342        136         19          0         92      70300   nrfx_gpiote.o
       402         34         12          8          0      13936   nrfx_ppi.o
       112         16         12          8          0       4584   nrfx_prs.o
       928         70         20          0         48      19402   nrfx_saadc.o
       640         50         14          0         36      20460   nrfx_timer.o
      1310         42         17          0         44      30837   nrfx_uart.o
      1312         42         18          0         36      26231   nrfx_uarte.o
         0          0          0          0          0        524   oled.o
       708         48        213         12          0      15731   peer_data_storage.o
      1290        206        425          8        384      19602   peer_database.o
       302         34          0          0         64       8604   peer_id.o
       758         36        101         16         12      12674   peer_manager.o
         0          0         29          0          0       2568   peer_manager_handler.o
       198          0          0          0          0       4538   pm_buffer.o
      1822        252        835          5         64      25876   security_dispatcher.o
      1086        100        411         21          0      47059   security_manager.o
       956        108          0          4          0      35593   system_nrf52.o

    ----------------------------------------------------------------------
     33108       3538       6068        464       5440    1249777   Object Totals
         0          0         32          0          0          0   (incl. Generated)
        64          0         77         15          0          0   (incl. Padding)

    ----------------------------------------------------------------------

      Code (inc. data)   RO Data    RW Data    ZI Data      Debug   Library Member Name

        86          0          0          0          0          0   __dczerorl2.o
         8          4        133          0          0         68   ctype_o.o
         0          0          0          0          0          0   entry.o
         0          0          0          0          0          0   entry10a.o
         0          0          0          0          0          0   entry11a.o
         4          0          0          0          0          0   entry12b.o
         8          4          0          0          0          0   entry2.o
         4          0          0          0          0          0   entry5.o
         0          0          0          0          0          0   entry7b.o
         0          0          0          0          0          0   entry8b.o
         8          4          0          0          0          0   entry9a.o
        30          0          0          0          0          0   handlers.o
        36          8          0          0          0         68   init.o
         0          0          0          0          0          0   iusefp.o
        30          0          0          0          0         68   llshl.o
        36          0          0          0          0         68   llsshr.o
        32          0          0          0          0         68   llushr.o
        26          0          0          0          0         80   memcmp.o
        36          0          0          0          0         68   memcpya.o
        36          0          0          0          0        108   memseta.o
        14          0          0          0          0         68   strlen.o
        20          0          0          0          0         68   cfcmple.o
        20          0          0          0          0         68   cfrcmple.o
        56          0          0          0          0         88   d2f.o
       334          0          0          0          0        148   dadd.o
       222          0          0          0          0        100   ddiv.o
       186          0          0          0          0        176   depilogue.o
        50          0          0          0          0         76   dfixui.o
        34          0          0          0          0         76   dflti.o
        26          0          0          0          0         76   dfltui.o
       228          0          0          0          0         96   dmul.o
        46          0          0          0          0         80   dscalb.o
        38          0          0          0          0         68   f2d.o
       176          0          0          0          0        140   fadd.o
       124          0          0          0          0         88   fdiv.o
       110          0          0          0          0        168   fepilogue.o
        40          0          0          0          0         68   ffixui.o
       100          0          0          0          0         76   fmul.o

    ----------------------------------------------------------------------
      2212         20        136          0          0       2324   Library Totals
         8          0          3          0          0          0   (incl. Padding)

    ----------------------------------------------------------------------

      Code (inc. data)   RO Data    RW Data    ZI Data      Debug   Library Name

       394         20        133          0          0        664   mc_w.l
      1810          0          0          0          0       1660   mf_w.l

    ----------------------------------------------------------------------
      2212         20        136          0          0       2324   Library Totals

    ----------------------------------------------------------------------

==============================================================================


      Code (inc. data)   RO Data    RW Data    ZI Data      Debug   

     35320       3558       6204        464       5440    1227945   Grand Totals
     35320       3558       6204        112       5440    1227945   ELF Image Totals (compressed)
     35320       3558       6204        112          0          0   ROM Totals

==============================================================================

    Total RO  Size (Code + RO Data)                41524 (  40.55kB)
    Total RW  Size (RW Data + ZI Data)              5904 (   5.77kB)
    Total ROM Size (Code + RO Data + RW Data)      41636 (  40.66kB)

==============================================================================

